### carry u_core/u_fabric/r1563 u_core/u_fabric/u_clb_x11y2/cy[1] NOPATH
### carry u_core/u_fabric/u_clb_x1y9/cy[3] u_core/u_fabric/r4704 NOPATH
### carry u_core/u_fabric/r1168 u_core/u_fabric/u_clb_x11y1/cy[1] NOPATH
### carry u_core/u_fabric/u_clb_x7y4/cy[2] u_core/u_fabric/u_clb_x7y4/cy[3] NOPATH
### carry u_core/u_fabric/r1477 u_core/u_fabric/u_clb_x9y2/cy[1] NOPATH
### carry u_core/u_fabric/u_clb_x1y8/cy[1] u_core/u_fabric/u_clb_x1y8/cy[2] NOPATH
### carry u_core/u_fabric/u_clb_x5y7/cy[2] u_core/u_fabric/u_clb_x5y7/cy[3] NOPATH
### carry u_core/u_fabric/u_clb_x9y7/cy[1] u_core/u_fabric/u_clb_x9y7/cy[2] NOPATH
### carry u_core/u_fabric/u_clb_x5y6/cy[2] u_core/u_fabric/u_clb_x5y6/cy[3] NOPATH
### carry u_core/u_fabric/u_clb_x11y3/cy[3] u_core/u_fabric/r1938 NOPATH
### carry u_core/u_fabric/r1348 u_core/u_fabric/u_clb_x5y2/cy[1] NOPATH
### carry u_core/u_fabric/u_clb_x11y7/cy[1] u_core/u_fabric/u_clb_x11y7/cy[2] NOPATH
### carry u_core/u_fabric/u_clb_x5y1/cy[2] u_core/u_fabric/u_clb_x5y1/cy[3] NOPATH
### carry u_core/u_fabric/u_clb_x6y6/cy[3] u_core/u_fabric/r3691 NOPATH
### carry u_core/u_fabric/u_clb_x2y7/cy[1] u_core/u_fabric/u_clb_x2y7/cy[2] NOPATH
### carry u_core/u_fabric/u_clb_x1y1/cy[1] u_core/u_fabric/u_clb_x1y1/cy[2] NOPATH
### carry u_core/u_fabric/r4063 u_core/u_fabric/u_clb_x5y7/cy[1] NOPATH
### carry u_core/u_fabric/r2310 u_core/u_fabric/u_clb_x10y4/cy[1] NOPATH
### carry u_core/u_fabric/u_clb_x4y4/cy[1] u_core/u_fabric/u_clb_x4y4/cy[2] NOPATH
### carry u_core/u_fabric/u_clb_x5y9/cy[2] u_core/u_fabric/u_clb_x5y9/cy[3] NOPATH
### carry u_core/u_fabric/r1391 u_core/u_fabric/u_clb_x6y2/cy[1] NOPATH
### carry u_core/u_fabric/u_clb_x6y5/cy[2] u_core/u_fabric/u_clb_x6y5/cy[3] NOPATH
### carry u_core/u_fabric/u_clb_x5y1/cy[3] u_core/u_fabric/r395 NOPATH
### carry u_core/u_fabric/u_clb_x4y1/cy[3] u_core/u_fabric/r352 NOPATH
### carry u_core/u_fabric/u_clb_x5y1/cy[1] u_core/u_fabric/u_clb_x5y1/cy[2] NOPATH
### carry u_core/u_fabric/u_clb_x9y8/cy[1] u_core/u_fabric/u_clb_x9y8/cy[2] NOPATH
### carry u_core/u_fabric/r127 u_core/u_fabric/u_clb_x2y1/cy[1] NOPATH
### carry u_core/u_fabric/u_clb_x5y6/cy[3] u_core/u_fabric/r3648 NOPATH
### carry u_core/u_fabric/u_clb_x1y4/cy[2] u_core/u_fabric/u_clb_x1y4/cy[3] NOPATH
### carry u_core/u_fabric/r3934 u_core/u_fabric/u_clb_x1y7/cy[1] NOPATH
### carry u_core/u_fabric/u_clb_x7y9/cy[3] u_core/u_fabric/r4919 NOPATH
### carry u_core/u_fabric/u_clb_x6y8/cy[2] u_core/u_fabric/u_clb_x6y8/cy[3] NOPATH
### carry u_core/u_fabric/u_clb_x2y4/cy[1] u_core/u_fabric/u_clb_x2y4/cy[2] NOPATH
### carry u_core/u_fabric/r4020 u_core/u_fabric/u_clb_x4y7/cy[1] NOPATH
### carry u_core/u_fabric/u_clb_x10y9/cy[2] u_core/u_fabric/u_clb_x10y9/cy[3] NOPATH
### carry u_core/u_fabric/u_clb_x10y8/cy[3] u_core/u_fabric/r4610 NOPATH
### carry u_core/u_fabric/u_clb_x4y4/cy[3] u_core/u_fabric/r2075 NOPATH
### carry u_core/u_fabric/r3488 u_core/u_fabric/u_clb_x11y5/cy[1] NOPATH
### carry u_core/u_fabric/u_clb_x4y4/cy[2] u_core/u_fabric/u_clb_x4y4/cy[3] NOPATH
### carry u_core/u_fabric/r2052 u_core/u_fabric/u_clb_x2y4/cy[1] NOPATH
### carry u_core/u_fabric/u_clb_x6y7/cy[3] u_core/u_fabric/r4086 NOPATH
### carry u_core/u_fabric/r2447 u_core/u_fabric/u_clb_x2y5/cy[1] NOPATH
### carry u_core/u_fabric/r4853 u_core/u_fabric/u_clb_x5y9/cy[1] NOPATH
### carry u_core/u_fabric/u_clb_x11y6/cy[1] u_core/u_fabric/u_clb_x11y6/cy[2] NOPATH
### carry u_core/u_fabric/u_clb_x5y2/cy[3] u_core/u_fabric/r1328 NOPATH
### carry u_core/u_fabric/u_clb_x7y3/cy[3] u_core/u_fabric/r1809 NOPATH
### carry u_core/u_fabric/u_clb_x2y5/cy[3] u_core/u_fabric/r2427 NOPATH
### carry u_core/u_fabric/u_clb_x9y2/cy[1] u_core/u_fabric/u_clb_x9y2/cy[2] NOPATH
### carry u_core/u_fabric/u_clb_x9y5/cy[2] u_core/u_fabric/u_clb_x9y5/cy[3] NOPATH
### carry u_core/u_fabric/r4372 u_core/u_fabric/u_clb_x2y8/cy[1] NOPATH
### carry u_core/u_fabric/u_clb_x2y9/cy[2] u_core/u_fabric/u_clb_x2y9/cy[3] NOPATH
### carry u_core/u_fabric/u_clb_x2y8/cy[3] u_core/u_fabric/r4352 NOPATH
### carry u_core/u_fabric/u_clb_x9y3/cy[1] u_core/u_fabric/u_clb_x9y3/cy[2] NOPATH
### carry u_core/u_fabric/u_clb_x4y5/cy[3] u_core/u_fabric/r2672 NOPATH
### carry u_core/u_fabric/u_clb_x1y5/cy[1] u_core/u_fabric/u_clb_x1y5/cy[2] NOPATH
### carry u_core/u_fabric/u_clb_x1y8/cy[3] u_core/u_fabric/r4309 NOPATH
### carry u_core/u_fabric/u_clb_x2y8/cy[2] u_core/u_fabric/u_clb_x2y8/cy[3] NOPATH
### carry u_core/u_fabric/u_clb_x7y6/cy[1] u_core/u_fabric/u_clb_x7y6/cy[2] NOPATH
### carry u_core/u_fabric/u_clb_x6y1/cy[1] u_core/u_fabric/u_clb_x6y1/cy[2] NOPATH
### carry u_core/u_fabric/u_clb_x10y7/cy[1] u_core/u_fabric/u_clb_x10y7/cy[2] NOPATH
### carry u_core/u_fabric/r2181 u_core/u_fabric/u_clb_x6y4/cy[1] NOPATH
### carry u_core/u_fabric/u_clb_x9y6/cy[2] u_core/u_fabric/u_clb_x9y6/cy[3] NOPATH
### carry u_core/u_fabric/r3883 u_core/u_fabric/u_clb_x11y6/cy[1] NOPATH
### carry u_core/u_fabric/r1786 u_core/u_fabric/u_clb_x6y3/cy[1] NOPATH
### carry u_core/u_fabric/u_clb_x2y6/cy[3] u_core/u_fabric/r3562 NOPATH
### carry u_core/u_fabric/u_clb_x4y6/cy[3] u_core/u_fabric/r3605 NOPATH
### carry u_core/u_fabric/r1305 u_core/u_fabric/u_clb_x4y2/cy[1] NOPATH
### carry u_core/u_fabric/u_clb_x1y9/cy[2] u_core/u_fabric/u_clb_x1y9/cy[3] NOPATH
### carry u_core/u_fabric/u_clb_x6y2/cy[3] u_core/u_fabric/r1371 NOPATH
### carry u_core/u_fabric/u_clb_x7y9/cy[2] u_core/u_fabric/u_clb_x7y9/cy[3] NOPATH
### carry u_core/u_fabric/u_clb_x2y2/cy[1] u_core/u_fabric/u_clb_x2y2/cy[2] NOPATH
### carry u_core/u_fabric/u_clb_x9y4/cy[1] u_core/u_fabric/u_clb_x9y4/cy[2] NOPATH
### carry u_core/u_fabric/u_clb_x11y6/cy[3] u_core/u_fabric/r3863 NOPATH
### carry u_core/u_fabric/r1915 u_core/u_fabric/u_clb_x10y3/cy[1] NOPATH
### carry u_core/u_fabric/u_clb_x7y3/cy[2] u_core/u_fabric/u_clb_x7y3/cy[3] NOPATH
### carry u_core/u_fabric/u_clb_x6y4/cy[1] u_core/u_fabric/u_clb_x6y4/cy[2] NOPATH
### carry u_core/u_fabric/r4544 u_core/u_fabric/u_clb_x7y8/cy[1] NOPATH
### carry u_core/u_fabric/u_clb_x2y1/cy[3] u_core/u_fabric/r107 NOPATH
### carry u_core/u_fabric/r2138 u_core/u_fabric/u_clb_x5y4/cy[1] NOPATH
### carry u_core/u_fabric/u_clb_x10y8/cy[1] u_core/u_fabric/u_clb_x10y8/cy[2] NOPATH
### carry u_core/u_fabric/u_clb_x2y3/cy[2] u_core/u_fabric/u_clb_x2y3/cy[3] NOPATH
### carry u_core/u_fabric/r3539 u_core/u_fabric/u_clb_x1y6/cy[1] NOPATH
### carry u_core/u_fabric/u_clb_x1y7/cy[1] u_core/u_fabric/u_clb_x1y7/cy[2] NOPATH
### carry u_core/u_fabric/u_clb_x5y5/cy[1] u_core/u_fabric/u_clb_x5y5/cy[2] NOPATH
### carry u_core/u_fabric/u_clb_x4y9/cy[2] u_core/u_fabric/u_clb_x4y9/cy[3] NOPATH
### carry u_core/u_fabric/u_clb_x10y8/cy[2] u_core/u_fabric/u_clb_x10y8/cy[3] NOPATH
### carry u_core/u_fabric/u_clb_x11y7/cy[2] u_core/u_fabric/u_clb_x11y7/cy[3] NOPATH
### carry u_core/u_fabric/u_clb_x7y5/cy[1] u_core/u_fabric/u_clb_x7y5/cy[2] NOPATH
### carry u_core/u_fabric/u_clb_x2y2/cy[3] u_core/u_fabric/r1242 NOPATH
### carry u_core/u_fabric/r4724 u_core/u_fabric/u_clb_x1y9/cy[1] NOPATH
### carry u_core/u_fabric/r2224 u_core/u_fabric/u_clb_x7y4/cy[1] NOPATH
### carry u_core/u_fabric/u_clb_x7y2/cy[2] u_core/u_fabric/u_clb_x7y2/cy[3] NOPATH
### carry u_core/u_fabric/u_clb_x1y1/cy[3] u_core/u_fabric/r64 NOPATH
### carry u_core/u_fabric/u_clb_x6y6/cy[1] u_core/u_fabric/u_clb_x6y6/cy[2] NOPATH
### carry u_core/u_fabric/u_clb_x9y8/cy[3] u_core/u_fabric/r4567 NOPATH
### carry u_core/u_fabric/u_clb_x10y4/cy[2] u_core/u_fabric/u_clb_x10y4/cy[3] NOPATH
### carry u_core/u_fabric/r3977 u_core/u_fabric/u_clb_x2y7/cy[1] NOPATH
### carry u_core/u_fabric/r2353 u_core/u_fabric/u_clb_x11y4/cy[1] NOPATH
### carry u_core/u_fabric/u_clb_x7y2/cy[3] u_core/u_fabric/r1414 NOPATH
### carry u_core/u_fabric/u_clb_x10y3/cy[3] u_core/u_fabric/r1895 NOPATH
### carry u_core/u_fabric/u_clb_x7y4/cy[3] u_core/u_fabric/r2204 NOPATH
### carry u_core/u_fabric/r4415 u_core/u_fabric/u_clb_x4y8/cy[1] NOPATH
### carry u_core/u_fabric/u_clb_x7y8/cy[1] u_core/u_fabric/u_clb_x7y8/cy[2] NOPATH
### carry u_core/u_fabric/u_clb_x1y5/cy[3] u_core/u_fabric/r2384 NOPATH
### carry u_core/u_fabric/u_clb_x6y3/cy[2] u_core/u_fabric/u_clb_x6y3/cy[3] NOPATH
### carry u_core/u_fabric/u_clb_x6y9/cy[1] u_core/u_fabric/u_clb_x6y9/cy[2] NOPATH
### carry u_core/u_fabric/u_clb_x11y9/cy[3] u_core/u_fabric/r5048 NOPATH
### carry u_core/u_fabric/r3402 u_core/u_fabric/u_clb_x9y5/cy[1] NOPATH
### carry u_core/u_fabric/u_clb_x4y7/cy[2] u_core/u_fabric/u_clb_x4y7/cy[3] NOPATH
### carry u_core/u_fabric/r4767 u_core/u_fabric/u_clb_x2y9/cy[1] NOPATH
### carry u_core/u_fabric/u_clb_x2y6/cy[2] u_core/u_fabric/u_clb_x2y6/cy[3] NOPATH
### carry u_core/u_fabric/r4939 u_core/u_fabric/u_clb_x7y9/cy[1] NOPATH
### carry u_core/u_fabric/u_clb_x9y3/cy[2] u_core/u_fabric/u_clb_x9y3/cy[3] NOPATH
### carry u_core/u_fabric/r3754 u_core/u_fabric/u_clb_x7y6/cy[1] NOPATH
### carry u_core/u_fabric/u_clb_x4y6/cy[1] u_core/u_fabric/u_clb_x4y6/cy[2] NOPATH
### carry u_core/u_fabric/u_clb_x2y7/cy[3] u_core/u_fabric/r3957 NOPATH
### carry u_core/u_fabric/u_clb_x9y6/cy[3] u_core/u_fabric/r3777 NOPATH
### carry u_core/u_fabric/u_clb_x11y1/cy[1] u_core/u_fabric/u_clb_x11y1/cy[2] NOPATH
### carry u_core/u_fabric/r2267 u_core/u_fabric/u_clb_x9y4/cy[1] NOPATH
### carry u_core/u_fabric/u_clb_x1y8/cy[2] u_core/u_fabric/u_clb_x1y8/cy[3] NOPATH
### carry u_core/u_fabric/u_clb_x11y4/cy[3] u_core/u_fabric/r2333 NOPATH
### carry u_core/u_fabric/u_clb_x5y9/cy[3] u_core/u_fabric/r4833 NOPATH
### carry u_core/u_fabric/u_clb_x1y4/cy[1] u_core/u_fabric/u_clb_x1y4/cy[2] NOPATH
### carry u_core/u_fabric/u_clb_x2y9/cy[1] u_core/u_fabric/u_clb_x2y9/cy[2] NOPATH
### carry u_core/u_fabric/u_clb_x5y4/cy[3] u_core/u_fabric/r2118 NOPATH
### carry u_core/u_fabric/u_clb_x7y3/cy[1] u_core/u_fabric/u_clb_x7y3/cy[2] NOPATH
### carry u_core/u_fabric/u_clb_x6y8/cy[1] u_core/u_fabric/u_clb_x6y8/cy[2] NOPATH
### carry u_core/u_fabric/u_clb_x11y4/cy[1] u_core/u_fabric/u_clb_x11y4/cy[2] NOPATH
### carry u_core/u_fabric/u_clb_x5y7/cy[1] u_core/u_fabric/u_clb_x5y7/cy[2] NOPATH
### carry u_core/u_fabric/u_clb_x7y4/cy[1] u_core/u_fabric/u_clb_x7y4/cy[2] NOPATH
### carry u_core/u_fabric/u_clb_x11y3/cy[1] u_core/u_fabric/u_clb_x11y3/cy[2] NOPATH
### carry u_core/u_fabric/u_clb_x4y8/cy[3] u_core/u_fabric/r4395 NOPATH
### carry u_core/u_fabric/u_clb_x6y3/cy[3] u_core/u_fabric/r1766 NOPATH
### carry u_core/u_fabric/u_clb_x11y3/cy[2] u_core/u_fabric/u_clb_x11y3/cy[3] NOPATH
### carry u_core/u_fabric/u_clb_x2y7/cy[2] u_core/u_fabric/u_clb_x2y7/cy[3] NOPATH
### carry u_core/u_fabric/r84 u_core/u_fabric/u_clb_x1y1/cy[1] NOPATH
### carry u_core/u_fabric/u_clb_x10y4/cy[1] u_core/u_fabric/u_clb_x10y4/cy[2] NOPATH
### carry u_core/u_fabric/u_clb_x6y9/cy[3] u_core/u_fabric/r4876 NOPATH
### carry u_core/u_fabric/u_clb_x5y5/cy[3] u_core/u_fabric/r2715 NOPATH
### carry u_core/u_fabric/r2735 u_core/u_fabric/u_clb_x5y5/cy[1] NOPATH
### carry u_core/u_fabric/r1743 u_core/u_fabric/u_clb_x5y3/cy[1] NOPATH
### carry u_core/u_fabric/u_clb_x1y7/cy[2] u_core/u_fabric/u_clb_x1y7/cy[3] NOPATH
### carry u_core/u_fabric/u_clb_x4y5/cy[1] u_core/u_fabric/u_clb_x4y5/cy[2] NOPATH
### carry u_core/u_fabric/u_clb_x10y7/cy[2] u_core/u_fabric/u_clb_x10y7/cy[3] NOPATH
### carry u_core/u_fabric/r4106 u_core/u_fabric/u_clb_x6y7/cy[1] NOPATH
### carry u_core/u_fabric/r4896 u_core/u_fabric/u_clb_x6y9/cy[1] NOPATH
### carry u_core/u_fabric/u_clb_x4y2/cy[1] u_core/u_fabric/u_clb_x4y2/cy[2] NOPATH
### carry u_core/u_fabric/u_clb_x11y7/cy[3] u_core/u_fabric/r4258 NOPATH
### carry u_core/u_fabric/u_clb_x2y5/cy[1] u_core/u_fabric/u_clb_x2y5/cy[2] NOPATH
### carry u_core/u_fabric/u_clb_x4y2/cy[2] u_core/u_fabric/u_clb_x4y2/cy[3] NOPATH
### carry u_core/u_fabric/u_clb_x7y1/cy[3] u_core/u_fabric/r481 NOPATH
### carry u_core/u_fabric/r3711 u_core/u_fabric/u_clb_x6y6/cy[1] NOPATH
### carry u_core/u_fabric/u_clb_x10y2/cy[1] u_core/u_fabric/u_clb_x10y2/cy[2] NOPATH
### carry u_core/u_fabric/r372 u_core/u_fabric/u_clb_x4y1/cy[1] NOPATH
### carry u_core/u_fabric/u_clb_x6y1/cy[2] u_core/u_fabric/u_clb_x6y1/cy[3] NOPATH
### carry u_core/u_fabric/u_clb_x7y1/cy[1] u_core/u_fabric/u_clb_x7y1/cy[2] NOPATH
### carry u_core/u_fabric/u_clb_x4y9/cy[1] u_core/u_fabric/u_clb_x4y9/cy[2] NOPATH
### carry u_core/u_fabric/u_clb_x2y4/cy[3] u_core/u_fabric/r2032 NOPATH
### carry u_core/u_fabric/u_clb_x5y7/cy[3] u_core/u_fabric/r4043 NOPATH
### carry u_core/u_fabric/u_clb_x11y2/cy[3] u_core/u_fabric/r1543 NOPATH
### carry u_core/u_fabric/u_clb_x9y2/cy[3] u_core/u_fabric/r1457 NOPATH
### carry u_core/u_fabric/r5025 u_core/u_fabric/u_clb_x10y9/cy[1] NOPATH
### carry u_core/u_fabric/r1125 u_core/u_fabric/u_clb_x10y1/cy[1] NOPATH
### carry u_core/u_fabric/u_clb_x2y6/cy[1] u_core/u_fabric/u_clb_x2y6/cy[2] NOPATH
### carry u_core/u_fabric/u_clb_x4y2/cy[3] u_core/u_fabric/r1285 NOPATH
### carry u_core/u_fabric/u_clb_x10y6/cy[1] u_core/u_fabric/u_clb_x10y6/cy[2] NOPATH
### carry u_core/u_fabric/u_clb_x1y3/cy[2] u_core/u_fabric/u_clb_x1y3/cy[3] NOPATH
### carry u_core/u_fabric/u_clb_x5y8/cy[1] u_core/u_fabric/u_clb_x5y8/cy[2] NOPATH
### carry u_core/u_fabric/u_clb_x2y2/cy[2] u_core/u_fabric/u_clb_x2y2/cy[3] NOPATH
### carry u_core/u_fabric/r1262 u_core/u_fabric/u_clb_x2y2/cy[1] NOPATH
### carry u_core/u_fabric/u_clb_x9y5/cy[3] u_core/u_fabric/r3382 NOPATH
### carry u_core/u_fabric/u_clb_x9y4/cy[3] u_core/u_fabric/r2247 NOPATH
### carry u_core/u_fabric/u_clb_x6y7/cy[2] u_core/u_fabric/u_clb_x6y7/cy[3] NOPATH
### carry u_core/u_fabric/u_clb_x11y2/cy[1] u_core/u_fabric/u_clb_x11y2/cy[2] NOPATH
### carry u_core/u_fabric/u_clb_x1y3/cy[3] u_core/u_fabric/r1594 NOPATH
### carry u_core/u_fabric/r2095 u_core/u_fabric/u_clb_x4y4/cy[1] NOPATH
### carry u_core/u_fabric/u_clb_x4y3/cy[2] u_core/u_fabric/u_clb_x4y3/cy[3] NOPATH
### carry u_core/u_fabric/u_clb_x6y4/cy[3] u_core/u_fabric/r2161 NOPATH
### carry u_core/u_fabric/u_clb_x5y4/cy[1] u_core/u_fabric/u_clb_x5y4/cy[2] NOPATH
### carry u_core/u_fabric/u_clb_x10y1/cy[1] u_core/u_fabric/u_clb_x10y1/cy[2] NOPATH
### carry u_core/u_fabric/u_clb_x2y1/cy[2] u_core/u_fabric/u_clb_x2y1/cy[3] NOPATH
### carry u_core/u_fabric/u_clb_x2y3/cy[3] u_core/u_fabric/r1637 NOPATH
### carry u_core/u_fabric/u_clb_x10y6/cy[3] u_core/u_fabric/r3820 NOPATH
### carry u_core/u_fabric/u_clb_x5y3/cy[3] u_core/u_fabric/r1723 NOPATH
### carry u_core/u_fabric/u_clb_x9y9/cy[2] u_core/u_fabric/u_clb_x9y9/cy[3] NOPATH
### carry u_core/u_fabric/u_clb_x9y9/cy[1] u_core/u_fabric/u_clb_x9y9/cy[2] NOPATH
### carry u_core/u_fabric/u_clb_x10y2/cy[2] u_core/u_fabric/u_clb_x10y2/cy[3] NOPATH
### carry u_core/u_fabric/u_clb_x9y1/cy[3] u_core/u_fabric/r1062 NOPATH
### carry u_core/u_fabric/r1520 u_core/u_fabric/u_clb_x10y2/cy[1] NOPATH
### carry u_core/u_fabric/r5068 u_core/u_fabric/u_clb_x11y9/cy[1] NOPATH
### carry u_core/u_fabric/u_clb_x6y2/cy[1] u_core/u_fabric/u_clb_x6y2/cy[2] NOPATH
### carry u_core/u_fabric/u_clb_x2y9/cy[3] u_core/u_fabric/r4747 NOPATH
### carry u_core/u_fabric/u_clb_x2y1/cy[1] u_core/u_fabric/u_clb_x2y1/cy[2] NOPATH
### carry u_core/u_fabric/u_clb_x7y2/cy[1] u_core/u_fabric/u_clb_x7y2/cy[2] NOPATH
### carry u_core/u_fabric/u_clb_x7y5/cy[3] u_core/u_fabric/r2801 NOPATH
### carry u_core/u_fabric/u_clb_x10y3/cy[1] u_core/u_fabric/u_clb_x10y3/cy[2] NOPATH
### carry u_core/u_fabric/u_clb_x1y2/cy[1] u_core/u_fabric/u_clb_x1y2/cy[2] NOPATH
### carry u_core/u_fabric/u_clb_x9y9/cy[3] u_core/u_fabric/r4962 NOPATH
### carry u_core/u_fabric/r1829 u_core/u_fabric/u_clb_x7y3/cy[1] NOPATH
### carry u_core/u_fabric/u_clb_x5y4/cy[2] u_core/u_fabric/u_clb_x5y4/cy[3] NOPATH
### lut u_core/u_fabric/u_clb_x6y2/x2[4] u_core/u_fabric/r1373 NOPATH
### lut u_core/u_fabric/u_clb_x4y5/x0[0] u_core/u_fabric/r2673 NOPATH
### lut u_core/u_fabric/u_clb_x9y7/x0[3] u_core/u_fabric/r4173 NOPATH
### lut u_core/u_fabric/u_clb_x10y5/x0[4] u_core/u_fabric/r3426 NOPATH
### lut u_core/u_fabric/u_clb_x5y7/x3[2] u_core/u_fabric/r4049 NOPATH
### lut u_core/u_fabric/u_clb_x1y5/x1[3] u_core/u_fabric/r2389 NOPATH
### lut u_core/u_fabric/u_clb_x2y6/x1[5] u_core/u_fabric/r3567 NOPATH
### lut u_core/u_fabric/u_clb_x11y8/x0[0] u_core/u_fabric/r4654 NOPATH
### lut u_core/u_fabric/u_clb_x1y3/x3[1] u_core/u_fabric/r1600 NOPATH
### lut u_core/u_fabric/u_clb_x11y6/x3[1] u_core/u_fabric/r3869 NOPATH
### lut u_core/u_fabric/u_clb_x7y8/x0[1] u_core/u_fabric/r4525 NOPATH
### lut u_core/u_fabric/u_clb_x7y7/x1[1] u_core/u_fabric/r4134 NOPATH
### lut u_core/u_fabric/u_clb_x11y5/x0[1] u_core/u_fabric/r3469 NOPATH
### lut u_core/u_fabric/u_clb_x4y5/x1[5] u_core/u_fabric/r2677 NOPATH
### lut u_core/u_fabric/u_clb_x2y3/x0[1] u_core/u_fabric/r1638 NOPATH
### lut u_core/u_fabric/u_clb_x11y5/x2[4] u_core/u_fabric/r3470 NOPATH
### lut u_core/u_fabric/u_clb_x2y7/x1[2] u_core/u_fabric/r3962 NOPATH
### lut u_core/u_fabric/u_clb_x4y1/x2[2] u_core/u_fabric/r354 NOPATH
### lut u_core/u_fabric/u_clb_x9y4/x2[4] u_core/u_fabric/r2249 NOPATH
### lut u_core/u_fabric/u_clb_x5y7/x2[2] u_core/u_fabric/r4045 NOPATH
### lut u_core/u_fabric/u_clb_x6y6/x0[3] u_core/u_fabric/r3692 NOPATH
### lut u_core/u_fabric/u_clb_x7y8/x2[1] u_core/u_fabric/r4526 NOPATH
### lut u_core/u_fabric/u_clb_x1y4/x1[3] u_core/u_fabric/r1994 NOPATH
### lut u_core/u_fabric/u_clb_x4y7/x1[1] u_core/u_fabric/r4005 NOPATH
### lut u_core/u_fabric/u_clb_x11y6/x3[2] u_core/u_fabric/r3869 NOPATH
### lut u_core/u_fabric/u_clb_x7y1/x0[0] u_core/u_fabric/r482 NOPATH
### lut u_core/u_fabric/u_clb_x11y7/x3[4] u_core/u_fabric/r4264 NOPATH
### lut u_core/u_fabric/u_clb_x10y3/x1[5] u_core/u_fabric/r1900 NOPATH
### lut u_core/u_fabric/u_clb_x2y2/x2[5] u_core/u_fabric/r1244 NOPATH
### lut u_core/u_fabric/u_clb_x1y3/x0[2] u_core/u_fabric/r1595 NOPATH
### lut u_core/u_fabric/u_clb_x4y9/x2[5] u_core/u_fabric/r4792 NOPATH
### lut u_core/u_fabric/u_clb_x6y1/x0[1] u_core/u_fabric/r439 NOPATH
### lut u_core/u_fabric/u_clb_x11y3/x0[3] u_core/u_fabric/r1939 NOPATH
### lut u_core/u_fabric/u_clb_x9y1/x0[0] u_core/u_fabric/r1063 NOPATH
### lut u_core/u_fabric/u_clb_x2y9/x1[0] u_core/u_fabric/r4752 NOPATH
### lut u_core/u_fabric/u_clb_x9y1/x2[0] u_core/u_fabric/r1064 NOPATH
### lut u_core/u_fabric/u_clb_x11y3/x1[5] u_core/u_fabric/r1943 NOPATH
### lut u_core/u_fabric/u_clb_x9y9/x1[0] u_core/u_fabric/r4967 NOPATH
### lut u_core/u_fabric/u_clb_x11y9/x0[3] u_core/u_fabric/r5049 NOPATH
### lut u_core/u_fabric/u_clb_x10y3/x1[4] u_core/u_fabric/r1900 NOPATH
### lut u_core/u_fabric/u_clb_x1y8/x1[5] u_core/u_fabric/r4314 NOPATH
### lut u_core/u_fabric/u_clb_x6y2/x2[0] u_core/u_fabric/r1373 NOPATH
### lut u_core/u_fabric/u_clb_x11y4/x2[0] u_core/u_fabric/r2335 NOPATH
### lut u_core/u_fabric/u_clb_x5y6/x0[4] u_core/u_fabric/r3649 NOPATH
### lut u_core/u_fabric/u_clb_x5y3/x2[0] u_core/u_fabric/r1725 NOPATH
### lut u_core/u_fabric/u_clb_x4y2/x0[3] u_core/u_fabric/r1286 NOPATH
### lut u_core/u_fabric/u_clb_x1y1/x2[5] u_core/u_fabric/r66 NOPATH
### lut u_core/u_fabric/u_clb_x4y6/x3[2] u_core/u_fabric/r3611 NOPATH
### lut u_core/u_fabric/u_clb_x4y9/x3[5] u_core/u_fabric/r4796 NOPATH
### lut u_core/u_fabric/u_clb_x1y9/x2[1] u_core/u_fabric/r4706 NOPATH
### lut u_core/u_fabric/u_clb_x5y1/x0[5] u_core/u_fabric/r396 NOPATH
### lut u_core/u_fabric/u_clb_x7y6/x1[3] u_core/u_fabric/r3739 NOPATH
### lut u_core/u_fabric/u_clb_x9y8/x3[4] u_core/u_fabric/r4573 NOPATH
### lut u_core/u_fabric/u_clb_x1y3/x2[1] u_core/u_fabric/r1596 NOPATH
### lut u_core/u_fabric/u_clb_x6y9/x3[2] u_core/u_fabric/r4882 NOPATH
### lut u_core/u_fabric/u_clb_x5y6/x2[3] u_core/u_fabric/r3650 NOPATH
### lut u_core/u_fabric/u_clb_x5y5/x1[1] u_core/u_fabric/r2720 NOPATH
### lut u_core/u_fabric/u_clb_x7y2/x2[3] u_core/u_fabric/r1416 NOPATH
### lut u_core/u_fabric/u_clb_x10y8/x2[3] u_core/u_fabric/r4612 NOPATH
### lut u_core/u_fabric/u_clb_x4y9/x0[1] u_core/u_fabric/r4791 NOPATH
### lut u_core/u_fabric/u_clb_x4y9/x0[5] u_core/u_fabric/r4791 NOPATH
### lut u_core/u_fabric/u_clb_x5y8/x2[1] u_core/u_fabric/r4440 NOPATH
### lut u_core/u_fabric/u_clb_x9y7/x0[1] u_core/u_fabric/r4173 NOPATH
### lut u_core/u_fabric/u_clb_x11y6/x0[3] u_core/u_fabric/r3864 NOPATH
### lut u_core/u_fabric/u_clb_x10y5/x1[4] u_core/u_fabric/r3430 NOPATH
### lut u_core/u_fabric/u_clb_x5y1/x0[4] u_core/u_fabric/r396 NOPATH
### lut u_core/u_fabric/u_clb_x7y4/x1[0] u_core/u_fabric/r2209 NOPATH
### lut u_core/u_fabric/u_clb_x11y2/x0[2] u_core/u_fabric/r1544 NOPATH
### lut u_core/u_fabric/u_clb_x4y4/x2[2] u_core/u_fabric/r2077 NOPATH
### lut u_core/u_fabric/u_clb_x11y1/x1[4] u_core/u_fabric/r1153 NOPATH
### lut u_core/u_fabric/u_clb_x11y2/x2[1] u_core/u_fabric/r1545 NOPATH
### lut u_core/u_fabric/u_clb_x5y6/x3[4] u_core/u_fabric/r3654 NOPATH
### lut u_core/u_fabric/u_clb_x5y7/x2[0] u_core/u_fabric/r4045 NOPATH
### lut u_core/u_fabric/u_clb_x6y9/x2[0] u_core/u_fabric/r4878 NOPATH
### lut u_core/u_fabric/u_clb_x1y5/x3[4] u_core/u_fabric/r2390 NOPATH
### lut u_core/u_fabric/u_clb_x7y6/x1[5] u_core/u_fabric/r3739 NOPATH
### lut u_core/u_fabric/u_clb_x10y2/x2[1] u_core/u_fabric/r1502 NOPATH
### lut u_core/u_fabric/u_clb_x9y5/x0[0] u_core/u_fabric/r3383 NOPATH
### lut u_core/u_fabric/u_clb_x11y1/x3[3] u_core/u_fabric/r1154 NOPATH
### lut u_core/u_fabric/u_clb_x11y9/x0[0] u_core/u_fabric/r5049 NOPATH
### lut u_core/u_fabric/u_clb_x4y7/x3[1] u_core/u_fabric/r4006 NOPATH
### lut u_core/u_fabric/u_clb_x9y4/x1[0] u_core/u_fabric/r2252 NOPATH
### lut u_core/u_fabric/u_clb_x10y3/x1[0] u_core/u_fabric/r1900 NOPATH
### lut u_core/u_fabric/u_clb_x10y5/x0[0] u_core/u_fabric/r3426 NOPATH
### lut u_core/u_fabric/u_clb_x9y5/x2[3] u_core/u_fabric/r3384 NOPATH
### lut u_core/u_fabric/u_clb_x2y1/x1[5] u_core/u_fabric/r112 NOPATH
### lut u_core/u_fabric/u_clb_x1y4/x3[0] u_core/u_fabric/r1995 NOPATH
### lut u_core/u_fabric/u_clb_x10y6/x0[5] u_core/u_fabric/r3821 NOPATH
### lut u_core/u_fabric/u_clb_x4y9/x1[3] u_core/u_fabric/r4795 NOPATH
### lut u_core/u_fabric/u_clb_x10y4/x1[1] u_core/u_fabric/r2295 NOPATH
### lut u_core/u_fabric/u_clb_x6y9/x3[0] u_core/u_fabric/r4882 NOPATH
### lut u_core/u_fabric/u_clb_x9y3/x0[0] u_core/u_fabric/r1853 NOPATH
### lut u_core/u_fabric/u_clb_x2y1/x2[1] u_core/u_fabric/r109 NOPATH
### lut u_core/u_fabric/u_clb_x6y2/x1[3] u_core/u_fabric/r1376 NOPATH
### lut u_core/u_fabric/u_clb_x11y2/x0[3] u_core/u_fabric/r1544 NOPATH
### lut u_core/u_fabric/u_clb_x2y9/x0[4] u_core/u_fabric/r4748 NOPATH
### lut u_core/u_fabric/u_clb_x1y4/x3[5] u_core/u_fabric/r1995 NOPATH
### lut u_core/u_fabric/u_clb_x9y8/x0[5] u_core/u_fabric/r4568 NOPATH
### lut u_core/u_fabric/u_clb_x5y6/x0[1] u_core/u_fabric/r3649 NOPATH
### lut u_core/u_fabric/u_clb_x5y8/x3[0] u_core/u_fabric/r4444 NOPATH
### lut u_core/u_fabric/u_clb_x4y2/x2[0] u_core/u_fabric/r1287 NOPATH
### lut u_core/u_fabric/u_clb_x2y4/x3[4] u_core/u_fabric/r2038 NOPATH
### lut u_core/u_fabric/u_clb_x1y5/x2[3] u_core/u_fabric/r2386 NOPATH
### lut u_core/u_fabric/u_clb_x1y3/x0[4] u_core/u_fabric/r1595 NOPATH
### lut u_core/u_fabric/u_clb_x6y3/x2[5] u_core/u_fabric/r1768 NOPATH
### lut u_core/u_fabric/u_clb_x5y7/x2[1] u_core/u_fabric/r4045 NOPATH
### lut u_core/u_fabric/u_clb_x11y1/x0[5] u_core/u_fabric/r1149 NOPATH
### lut u_core/u_fabric/u_clb_x11y8/x1[5] u_core/u_fabric/r4658 NOPATH
### lut u_core/u_fabric/u_clb_x7y4/x1[2] u_core/u_fabric/r2209 NOPATH
### lut u_core/u_fabric/u_clb_x10y9/x2[1] u_core/u_fabric/r5007 NOPATH
### lut u_core/u_fabric/u_clb_x2y6/x2[5] u_core/u_fabric/r3564 NOPATH
### lut u_core/u_fabric/u_clb_x4y4/x1[2] u_core/u_fabric/r2080 NOPATH
### lut u_core/u_fabric/u_clb_x9y9/x0[0] u_core/u_fabric/r4963 NOPATH
### lut u_core/u_fabric/u_clb_x5y9/x1[1] u_core/u_fabric/r4838 NOPATH
### lut u_core/u_fabric/u_clb_x6y7/x2[3] u_core/u_fabric/r4088 NOPATH
### lut u_core/u_fabric/u_clb_x1y6/x2[2] u_core/u_fabric/r3521 NOPATH
### lut u_core/u_fabric/u_clb_x7y5/x1[2] u_core/u_fabric/r2806 NOPATH
### lut u_core/u_fabric/u_clb_x4y8/x2[0] u_core/u_fabric/r4397 NOPATH
### lut u_core/u_fabric/u_clb_x1y6/x1[4] u_core/u_fabric/r3524 NOPATH
### lut u_core/u_fabric/u_clb_x4y3/x0[0] u_core/u_fabric/r1681 NOPATH
### lut u_core/u_fabric/u_clb_x7y1/x2[1] u_core/u_fabric/r483 NOPATH
### lut u_core/u_fabric/u_clb_x10y7/x3[3] u_core/u_fabric/r4221 NOPATH
### lut u_core/u_fabric/u_clb_x5y1/x1[4] u_core/u_fabric/r400 NOPATH
### lut u_core/u_fabric/u_clb_x10y1/x0[5] u_core/u_fabric/r1106 NOPATH
### lut u_core/u_fabric/u_clb_x4y2/x1[2] u_core/u_fabric/r1290 NOPATH
### lut u_core/u_fabric/u_clb_x7y2/x1[5] u_core/u_fabric/r1419 NOPATH
### lut u_core/u_fabric/u_clb_x7y2/x0[5] u_core/u_fabric/r1415 NOPATH
### lut u_core/u_fabric/u_clb_x7y9/x2[5] u_core/u_fabric/r4921 NOPATH
### lut u_core/u_fabric/u_clb_x1y6/x3[4] u_core/u_fabric/r3525 NOPATH
### lut u_core/u_fabric/u_clb_x6y3/x3[2] u_core/u_fabric/r1772 NOPATH
### lut u_core/u_fabric/u_clb_x2y8/x3[0] u_core/u_fabric/r4358 NOPATH
### lut u_core/u_fabric/u_clb_x2y4/x1[2] u_core/u_fabric/r2037 NOPATH
### lut u_core/u_fabric/u_clb_x9y6/x0[5] u_core/u_fabric/r3778 NOPATH
### lut u_core/u_fabric/u_clb_x11y8/x3[0] u_core/u_fabric/r4659 NOPATH
### lut u_core/u_fabric/u_clb_x5y3/x3[0] u_core/u_fabric/r1729 NOPATH
### lut u_core/u_fabric/u_clb_x6y4/x1[3] u_core/u_fabric/r2166 NOPATH
### lut u_core/u_fabric/u_clb_x2y4/x3[3] u_core/u_fabric/r2038 NOPATH
### lut u_core/u_fabric/u_clb_x4y4/x0[0] u_core/u_fabric/r2076 NOPATH
### lut u_core/u_fabric/u_clb_x1y2/x2[5] u_core/u_fabric/r1201 NOPATH
### lut u_core/u_fabric/u_clb_x9y3/x3[2] u_core/u_fabric/r1858 NOPATH
### lut u_core/u_fabric/u_clb_x4y3/x0[1] u_core/u_fabric/r1681 NOPATH
### lut u_core/u_fabric/u_clb_x4y9/x0[0] u_core/u_fabric/r4791 NOPATH
### lut u_core/u_fabric/u_clb_x11y9/x2[1] u_core/u_fabric/r5050 NOPATH
### lut u_core/u_fabric/u_clb_x9y6/x2[0] u_core/u_fabric/r3779 NOPATH
### lut u_core/u_fabric/u_clb_x5y8/x2[0] u_core/u_fabric/r4440 NOPATH
### lut u_core/u_fabric/u_clb_x10y7/x0[0] u_core/u_fabric/r4216 NOPATH
### lut u_core/u_fabric/u_clb_x5y9/x2[5] u_core/u_fabric/r4835 NOPATH
### lut u_core/u_fabric/u_clb_x7y5/x2[5] u_core/u_fabric/r2803 NOPATH
### lut u_core/u_fabric/u_clb_x4y2/x2[1] u_core/u_fabric/r1287 NOPATH
### lut u_core/u_fabric/u_clb_x6y6/x1[5] u_core/u_fabric/r3696 NOPATH
### lut u_core/u_fabric/u_clb_x4y6/x0[0] u_core/u_fabric/r3606 NOPATH
### lut u_core/u_fabric/u_clb_x4y8/x2[5] u_core/u_fabric/r4397 NOPATH
### lut u_core/u_fabric/u_clb_x1y4/x1[2] u_core/u_fabric/r1994 NOPATH
### lut u_core/u_fabric/u_clb_x5y1/x1[2] u_core/u_fabric/r400 NOPATH
### lut u_core/u_fabric/u_clb_x10y4/x2[4] u_core/u_fabric/r2292 NOPATH
### lut u_core/u_fabric/u_clb_x9y1/x0[5] u_core/u_fabric/r1063 NOPATH
### lut u_core/u_fabric/u_clb_x7y4/x1[4] u_core/u_fabric/r2209 NOPATH
### lut u_core/u_fabric/u_clb_x2y9/x3[3] u_core/u_fabric/r4753 NOPATH
### lut u_core/u_fabric/u_clb_x6y8/x1[0] u_core/u_fabric/r4486 NOPATH
### lut u_core/u_fabric/u_clb_x5y2/x2[1] u_core/u_fabric/r1330 NOPATH
### lut u_core/u_fabric/u_clb_x10y8/x2[4] u_core/u_fabric/r4612 NOPATH
### lut u_core/u_fabric/u_clb_x2y2/x2[4] u_core/u_fabric/r1244 NOPATH
### lut u_core/u_fabric/u_clb_x4y4/x0[2] u_core/u_fabric/r2076 NOPATH
### lut u_core/u_fabric/u_clb_x1y2/x3[0] u_core/u_fabric/r1205 NOPATH
### lut u_core/u_fabric/u_clb_x10y6/x1[5] u_core/u_fabric/r3825 NOPATH
### lut u_core/u_fabric/u_clb_x7y6/x0[3] u_core/u_fabric/r3735 NOPATH
### lut u_core/u_fabric/u_clb_x5y8/x2[5] u_core/u_fabric/r4440 NOPATH
### lut u_core/u_fabric/u_clb_x10y9/x0[0] u_core/u_fabric/r5006 NOPATH
### lut u_core/u_fabric/u_clb_x5y6/x2[4] u_core/u_fabric/r3650 NOPATH
### lut u_core/u_fabric/u_clb_x2y6/x3[4] u_core/u_fabric/r3568 NOPATH
### lut u_core/u_fabric/u_clb_x2y3/x0[2] u_core/u_fabric/r1638 NOPATH
### lut u_core/u_fabric/u_clb_x5y6/x1[1] u_core/u_fabric/r3653 NOPATH
### lut u_core/u_fabric/u_clb_x9y1/x3[5] u_core/u_fabric/r1068 NOPATH
### lut u_core/u_fabric/u_clb_x6y3/x3[0] u_core/u_fabric/r1772 NOPATH
### lut u_core/u_fabric/u_clb_x6y4/x0[3] u_core/u_fabric/r2162 NOPATH
### lut u_core/u_fabric/u_clb_x6y9/x0[0] u_core/u_fabric/r4877 NOPATH
### lut u_core/u_fabric/u_clb_x10y3/x0[5] u_core/u_fabric/r1896 NOPATH
### lut u_core/u_fabric/u_clb_x5y6/x0[3] u_core/u_fabric/r3649 NOPATH
### lut u_core/u_fabric/u_clb_x9y9/x3[4] u_core/u_fabric/r4968 NOPATH
### lut u_core/u_fabric/u_clb_x5y5/x0[1] u_core/u_fabric/r2716 NOPATH
### lut u_core/u_fabric/u_clb_x7y3/x2[3] u_core/u_fabric/r1811 NOPATH
### lut u_core/u_fabric/u_clb_x1y2/x0[4] u_core/u_fabric/r1200 NOPATH
### lut u_core/u_fabric/u_clb_x6y8/x0[3] u_core/u_fabric/r4482 NOPATH
### lut u_core/u_fabric/u_clb_x5y1/x3[3] u_core/u_fabric/r401 NOPATH
### lut u_core/u_fabric/u_clb_x2y1/x0[1] u_core/u_fabric/r108 NOPATH
### lut u_core/u_fabric/u_clb_x10y6/x1[2] u_core/u_fabric/r3825 NOPATH
### lut u_core/u_fabric/u_clb_x5y7/x0[5] u_core/u_fabric/r4044 NOPATH
### lut u_core/u_fabric/u_clb_x2y1/x0[5] u_core/u_fabric/r108 NOPATH
### lut u_core/u_fabric/u_clb_x10y1/x3[1] u_core/u_fabric/r1111 NOPATH
### lut u_core/u_fabric/u_clb_x11y4/x1[0] u_core/u_fabric/r2338 NOPATH
### lut u_core/u_fabric/u_clb_x1y2/x3[1] u_core/u_fabric/r1205 NOPATH
### lut u_core/u_fabric/u_clb_x10y8/x1[5] u_core/u_fabric/r4615 NOPATH
### lut u_core/u_fabric/u_clb_x5y9/x2[0] u_core/u_fabric/r4835 NOPATH
### lut u_core/u_fabric/u_clb_x6y8/x1[3] u_core/u_fabric/r4486 NOPATH
### lut u_core/u_fabric/u_clb_x5y1/x1[3] u_core/u_fabric/r400 NOPATH
### lut u_core/u_fabric/u_clb_x10y2/x0[0] u_core/u_fabric/r1501 NOPATH
### lut u_core/u_fabric/u_clb_x4y3/x1[4] u_core/u_fabric/r1685 NOPATH
### lut u_core/u_fabric/u_clb_x6y8/x0[0] u_core/u_fabric/r4482 NOPATH
### lut u_core/u_fabric/u_clb_x7y6/x0[1] u_core/u_fabric/r3735 NOPATH
### lut u_core/u_fabric/u_clb_x11y4/x3[4] u_core/u_fabric/r2339 NOPATH
### mux_chan u_core/u_fabric/r6952 u_core/u_fabric/r5991 NOPATH
### mux_chan u_core/u_fabric/r8008 u_core/u_fabric/r5799 NOPATH
### mux_chan u_core/u_fabric/r2120 u_core/u_fabric/r7394 NOPATH
### mux_chan u_core/u_fabric/r7428 u_core/u_fabric/r6020 NOPATH
### mux_chan u_core/u_fabric/r7791 u_core/u_fabric/r6451 NOPATH
### mux_chan u_core/u_fabric/r6942 u_core/u_fabric/r5968 NOPATH
### mux_chan u_core/u_fabric/r7403 u_core/u_fabric/r5727 NOPATH
### mux_chan u_core/u_fabric/r7291 u_core/u_fabric/r7321 NOPATH
### mux_chan u_core/u_fabric/r5860 u_core/u_fabric/r7077 NOPATH
### mux_chan u_core/u_fabric/r6082 u_core/u_fabric/r7772 NOPATH
### mux_chan u_core/u_fabric/r6700 u_core/u_fabric/r6674 NOPATH
### mux_chan u_core/u_fabric/r5887 u_core/u_fabric/r7797 NOPATH
### mux_chan u_core/u_fabric/r6532 u_core/u_fabric/r6512 NOPATH
### mux_chan u_core/u_fabric/r5728 u_core/u_fabric/r7488 NOPATH
### mux_chan u_core/u_fabric/r6802 u_core/u_fabric/r6790 NOPATH
### mux_chan u_core/u_fabric/r5701 u_core/u_fabric/r5715 NOPATH
### mux_chan u_core/u_fabric/r8163 u_core/u_fabric/r6250 NOPATH
### mux_chan u_core/u_fabric/r2366 u_core/u_fabric/r6808 NOPATH
### mux_chan u_core/u_fabric/r7258 u_core/u_fabric/r5355 NOPATH
### mux_chan u_core/u_fabric/r62 u_core/u_fabric/r5280 NOPATH
### mux_chan u_core/u_fabric/r7624 u_core/u_fabric/r5184 NOPATH
### mux_chan u_core/u_fabric/r6657 u_core/u_fabric/r6681 NOPATH
### mux_chan u_core/u_fabric/r5237 u_core/u_fabric/r7989 NOPATH
### mux_chan u_core/u_fabric/r5444 u_core/u_fabric/r6821 NOPATH
### mux_chan u_core/u_fabric/r7374 u_core/u_fabric/r7388 NOPATH
### mux_chan u_core/u_fabric/r5829 u_core/u_fabric/r7146 NOPATH
### mux_chan u_core/u_fabric/r6800 u_core/u_fabric/r6782 NOPATH
### mux_chan u_core/u_fabric/r7155 u_core/u_fabric/r7179 NOPATH
### mux_chan u_core/u_fabric/r7488 u_core/u_fabric/r5498 NOPATH
### mux_chan u_core/u_fabric/r7403 u_core/u_fabric/r5504 NOPATH
### mux_chan u_core/u_fabric/r6834 u_core/u_fabric/r6808 NOPATH
### mux_chan u_core/u_fabric/r6070 u_core/u_fabric/r8008 NOPATH
### mux_chan u_core/u_fabric/r5318 u_core/u_fabric/r7411 NOPATH
### mux_chan u_core/u_fabric/r7763 u_core/u_fabric/r5777 NOPATH
### mux_chan u_core/u_fabric/r7193 u_core/u_fabric/r6496 NOPATH
### mux_chan u_core/u_fabric/r8023 u_core/u_fabric/r6295 NOPATH
### mux_chan u_core/u_fabric/r8035 u_core/u_fabric/r8061 NOPATH
### mux_chan u_core/u_fabric/r6042 u_core/u_fabric/r7449 NOPATH
### mux_chan u_core/u_fabric/r5946 u_core/u_fabric/r6971 NOPATH
### mux_chan u_core/u_fabric/r7470 u_core/u_fabric/r6532 NOPATH
### mux_chan u_core/u_fabric/r8159 u_core/u_fabric/r6108 NOPATH
### mux_chan u_core/u_fabric/r3388 u_core/u_fabric/r7766 NOPATH
### mux_chan u_core/u_fabric/r6274 u_core/u_fabric/r6252 NOPATH
### mux_chan u_core/u_fabric/r8197 u_core/u_fabric/r6738 NOPATH
### mux_chan u_core/u_fabric/r7456 u_core/u_fabric/r6208 NOPATH
### mux_chan u_core/u_fabric/r8023 u_core/u_fabric/r6479 NOPATH
### mux_chan u_core/u_fabric/r6483 u_core/u_fabric/r6993 NOPATH
### mux_chan u_core/u_fabric/r7763 u_core/u_fabric/r5599 NOPATH
### mux_chan u_core/u_fabric/r8190 u_core/u_fabric/r6598 NOPATH
### mux_chan u_core/u_fabric/r6789 u_core/u_fabric/r5653 NOPATH
### mux_chan u_core/u_fabric/r7370 u_core/u_fabric/r7380 NOPATH
### mux_chan u_core/u_fabric/r6931 u_core/u_fabric/r5663 NOPATH
### mux_chan u_core/u_fabric/r7851 u_core/u_fabric/r7901 NOPATH
### mux_chan u_core/u_fabric/r5662 u_core/u_fabric/r6920 NOPATH
### mux_chan u_core/u_fabric/r7210 u_core/u_fabric/r6375 NOPATH
### mux_chan u_core/u_fabric/r5170 u_core/u_fabric/r7141 NOPATH
### mux_chan u_core/u_fabric/r5046 u_core/u_fabric/r6734 NOPATH
### mux_chan u_core/u_fabric/r7397 u_core/u_fabric/r5363 NOPATH
### mux_chan u_core/u_fabric/r6150 u_core/u_fabric/r6857 NOPATH
### mux_chan u_core/u_fabric/r6856 u_core/u_fabric/r6127 NOPATH
### mux_chan u_core/u_fabric/r6818 u_core/u_fabric/r6806 NOPATH
### mux_chan u_core/u_fabric/r6598 u_core/u_fabric/r7914 NOPATH
### mux_chan u_core/u_fabric/r7957 u_core/u_fabric/r6712 NOPATH
### mux_chan u_core/u_fabric/r8038 u_core/u_fabric/r6477 NOPATH
### mux_chan u_core/u_fabric/r5282 u_core/u_fabric/r6900 NOPATH
### mux_chan u_core/u_fabric/r7660 u_core/u_fabric/r5718 NOPATH
### mux_chan u_core/u_fabric/r6268 u_core/u_fabric/r7776 NOPATH
### mux_chan u_core/u_fabric/r8070 u_core/u_fabric/r8036 NOPATH
### mux_chan u_core/u_fabric/r5907 u_core/u_fabric/r7986 NOPATH
### mux_chan u_core/u_fabric/r5633 u_core/u_fabric/r5671 NOPATH
### mux_chan u_core/u_fabric/r8055 u_core/u_fabric/r6473 NOPATH
### mux_chan u_core/u_fabric/r6862 u_core/u_fabric/r6333 NOPATH
### mux_chan u_core/u_fabric/r7606 u_core/u_fabric/r5227 NOPATH
### mux_chan u_core/u_fabric/r7919 u_core/u_fabric/r6467 NOPATH
### mux_chan u_core/u_fabric/r2575 u_core/u_fabric/r7192 NOPATH
### mux_chan u_core/u_fabric/r7363 u_core/u_fabric/r5547 NOPATH
### mux_chan u_core/u_fabric/r7334 u_core/u_fabric/r6557 NOPATH
### mux_chan u_core/u_fabric/r6580 u_core/u_fabric/r7800 NOPATH
### mux_chan u_core/u_fabric/r5501 u_core/u_fabric/r5539 NOPATH
### mux_chan u_core/u_fabric/r7493 u_core/u_fabric/r5559 NOPATH
### mux_chan u_core/u_fabric/r7734 u_core/u_fabric/r5235 NOPATH
### mux_chan u_core/u_fabric/r8133 u_core/u_fabric/r8155 NOPATH
### mux_chan u_core/u_fabric/r7020 u_core/u_fabric/r5181 NOPATH
### mux_chan u_core/u_fabric/r6672 u_core/u_fabric/r6658 NOPATH
### mux_chan u_core/u_fabric/r6314 u_core/u_fabric/r6987 NOPATH
### mux_chan u_core/u_fabric/r5728 u_core/u_fabric/r7547 NOPATH
### mux_chan u_core/u_fabric/r6009 u_core/u_fabric/r7449 NOPATH
### mux_chan u_core/u_fabric/r8004 u_core/u_fabric/r5935 NOPATH
### mux_chan u_core/u_fabric/r4087 u_core/u_fabric/r7573 NOPATH
### mux_chan u_core/u_fabric/r4291 u_core/u_fabric/r6863 NOPATH
### mux_chan u_core/u_fabric/r5568 u_core/u_fabric/r5572 NOPATH
### mux_chan u_core/u_fabric/r7644 u_core/u_fabric/r7610 NOPATH
### mux_chan u_core/u_fabric/r7433 u_core/u_fabric/r6049 NOPATH
### mux_chan u_core/u_fabric/r8160 u_core/u_fabric/r6086 NOPATH
### mux_chan u_core/u_fabric/r7802 u_core/u_fabric/r5913 NOPATH
### mux_chan u_core/u_fabric/r7414 u_core/u_fabric/r5887 NOPATH
### mux_chan u_core/u_fabric/r5472 u_core/u_fabric/r6819 NOPATH
### mux_chan u_core/u_fabric/r6703 u_core/u_fabric/r6725 NOPATH
### mux_chan u_core/u_fabric/r8024 u_core/u_fabric/r5746 NOPATH
### mux_chan u_core/u_fabric/r1810 u_core/u_fabric/r7640 NOPATH
### mux_chan u_core/u_fabric/r5432 u_core/u_fabric/r8009 NOPATH
### mux_chan u_core/u_fabric/r7461 u_core/u_fabric/r6672 NOPATH
### mux_chan u_core/u_fabric/r5864 u_core/u_fabric/r5846 NOPATH
### mux_chan u_core/u_fabric/r6258 u_core/u_fabric/r6244 NOPATH
### mux_chan u_core/u_fabric/r2245 u_core/u_fabric/r5888 NOPATH
### mux_chan u_core/u_fabric/r6272 u_core/u_fabric/r7782 NOPATH
### mux_chan u_core/u_fabric/r7272 u_core/u_fabric/r5314 NOPATH
### mux_chan u_core/u_fabric/r6763 u_core/u_fabric/r6803 NOPATH
### mux_chan u_core/u_fabric/r5907 u_core/u_fabric/r8090 NOPATH
### mux_chan u_core/u_fabric/r7801 u_core/u_fabric/r7807 NOPATH
### mux_chan u_core/u_fabric/r6231 u_core/u_fabric/r6237 NOPATH
### mux_chan u_core/u_fabric/r8026 u_core/u_fabric/r6074 NOPATH
### mux_chan u_core/u_fabric/r7351 u_core/u_fabric/r6695 NOPATH
### mux_chan u_core/u_fabric/r6526 u_core/u_fabric/r7314 NOPATH
### mux_chan u_core/u_fabric/r7772 u_core/u_fabric/r7746 NOPATH
### mux_chan u_core/u_fabric/r6936 u_core/u_fabric/r5960 NOPATH
### mux_chan u_core/u_fabric/r5406 u_core/u_fabric/r5402 NOPATH
### mux_chan u_core/u_fabric/r6964 u_core/u_fabric/r6484 NOPATH
### mux_chan u_core/u_fabric/r6991 u_core/u_fabric/r6508 NOPATH
### mux_chan u_core/u_fabric/r1727 u_core/u_fabric/r5504 NOPATH
### mux_chan u_core/u_fabric/r5548 u_core/u_fabric/r7374 NOPATH
### mux_chan u_core/u_fabric/r7328 u_core/u_fabric/r7308 NOPATH
### mux_chan u_core/u_fabric/r7769 u_core/u_fabric/r7795 NOPATH
### mux_chan u_core/u_fabric/r7330 u_core/u_fabric/r6498 NOPATH
### mux_chan u_core/u_fabric/r793 u_core/u_fabric/r7765 NOPATH
### mux_chan u_core/u_fabric/r6686 u_core/u_fabric/r7340 NOPATH
### mux_chan u_core/u_fabric/r5404 u_core/u_fabric/r7748 NOPATH
### mux_chan u_core/u_fabric/r5993 u_core/u_fabric/r7404 NOPATH
### mux_chan u_core/u_fabric/r5147 u_core/u_fabric/r5185 NOPATH
### mux_chan u_core/u_fabric/r6026 u_core/u_fabric/r7168 NOPATH
### mux_chan u_core/u_fabric/r5672 u_core/u_fabric/r6920 NOPATH
### mux_chan u_core/u_fabric/r6029 u_core/u_fabric/r6041 NOPATH
### mux_chan u_core/u_fabric/r6983 u_core/u_fabric/r6529 NOPATH
### mux_chan u_core/u_fabric/r6058 u_core/u_fabric/r7526 NOPATH
### mux_chan u_core/u_fabric/r42 u_core/u_fabric/r5257 NOPATH
### mux_chan u_core/u_fabric/r5523 u_core/u_fabric/r7262 NOPATH
### mux_chan u_core/u_fabric/r5411 u_core/u_fabric/r7891 NOPATH
### mux_chan u_core/u_fabric/r7518 u_core/u_fabric/r5219 NOPATH
### mux_chan u_core/u_fabric/r5496 u_core/u_fabric/r5494 NOPATH
### mux_chan u_core/u_fabric/r5977 u_core/u_fabric/r6967 NOPATH
### mux_chan u_core/u_fabric/r5897 u_core/u_fabric/r7917 NOPATH
### mux_chan u_core/u_fabric/r7298 u_core/u_fabric/r5879 NOPATH
### mux_chan u_core/u_fabric/r5766 u_core/u_fabric/r7976 NOPATH
### mux_chan u_core/u_fabric/r6952 u_core/u_fabric/r5843 NOPATH
### mux_chan u_core/u_fabric/r7243 u_core/u_fabric/r5879 NOPATH
### mux_chan u_core/u_fabric/r7439 u_core/u_fabric/r6532 NOPATH
### mux_chan u_core/u_fabric/r6551 u_core/u_fabric/r6581 NOPATH
### mux_chan u_core/u_fabric/r7188 u_core/u_fabric/r7176 NOPATH
### mux_chan u_core/u_fabric/r2248 u_core/u_fabric/r7866 NOPATH
### mux_chan u_core/u_fabric/r5712 u_core/u_fabric/r7189 NOPATH
### mux_chan u_core/u_fabric/r7645 u_core/u_fabric/r6044 NOPATH
### mux_chan u_core/u_fabric/r5897 u_core/u_fabric/r8039 NOPATH
### mux_chan u_core/u_fabric/r6797 u_core/u_fabric/r5651 NOPATH
### mux_chan u_core/u_fabric/r7457 u_core/u_fabric/r6407 NOPATH
### mux_chan u_core/u_fabric/r6011 u_core/u_fabric/r7526 NOPATH
### mux_chan u_core/u_fabric/r5133 u_core/u_fabric/r5171 NOPATH
### mux_chan u_core/u_fabric/r7913 u_core/u_fabric/r6072 NOPATH
### mux_chan u_core/u_fabric/r6221 u_core/u_fabric/r7697 NOPATH
### mux_chan u_core/u_fabric/r6822 u_core/u_fabric/r6808 NOPATH
### mux_chan u_core/u_fabric/r6033 u_core/u_fabric/r7571 NOPATH
### mux_chan u_core/u_fabric/r6183 u_core/u_fabric/r7335 NOPATH
### mux_chan u_core/u_fabric/r6735 u_core/u_fabric/r8176 NOPATH
### mux_chan u_core/u_fabric/r7560 u_core/u_fabric/r6366 NOPATH
### mux_chan u_core/u_fabric/r7926 u_core/u_fabric/r6432 NOPATH
### mux_chan u_core/u_fabric/r6798 u_core/u_fabric/r6780 NOPATH
### mux_chan u_core/u_fabric/r6403 u_core/u_fabric/r7552 NOPATH
### mux_chan u_core/u_fabric/r7506 u_core/u_fabric/r7496 NOPATH
### mux_chan u_core/u_fabric/r7320 u_core/u_fabric/r6362 NOPATH
### mux_chan u_core/u_fabric/r6544 u_core/u_fabric/r7241 NOPATH
### mux_chan u_core/u_fabric/r5664 u_core/u_fabric/r6912 NOPATH
### mux_chan u_core/u_fabric/r5759 u_core/u_fabric/r7848 NOPATH
### mux_chan u_core/u_fabric/r5918 u_core/u_fabric/r8035 NOPATH
### mux_chan u_core/u_fabric/r7587 u_core/u_fabric/r6577 NOPATH
### mux_chan u_core/u_fabric/r6981 u_core/u_fabric/r6328 NOPATH
### mux_chan u_core/u_fabric/r7747 u_core/u_fabric/r5401 NOPATH
### mux_chan u_core/u_fabric/r5517 u_core/u_fabric/r5543 NOPATH
### mux_chan u_core/u_fabric/r5202 u_core/u_fabric/r7625 NOPATH
### mux_chan u_core/u_fabric/r5143 u_core/u_fabric/r7039 NOPATH
### mux_chan u_core/u_fabric/r7071 u_core/u_fabric/r5974 NOPATH
### mux_chan u_core/u_fabric/r5721 u_core/u_fabric/r7624 NOPATH
### mux_chan u_core/u_fabric/r6205 u_core/u_fabric/r6229 NOPATH
### mux_chan u_core/u_fabric/r5288 u_core/u_fabric/r6772 NOPATH
### mux_chan u_core/u_fabric/r5109 u_core/u_fabric/r6694 NOPATH
### mux_chan u_core/u_fabric/r7823 u_core/u_fabric/r6698 NOPATH
### mux_chan u_core/u_fabric/r7775 u_core/u_fabric/r7803 NOPATH
### mux_chan u_core/u_fabric/r5311 u_core/u_fabric/r7051 NOPATH
### mux_chan u_core/u_fabric/r7549 u_core/u_fabric/r6006 NOPATH
### mux_chan u_core/u_fabric/r6561 u_core/u_fabric/r7436 NOPATH
### mux_chan u_core/u_fabric/r5436 u_core/u_fabric/r7980 NOPATH
### mux_chan u_core/u_fabric/r8112 u_core/u_fabric/r5618 NOPATH
### mux_chan u_core/u_fabric/r7304 u_core/u_fabric/r5834 NOPATH
### mux_chan u_core/u_fabric/r8009 u_core/u_fabric/r8021 NOPATH
### mux_chan u_core/u_fabric/r801 u_core/u_fabric/r7638 NOPATH
### mux_chan u_core/u_fabric/r6076 u_core/u_fabric/r7892 NOPATH
### mux_chan u_core/u_fabric/r7106 u_core/u_fabric/r7074 NOPATH
### mux_chan u_core/u_fabric/r7919 u_core/u_fabric/r6064 NOPATH
### mux_chan u_core/u_fabric/r8156 u_core/u_fabric/r5942 NOPATH
### mux_chan u_core/u_fabric/r6859 u_core/u_fabric/r6499 NOPATH
### mux_chan u_core/u_fabric/r7324 u_core/u_fabric/r7298 NOPATH
### mux_chan u_core/u_fabric/r6836 u_core/u_fabric/r6311 NOPATH
### mux_ipin u_core/u_fabric/r7789 u_core/u_fabric/r3404 NOPATH
### mux_ipin u_core/u_fabric/r6230 u_core/u_fabric/r4147 NOPATH
### mux_ipin u_core/u_fabric/r6838 u_core/u_fabric/r4332 NOPATH
### mux_ipin u_core/u_fabric/r6400 u_core/u_fabric/r4457 NOPATH
### mux_ipin u_core/u_fabric/r7066 u_core/u_fabric/r330 NOPATH
### mux_ipin u_core/u_fabric/r6040 u_core/u_fabric/r2811 NOPATH
### mux_ipin u_core/u_fabric/r7068 u_core/u_fabric/r3969 NOPATH
### mux_ipin u_core/u_fabric/r7906 u_core/u_fabric/r2260 NOPATH
### mux_ipin u_core/u_fabric/r7700 u_core/u_fabric/r4142 NOPATH
### mux_ipin u_core/u_fabric/r7664 u_core/u_fabric/r3747 NOPATH
### mux_ipin u_core/u_fabric/r5845 u_core/u_fabric/r2041 NOPATH
### mux_ipin u_core/u_fabric/r7659 u_core/u_fabric/r2215 NOPATH
### mux_ipin u_core/u_fabric/r7644 u_core/u_fabric/r3268 NOPATH
### mux_ipin u_core/u_fabric/r6964 u_core/u_fabric/r4768 NOPATH
### mux_ipin u_core/u_fabric/r5240 u_core/u_fabric/r1123 NOPATH
### mux_ipin u_core/u_fabric/r7666 u_core/u_fabric/r3328 NOPATH
### mux_ipin u_core/u_fabric/r7800 u_core/u_fabric/r4194 NOPATH
### mux_ipin u_core/u_fabric/r7144 u_core/u_fabric/r307 NOPATH
### mux_ipin u_core/u_fabric/r7786 u_core/u_fabric/r3287 NOPATH
### mux_ipin u_core/u_fabric/r7748 u_core/u_fabric/r874 NOPATH
### mux_ipin u_core/u_fabric/r6426 u_core/u_fabric/r4584 NOPATH
### mux_ipin u_core/u_fabric/r7987 u_core/u_fabric/r1565 NOPATH
### mux_ipin u_core/u_fabric/r7556 u_core/u_fabric/r3705 NOPATH
### mux_ipin u_core/u_fabric/r5214 u_core/u_fabric/r895 NOPATH
### mux_ipin u_core/u_fabric/r5631 u_core/u_fabric/r1645 NOPATH
### mux_ipin u_core/u_fabric/r6245 u_core/u_fabric/r4233 NOPATH
### mux_ipin u_core/u_fabric/r6712 u_core/u_fabric/r5106 NOPATH
### mux_ipin u_core/u_fabric/r7631 u_core/u_fabric/r493 NOPATH
### mux_ipin u_core/u_fabric/r7771 u_core/u_fabric/r1022 NOPATH
### mux_ipin u_core/u_fabric/r7230 u_core/u_fabric/r4419 NOPATH
### mux_ipin u_core/u_fabric/r6214 u_core/u_fabric/r3656 NOPATH
### mux_ipin u_core/u_fabric/r7113 u_core/u_fabric/r4760 NOPATH
### mux_ipin u_core/u_fabric/r7907 u_core/u_fabric/r3845 NOPATH
### mux_ipin u_core/u_fabric/r6949 u_core/u_fabric/r3981 NOPATH
### mux_ipin u_core/u_fabric/r7429 u_core/u_fabric/r4058 NOPATH
### mux_ipin u_core/u_fabric/r5374 u_core/u_fabric/r489 NOPATH
### mux_ipin u_core/u_fabric/r7208 u_core/u_fabric/r2611 NOPATH
### mux_ipin u_core/u_fabric/r7356 u_core/u_fabric/r4803 NOPATH
### mux_ipin u_core/u_fabric/r5612 u_core/u_fabric/r1510 NOPATH
### mux_ipin u_core/u_fabric/r5891 u_core/u_fabric/r2212 NOPATH
### mux_ipin u_core/u_fabric/r7578 u_core/u_fabric/r4549 NOPATH
### mux_ipin u_core/u_fabric/r8163 u_core/u_fabric/r5061 NOPATH
### mux_ipin u_core/u_fabric/r5808 u_core/u_fabric/r2446 NOPATH
### mux_ipin u_core/u_fabric/r7789 u_core/u_fabric/r2268 NOPATH
### mux_ipin u_core/u_fabric/r5234 u_core/u_fabric/r1123 NOPATH
### mux_ipin u_core/u_fabric/r6648 u_core/u_fabric/r5082 NOPATH
### mux_ipin u_core/u_fabric/r5584 u_core/u_fabric/r1914 NOPATH
### mux_ipin u_core/u_fabric/r7172 u_core/u_fabric/r2596 NOPATH
### mux_ipin u_core/u_fabric/r7608 u_core/u_fabric/r996 NOPATH
### mux_ipin u_core/u_fabric/r6040 u_core/u_fabric/r3667 NOPATH
### mux_ipin u_core/u_fabric/r8046 u_core/u_fabric/r5073 NOPATH
### mux_ipin u_core/u_fabric/r7557 u_core/u_fabric/r2772 NOPATH
### mux_ipin u_core/u_fabric/r7271 u_core/u_fabric/r1352 NOPATH
### mux_ipin u_core/u_fabric/r7648 u_core/u_fabric/r982 NOPATH
### mux_ipin u_core/u_fabric/r5837 u_core/u_fabric/r2443 NOPATH
### mux_ipin u_core/u_fabric/r7079 u_core/u_fabric/r3573 NOPATH
### mux_ipin u_core/u_fabric/r7795 u_core/u_fabric/r3307 NOPATH
### mux_ipin u_core/u_fabric/r5924 u_core/u_fabric/r2340 NOPATH
### mux_ipin u_core/u_fabric/r8193 u_core/u_fabric/r5078 NOPATH
### mux_ipin u_core/u_fabric/r7613 u_core/u_fabric/r979 NOPATH
### mux_ipin u_core/u_fabric/r6259 u_core/u_fabric/r3870 NOPATH
### mux_ipin u_core/u_fabric/r7526 u_core/u_fabric/r1778 NOPATH
### mux_ipin u_core/u_fabric/r7291 u_core/u_fabric/r1691 NOPATH
### mux_ipin u_core/u_fabric/r5576 u_core/u_fabric/r1550 NOPATH
### mux_ipin u_core/u_fabric/r5727 u_core/u_fabric/r2179 NOPATH
### mux_ipin u_core/u_fabric/r6855 u_core/u_fabric/r4292 NOPATH
### mux_ipin u_core/u_fabric/r7702 u_core/u_fabric/r3359 NOPATH
### mux_ipin u_core/u_fabric/r5224 u_core/u_fabric/r35 NOPATH
### mux_ipin u_core/u_fabric/r7031 u_core/u_fabric/r1255 NOPATH
### mux_ipin u_core/u_fabric/r7681 u_core/u_fabric/r3296 NOPATH
### mux_ipin u_core/u_fabric/r5811 u_core/u_fabric/r2597 NOPATH
### mux_ipin u_core/u_fabric/r7899 u_core/u_fabric/r3448 NOPATH
### mux_ipin u_core/u_fabric/r6883 u_core/u_fabric/r128 NOPATH
### mux_ipin u_core/u_fabric/r7009 u_core/u_fabric/r287 NOPATH
### mux_ipin u_core/u_fabric/r7562 u_core/u_fabric/r3703 NOPATH
### mux_ipin u_core/u_fabric/r6953 u_core/u_fabric/r3584 NOPATH
### mux_ipin u_core/u_fabric/r7971 u_core/u_fabric/r1513 NOPATH
### mux_ipin u_core/u_fabric/r6521 u_core/u_fabric/r4721 NOPATH
### mux_ipin u_core/u_fabric/r6891 u_core/u_fabric/r1606 NOPATH
### mux_ipin u_core/u_fabric/r7402 u_core/u_fabric/r1340 NOPATH
### mux_ipin u_core/u_fabric/r5249 u_core/u_fabric/r1165 NOPATH
### mux_ipin u_core/u_fabric/r5677 u_core/u_fabric/r1731 NOPATH
### mux_ipin u_core/u_fabric/r7645 u_core/u_fabric/r1041 NOPATH
### mux_ipin u_core/u_fabric/r7668 u_core/u_fabric/r3324 NOPATH
### mux_ipin u_core/u_fabric/r5327 u_core/u_fabric/r1302 NOPATH
### mux_ipin u_core/u_fabric/r6926 u_core/u_fabric/r1658 NOPATH
### mux_ipin u_core/u_fabric/r5766 u_core/u_fabric/r1860 NOPATH
### mux_ipin u_core/u_fabric/r5937 u_core/u_fabric/r3486 NOPATH
### mux_ipin u_core/u_fabric/r6854 u_core/u_fabric/r4332 NOPATH
### mux_ipin u_core/u_fabric/r8123 u_core/u_fabric/r1555 NOPATH
### mux_ipin u_core/u_fabric/r6963 u_core/u_fabric/r4715 NOPATH
### mux_ipin u_core/u_fabric/r6169 u_core/u_fabric/r3973 NOPATH
### mux_ipin u_core/u_fabric/r7203 u_core/u_fabric/r2614 NOPATH
### mux_ipin u_core/u_fabric/r6376 u_core/u_fabric/r4500 NOPATH
### mux_ipin u_core/u_fabric/r6524 u_core/u_fabric/r4849 NOPATH
### mux_ipin u_core/u_fabric/r6441 u_core/u_fabric/r4586 NOPATH
### mux_ipin u_core/u_fabric/r7204 u_core/u_fabric/r4813 NOPATH
### mux_ipin u_core/u_fabric/r5441 u_core/u_fabric/r1155 NOPATH
### mux_ipin u_core/u_fabric/r6555 u_core/u_fabric/r3330 NOPATH
### mux_ipin u_core/u_fabric/r5859 u_core/u_fabric/r2085 NOPATH
### mux_ipin u_core/u_fabric/r7432 u_core/u_fabric/r2779 NOPATH
### mux_ipin u_core/u_fabric/r6945 u_core/u_fabric/r2395 NOPATH
### mux_ipin u_core/u_fabric/r7209 u_core/u_fabric/r4814 NOPATH
### mux_ipin u_core/u_fabric/r7728 u_core/u_fabric/r987 NOPATH
### mux_ipin u_core/u_fabric/r6530 u_core/u_fabric/r4405 NOPATH
### mux_ipin u_core/u_fabric/r5340 u_core/u_fabric/r1344 NOPATH
### mux_ipin u_core/u_fabric/r7794 u_core/u_fabric/r3406 NOPATH
### mux_ipin u_core/u_fabric/r6560 u_core/u_fabric/r4936 NOPATH
### mux_ipin u_core/u_fabric/r5886 u_core/u_fabric/r2213 NOPATH
### mux_ipin u_core/u_fabric/r5525 u_core/u_fabric/r1336 NOPATH
### mux_ipin u_core/u_fabric/r7123 u_core/u_fabric/r1705 NOPATH
### mux_ipin u_core/u_fabric/r7808 u_core/u_fabric/r4591 NOPATH
### mux_ipin u_core/u_fabric/r7760 u_core/u_fabric/r959 NOPATH
### mux_ipin u_core/u_fabric/r8172 u_core/u_fabric/r5062 NOPATH
### mux_ipin u_core/u_fabric/r6459 u_core/u_fabric/r4583 NOPATH
### mux_ipin u_core/u_fabric/r7159 u_core/u_fabric/r272 NOPATH
### mux_ipin u_core/u_fabric/r7775 u_core/u_fabric/r3403 NOPATH
### mux_ipin u_core/u_fabric/r8049 u_core/u_fabric/r4280 NOPATH
### mux_ipin u_core/u_fabric/r6791 u_core/u_fabric/r87 NOPATH
### mux_ipin u_core/u_fabric/r6579 u_core/u_fabric/r3330 NOPATH
### mux_ipin u_core/u_fabric/r7488 u_core/u_fabric/r1780 NOPATH
### mux_ipin u_core/u_fabric/r6945 u_core/u_fabric/r3929 NOPATH
### mux_ipin u_core/u_fabric/r7090 u_core/u_fabric/r4363 NOPATH
### mux_ipin u_core/u_fabric/r6438 u_core/u_fabric/r4182 NOPATH
### mux_ipin u_core/u_fabric/r7774 u_core/u_fabric/r3798 NOPATH
### mux_ipin u_core/u_fabric/r5909 u_core/u_fabric/r1017 NOPATH
### mux_ipin u_core/u_fabric/r7519 u_core/u_fabric/r450 NOPATH
### mux_ipin u_core/u_fabric/r7543 u_core/u_fabric/r2823 NOPATH
### mux_ipin u_core/u_fabric/r5872 u_core/u_fabric/r2169 NOPATH
### mux_ipin u_core/u_fabric/r6105 u_core/u_fabric/r3434 NOPATH
### mux_ipin u_core/u_fabric/r7949 u_core/u_fabric/r4579 NOPATH
### mux_ipin u_core/u_fabric/r5778 u_core/u_fabric/r1860 NOPATH
### mux_ipin u_core/u_fabric/r7179 u_core/u_fabric/r2594 NOPATH
### mux_ipin u_core/u_fabric/r7780 u_core/u_fabric/r3195 NOPATH
### mux_ipin u_core/u_fabric/r6850 u_core/u_fabric/r3937 NOPATH
### mux_ipin u_core/u_fabric/r5818 u_core/u_fabric/r2084 NOPATH
### mux_ipin u_core/u_fabric/r6842 u_core/u_fabric/r4334 NOPATH
### mux_ipin u_core/u_fabric/r7684 u_core/u_fabric/r3296 NOPATH
### mux_ipin u_core/u_fabric/r7989 u_core/u_fabric/r1910 NOPATH
### mux_ipin u_core/u_fabric/r5171 u_core/u_fabric/r7 NOPATH
### mux_ipin u_core/u_fabric/r7739 u_core/u_fabric/r991 NOPATH
### mux_ipin u_core/u_fabric/r7063 u_core/u_fabric/r2605 NOPATH
### mux_ipin u_core/u_fabric/r7694 u_core/u_fabric/r4144 NOPATH
### mux_ipin u_core/u_fabric/r7059 u_core/u_fabric/r2620 NOPATH
### mux_ipin u_core/u_fabric/r7043 u_core/u_fabric/r2046 NOPATH
### mux_ipin u_core/u_fabric/r7656 u_core/u_fabric/r1822 NOPATH
### mux_ipin u_core/u_fabric/r7664 u_core/u_fabric/r3318 NOPATH
### mux_ipin u_core/u_fabric/r7774 u_core/u_fabric/r2272 NOPATH
### mux_ipin u_core/u_fabric/r5829 u_core/u_fabric/r1999 NOPATH
### mux_ipin u_core/u_fabric/r7320 u_core/u_fabric/r4459 NOPATH
### mux_ipin u_core/u_fabric/r7786 u_core/u_fabric/r4197 NOPATH
### mux_ipin u_core/u_fabric/r6133 u_core/u_fabric/r3973 NOPATH
### mux_ipin u_core/u_fabric/r6065 u_core/u_fabric/r3432 NOPATH
### mux_ipin u_core/u_fabric/r7434 u_core/u_fabric/r2782 NOPATH
### mux_ipin u_core/u_fabric/r7728 u_core/u_fabric/r969 NOPATH
### mux_ipin u_core/u_fabric/r6066 u_core/u_fabric/r3794 NOPATH
### mux_ipin u_core/u_fabric/r5702 u_core/u_fabric/r2177 NOPATH
### mux_ipin u_core/u_fabric/r5894 u_core/u_fabric/r2212 NOPATH
### mux_ipin u_core/u_fabric/r7158 u_core/u_fabric/r1310 NOPATH
### mux_ipin u_core/u_fabric/r7693 u_core/u_fabric/r3354 NOPATH
### mux_ipin u_core/u_fabric/r5211 u_core/u_fabric/r31 NOPATH
### mux_ipin u_core/u_fabric/r7258 u_core/u_fabric/r1691 NOPATH
### mux_ipin u_core/u_fabric/r6225 u_core/u_fabric/r3744 NOPATH
### mux_ipin u_core/u_fabric/r6816 u_core/u_fabric/r3544 NOPATH
### mux_ipin u_core/u_fabric/r7553 u_core/u_fabric/r4154 NOPATH
### mux_ipin u_core/u_fabric/r7568 u_core/u_fabric/r4942 NOPATH
### mux_ipin u_core/u_fabric/r7914 u_core/u_fabric/r4237 NOPATH
### mux_ipin u_core/u_fabric/r8183 u_core/u_fabric/r4683 NOPATH
### mux_ipin u_core/u_fabric/r6259 u_core/u_fabric/r4190 NOPATH
### mux_ipin u_core/u_fabric/r5905 u_core/u_fabric/r3211 NOPATH
### mux_ipin u_core/u_fabric/r7246 u_core/u_fabric/r1299 NOPATH
### mux_ipin u_core/u_fabric/r7206 u_core/u_fabric/r2645 NOPATH
### mux_ipin u_core/u_fabric/r7092 u_core/u_fabric/r3573 NOPATH
### mux_ipin u_core/u_fabric/r6507 u_core/u_fabric/r4720 NOPATH
### mux_ipin u_core/u_fabric/r7675 u_core/u_fabric/r3272 NOPATH
### mux_ipin u_core/u_fabric/r5903 u_core/u_fabric/r2341 NOPATH
### mux_ipin u_core/u_fabric/r6272 u_core/u_fabric/r4274 NOPATH
### mux_ipin u_core/u_fabric/r7431 u_core/u_fabric/r4108 NOPATH
### mux_ipin u_core/u_fabric/r7657 u_core/u_fabric/r1823 NOPATH
### mux_ipin u_core/u_fabric/r7310 u_core/u_fabric/r4064 NOPATH
### mux_ipin u_core/u_fabric/r8121 u_core/u_fabric/r1159 NOPATH
### mux_ipin u_core/u_fabric/r7084 u_core/u_fabric/r2620 NOPATH
### mux_ipin u_core/u_fabric/r7447 u_core/u_fabric/r3662 NOPATH
### mux_ipin u_core/u_fabric/r8023 u_core/u_fabric/r3888 NOPATH
### mux_ipin u_core/u_fabric/r7662 u_core/u_fabric/r3301 NOPATH
### mux_ipin u_core/u_fabric/r7247 u_core/u_fabric/r1296 NOPATH
### mux_ipin u_core/u_fabric/r7297 u_core/u_fabric/r2090 NOPATH
### mux_ipin u_core/u_fabric/r7665 u_core/u_fabric/r3291 NOPATH
### mux_ipin u_core/u_fabric/r5222 u_core/u_fabric/r31 NOPATH
### mux_ipin u_core/u_fabric/r6833 u_core/u_fabric/r3939 NOPATH
### mux_ipin u_core/u_fabric/r7490 u_core/u_fabric/r2227 NOPATH
### mux_ipin u_core/u_fabric/r7889 u_core/u_fabric/r3449 NOPATH
### mux_ipin u_core/u_fabric/r6823 u_core/u_fabric/r2408 NOPATH
### mux_ipin u_core/u_fabric/r5787 u_core/u_fabric/r2308 NOPATH
### mux_ipin u_core/u_fabric/r8003 u_core/u_fabric/r1962 NOPATH
### mux_ipin u_core/u_fabric/r6019 u_core/u_fabric/r3666 NOPATH
### mux_ipin u_core/u_fabric/r8127 u_core/u_fabric/r3483 NOPATH
### mux_ipin u_core/u_fabric/r8027 u_core/u_fabric/r4226 NOPATH
### mux_ipin u_core/u_fabric/r7436 u_core/u_fabric/r4056 NOPATH
### mux_ipin u_core/u_fabric/r6588 u_core/u_fabric/r5024 NOPATH
### mux_xbar u_core/u_fabric/r1129 u_core/u_fabric/u_clb_x10y1/x2[4] NOPATH
### mux_xbar u_core/u_fabric/r4008 u_core/u_fabric/u_clb_x4y7/x0[1] NOPATH
### mux_xbar u_core/u_fabric/r2053 u_core/u_fabric/u_clb_x2y4/x0[4] NOPATH
### mux_xbar u_core/u_fabric/r4717 u_core/u_fabric/u_clb_x1y9/x3[2] NOPATH
### mux_xbar u_core/u_fabric/r4758 u_core/u_fabric/u_clb_x2y9/x3[1] NOPATH
### mux_xbar u_core/u_fabric/r2253 u_core/u_fabric/u_clb_x9y4/x0[2] NOPATH
### mux_xbar u_core/u_fabric/r4662 u_core/u_fabric/u_clb_x11y8/x2[3] NOPATH
### mux_xbar u_core/u_fabric/r369 u_core/u_fabric/u_clb_x4y1/x1[2] NOPATH
### mux_xbar u_core/u_fabric/r3567 u_core/u_fabric/u_clb_x2y6/x1[1] NOPATH
### mux_xbar u_core/u_fabric/r4659 u_core/u_fabric/u_clb_x11y8/x2[2] NOPATH
### mux_xbar u_core/u_fabric/r1547 u_core/u_fabric/u_clb_x11y2/x3[0] NOPATH
### mux_xbar u_core/u_fabric/r4715 u_core/u_fabric/u_clb_x1y9/x0[2] NOPATH
### mux_xbar u_core/u_fabric/r3542 u_core/u_fabric/u_clb_x1y6/x0[4] NOPATH
### mux_xbar u_core/u_fabric/r2142 u_core/u_fabric/u_clb_x5y4/x2[5] NOPATH
### mux_xbar u_core/u_fabric/r1690 u_core/u_fabric/u_clb_x4y3/x1[0] NOPATH
### mux_xbar u_core/u_fabric/r1164 u_core/u_fabric/u_clb_x11y1/x1[2] NOPATH
### mux_xbar u_core/u_fabric/r4530 u_core/u_fabric/u_clb_x7y8/x3[3] NOPATH
### mux_xbar u_core/u_fabric/r117 u_core/u_fabric/u_clb_x2y1/x0[3] NOPATH
### mux_xbar u_core/u_fabric/r2719 u_core/u_fabric/u_clb_x5y5/x3[0] NOPATH
### mux_xbar u_core/u_fabric/r2128 u_core/u_fabric/u_clb_x5y4/x0[2] NOPATH
### mux_xbar u_core/u_fabric/r5055 u_core/u_fabric/u_clb_x11y9/x2[1] NOPATH
### mux_xbar u_core/u_fabric/r3574 u_core/u_fabric/u_clb_x2y6/x3[0] NOPATH
### mux_xbar u_core/u_fabric/r4932 u_core/u_fabric/u_clb_x7y9/x3[4] NOPATH
### mux_xbar u_core/u_fabric/r4227 u_core/u_fabric/u_clb_x10y7/x3[4] NOPATH
### mux_xbar u_core/u_fabric/r2311 u_core/u_fabric/u_clb_x10y4/x2[1] NOPATH
### mux_xbar u_core/u_fabric/r1548 u_core/u_fabric/u_clb_x11y2/x1[1] NOPATH
### mux_xbar u_core/u_fabric/r3833 u_core/u_fabric/u_clb_x10y6/x2[1] NOPATH
### mux_xbar u_core/u_fabric/r2078 u_core/u_fabric/u_clb_x4y4/x2[0] NOPATH
### mux_xbar u_core/u_fabric/r3971 u_core/u_fabric/u_clb_x2y7/x0[3] NOPATH
### mux_xbar u_core/u_fabric/r1640 u_core/u_fabric/u_clb_x2y3/x1[1] NOPATH
### mux_xbar u_core/u_fabric/r3874 u_core/u_fabric/u_clb_x11y6/x0[3] NOPATH
### mux_xbar u_core/u_fabric/r4110 u_core/u_fabric/u_clb_x6y7/x0[1] NOPATH
### mux_xbar u_core/u_fabric/r504 u_core/u_fabric/u_clb_x7y1/x0[3] NOPATH
### mux_xbar u_core/u_fabric/r2129 u_core/u_fabric/u_clb_x5y4/x3[1] NOPATH
### mux_xbar u_core/u_fabric/r4107 u_core/u_fabric/u_clb_x6y7/x0[1] NOPATH
### mux_xbar u_core/u_fabric/r1291 u_core/u_fabric/u_clb_x4y2/x0[5] NOPATH
### mux_xbar u_core/u_fabric/r4502 u_core/u_fabric/u_clb_x6y8/x0[4] NOPATH
### mux_xbar u_core/u_fabric/r3672 u_core/u_fabric/u_clb_x5y6/x0[1] NOPATH
### mux_xbar u_core/u_fabric/r1115 u_core/u_fabric/u_clb_x10y1/x3[4] NOPATH
### mux_xbar u_core/u_fabric/r2779 u_core/u_fabric/u_clb_x6y5/x1[3] NOPATH
### mux_xbar u_core/u_fabric/r1128 u_core/u_fabric/u_clb_x10y1/x2[2] NOPATH
### mux_xbar u_core/u_fabric/r4803 u_core/u_fabric/u_clb_x4y9/x2[5] NOPATH
### mux_xbar u_core/u_fabric/r3739 u_core/u_fabric/u_clb_x7y6/x1[2] NOPATH
### mux_xbar u_core/u_fabric/r374 u_core/u_fabric/u_clb_x4y1/x0[5] NOPATH
### mux_xbar u_core/u_fabric/r1597 u_core/u_fabric/u_clb_x1y3/x2[4] NOPATH
### mux_xbar u_core/u_fabric/r4065 u_core/u_fabric/u_clb_x5y7/x2[4] NOPATH
### mux_xbar u_core/u_fabric/r5057 u_core/u_fabric/u_clb_x11y9/x3[1] NOPATH
### mux_xbar u_core/u_fabric/r1601 u_core/u_fabric/u_clb_x1y3/x1[3] NOPATH
### mux_xbar u_core/u_fabric/r4970 u_core/u_fabric/u_clb_x9y9/x2[1] NOPATH
### mux_xbar u_core/u_fabric/r1243 u_core/u_fabric/u_clb_x2y2/x2[2] NOPATH
### mux_xbar u_core/u_fabric/r3530 u_core/u_fabric/u_clb_x1y6/x2[5] NOPATH
### mux_xbar u_core/u_fabric/r4718 u_core/u_fabric/u_clb_x1y9/x1[2] NOPATH
### mux_xbar u_core/u_fabric/r4965 u_core/u_fabric/u_clb_x9y9/x1[3] NOPATH
### mux_xbar u_core/u_fabric/r2179 u_core/u_fabric/u_clb_x6y4/x1[3] NOPATH
### mux_xbar u_core/u_fabric/r4522 u_core/u_fabric/u_clb_x7y8/x3[2] NOPATH
### mux_xbar u_core/u_fabric/r2311 u_core/u_fabric/u_clb_x10y4/x2[3] NOPATH
### mux_xbar u_core/u_fabric/r1817 u_core/u_fabric/u_clb_x7y3/x3[0] NOPATH
### mux_xbar u_core/u_fabric/r4171 u_core/u_fabric/u_clb_x9y7/x0[2] NOPATH
### mux_xbar u_core/u_fabric/r1812 u_core/u_fabric/u_clb_x7y3/x2[3] NOPATH
### mux_xbar u_core/u_fabric/r1957 u_core/u_fabric/u_clb_x11y3/x3[5] NOPATH
### mux_xbar u_core/u_fabric/r2429 u_core/u_fabric/u_clb_x2y5/x3[5] NOPATH
### mux_xbar u_core/u_fabric/r2135 u_core/u_fabric/u_clb_x5y4/x2[2] NOPATH
### mux_xbar u_core/u_fabric/r1108 u_core/u_fabric/u_clb_x10y1/x3[1] NOPATH
### mux_xbar u_core/u_fabric/r1164 u_core/u_fabric/u_clb_x11y1/x2[0] NOPATH
### mux_xbar u_core/u_fabric/r5010 u_core/u_fabric/u_clb_x10y9/x2[1] NOPATH
### mux_xbar u_core/u_fabric/r4145 u_core/u_fabric/u_clb_x7y7/x2[0] NOPATH
### mux_xbar u_core/u_fabric/r4813 u_core/u_fabric/u_clb_x4y9/x3[4] NOPATH
### mux_xbar u_core/u_fabric/r2802 u_core/u_fabric/u_clb_x7y5/x3[3] NOPATH
### mux_xbar u_core/u_fabric/r3881 u_core/u_fabric/u_clb_x11y6/x0[5] NOPATH
### mux_xbar u_core/u_fabric/r4090 u_core/u_fabric/u_clb_x6y7/x0[4] NOPATH
### mux_xbar u_core/u_fabric/r4327 u_core/u_fabric/u_clb_x1y8/x1[4] NOPATH
### mux_xbar u_core/u_fabric/r500 u_core/u_fabric/u_clb_x7y1/x2[3] NOPATH
### mux_xbar u_core/u_fabric/r1642 u_core/u_fabric/u_clb_x2y3/x0[4] NOPATH
### mux_xbar u_core/u_fabric/r2263 u_core/u_fabric/u_clb_x9y4/x3[0] NOPATH
### mux_xbar u_core/u_fabric/r4796 u_core/u_fabric/u_clb_x4y9/x1[1] NOPATH
### mux_xbar u_core/u_fabric/r4331 u_core/u_fabric/u_clb_x1y8/x1[0] NOPATH
### mux_xbar u_core/u_fabric/r2132 u_core/u_fabric/u_clb_x5y4/x2[4] NOPATH
### mux_xbar u_core/u_fabric/r2775 u_core/u_fabric/u_clb_x6y5/x1[5] NOPATH
### mux_xbar u_core/u_fabric/r4586 u_core/u_fabric/u_clb_x9y8/x1[2] NOPATH
### mux_xbar u_core/u_fabric/r1957 u_core/u_fabric/u_clb_x11y3/x1[3] NOPATH
### mux_xbar u_core/u_fabric/r3491 u_core/u_fabric/u_clb_x11y5/x2[3] NOPATH
### mux_xbar u_core/u_fabric/r4307 u_core/u_fabric/u_clb_x1y8/x3[2] NOPATH
### mux_xbar u_core/u_fabric/r3529 u_core/u_fabric/u_clb_x1y6/x1[5] NOPATH
### mux_xbar u_core/u_fabric/r1651 u_core/u_fabric/u_clb_x2y3/x2[2] NOPATH
### mux_xbar u_core/u_fabric/r3958 u_core/u_fabric/u_clb_x2y7/x0[0] NOPATH
### mux_xbar u_core/u_fabric/r2091 u_core/u_fabric/u_clb_x4y4/x2[0] NOPATH
### mux_xbar u_core/u_fabric/r4586 u_core/u_fabric/u_clb_x9y8/x1[4] NOPATH
### mux_xbar u_core/u_fabric/r2435 u_core/u_fabric/u_clb_x2y5/x2[0] NOPATH
### mux_xbar u_core/u_fabric/r1894 u_core/u_fabric/u_clb_x10y3/x1[1] NOPATH
### mux_xbar u_core/u_fabric/r2088 u_core/u_fabric/u_clb_x4y4/x1[4] NOPATH
### mux_xbar u_core/u_fabric/r4579 u_core/u_fabric/u_clb_x9y8/x1[3] NOPATH
### mux_xbar u_core/u_fabric/r5065 u_core/u_fabric/u_clb_x11y9/x1[3] NOPATH
### mux_xbar u_core/u_fabric/r2011 u_core/u_fabric/u_clb_x1y4/x3[0] NOPATH
### mux_xbar u_core/u_fabric/r4844 u_core/u_fabric/u_clb_x5y9/x0[4] NOPATH
### mux_xbar u_core/u_fabric/r403 u_core/u_fabric/u_clb_x5y1/x1[5] NOPATH
### mux_xbar u_core/u_fabric/r4627 u_core/u_fabric/u_clb_x10y8/x3[1] NOPATH
### mux_xbar u_core/u_fabric/r3526 u_core/u_fabric/u_clb_x1y6/x3[1] NOPATH
### mux_xbar u_core/u_fabric/r2391 u_core/u_fabric/u_clb_x1y5/x0[0] NOPATH
### mux_xbar u_core/u_fabric/r3712 u_core/u_fabric/u_clb_x6y6/x0[3] NOPATH
### mux_xbar u_core/u_fabric/r2030 u_core/u_fabric/u_clb_x2y4/x1[0] NOPATH
### mux_xbar u_core/u_fabric/r2137 u_core/u_fabric/u_clb_x5y4/x2[2] NOPATH
### mux_xbar u_core/u_fabric/r1735 u_core/u_fabric/u_clb_x5y3/x2[2] NOPATH
### mux_xbar u_core/u_fabric/r1153 u_core/u_fabric/u_clb_x11y1/x1[0] NOPATH
### mux_xbar u_core/u_fabric/r4654 u_core/u_fabric/u_clb_x11y8/x0[5] NOPATH
### mux_xbar u_core/u_fabric/r1599 u_core/u_fabric/u_clb_x1y3/x3[2] NOPATH
### mux_xbar u_core/u_fabric/r4404 u_core/u_fabric/u_clb_x4y8/x3[3] NOPATH
### mux_xbar u_core/u_fabric/r3739 u_core/u_fabric/u_clb_x7y6/x1[5] NOPATH
### mux_xbar u_core/u_fabric/r4454 u_core/u_fabric/u_clb_x5y8/x0[3] NOPATH
### mux_xbar u_core/u_fabric/r1514 u_core/u_fabric/u_clb_x10y2/x3[2] NOPATH
### mux_xbar u_core/u_fabric/r4534 u_core/u_fabric/u_clb_x7y8/x3[5] NOPATH
### mux_xbar u_core/u_fabric/r2083 u_core/u_fabric/u_clb_x4y4/x3[1] NOPATH
### mux_xbar u_core/u_fabric/r3825 u_core/u_fabric/u_clb_x10y6/x1[0] NOPATH
### mux_xbar u_core/u_fabric/r4152 u_core/u_fabric/u_clb_x7y7/x3[3] NOPATH
### mux_xbar u_core/u_fabric/r1613 u_core/u_fabric/u_clb_x1y3/x1[5] NOPATH
### mux_xbar u_core/u_fabric/r1468 u_core/u_fabric/u_clb_x9y2/x3[0] NOPATH
### mux_xbar u_core/u_fabric/r1458 u_core/u_fabric/u_clb_x9y2/x2[5] NOPATH
### mux_xbar u_core/u_fabric/r3741 u_core/u_fabric/u_clb_x7y6/x0[3] NOPATH
### mux_xbar u_core/u_fabric/r2817 u_core/u_fabric/u_clb_x7y5/x0[2] NOPATH
### mux_xbar u_core/u_fabric/r2354 u_core/u_fabric/u_clb_x11y4/x0[5] NOPATH
### mux_xbar u_core/u_fabric/r3525 u_core/u_fabric/u_clb_x1y6/x2[2] NOPATH
### mux_xbar u_core/u_fabric/r2005 u_core/u_fabric/u_clb_x1y4/x1[2] NOPATH
### mux_xbar u_core/u_fabric/r1377 u_core/u_fabric/u_clb_x6y2/x0[4] NOPATH
### mux_xbar u_core/u_fabric/r1807 u_core/u_fabric/u_clb_x7y3/x1[5] NOPATH
### mux_xbar u_core/u_fabric/r4935 u_core/u_fabric/u_clb_x7y9/x2[0] NOPATH
### mux_xbar u_core/u_fabric/r2309 u_core/u_fabric/u_clb_x10y4/x3[0] NOPATH
### mux_xbar u_core/u_fabric/r1111 u_core/u_fabric/u_clb_x10y1/x3[0] NOPATH
### mux_xbar u_core/u_fabric/r1339 u_core/u_fabric/u_clb_x5y2/x0[2] NOPATH
### mux_xbar u_core/u_fabric/r1907 u_core/u_fabric/u_clb_x10y3/x3[3] NOPATH
### mux_xbar u_core/u_fabric/r3520 u_core/u_fabric/u_clb_x1y6/x0[4] NOPATH
### mux_xbar u_core/u_fabric/r2396 u_core/u_fabric/u_clb_x1y5/x2[1] NOPATH
### mux_xbar u_core/u_fabric/r4010 u_core/u_fabric/u_clb_x4y7/x0[0] NOPATH
### mux_xbar u_core/u_fabric/r1309 u_core/u_fabric/u_clb_x4y2/x1[2] NOPATH
### mux_xbar u_core/u_fabric/r1747 u_core/u_fabric/u_clb_x5y3/x0[5] NOPATH
### mux_xbar u_core/u_fabric/r500 u_core/u_fabric/u_clb_x7y1/x0[2] NOPATH
### mux_xbar u_core/u_fabric/r1063 u_core/u_fabric/u_clb_x9y1/x1[1] NOPATH
### mux_xbar u_core/u_fabric/r4495 u_core/u_fabric/u_clb_x6y8/x3[5] NOPATH
### mux_xbar u_core/u_fabric/r364 u_core/u_fabric/u_clb_x4y1/x2[3] NOPATH
### mux_xbar u_core/u_fabric/r1859 u_core/u_fabric/u_clb_x9y3/x2[3] NOPATH
### mux_xbar u_core/u_fabric/r4940 u_core/u_fabric/u_clb_x7y9/x2[5] NOPATH
### mux_xbar u_core/u_fabric/r413 u_core/u_fabric/u_clb_x5y1/x3[4] NOPATH
### mux_xbar u_core/u_fabric/r4003 u_core/u_fabric/u_clb_x4y7/x1[0] NOPATH
### mux_xbar u_core/u_fabric/r5051 u_core/u_fabric/u_clb_x11y9/x0[2] NOPATH
### mux_xbar u_core/u_fabric/r4177 u_core/u_fabric/u_clb_x9y7/x0[3] NOPATH
### mux_xbar u_core/u_fabric/r4575 u_core/u_fabric/u_clb_x9y8/x3[0] NOPATH
### mux_xbar u_core/u_fabric/r3751 u_core/u_fabric/u_clb_x7y6/x1[1] NOPATH
### mux_xbar u_core/u_fabric/r2690 u_core/u_fabric/u_clb_x4y5/x3[5] NOPATH
### mux_xbar u_core/u_fabric/r4837 u_core/u_fabric/u_clb_x5y9/x1[4] NOPATH
### mux_xbar u_core/u_fabric/r2170 u_core/u_fabric/u_clb_x6y4/x0[5] NOPATH
### mux_xbar u_core/u_fabric/r1379 u_core/u_fabric/u_clb_x6y2/x1[4] NOPATH
### mux_xbar u_core/u_fabric/r4579 u_core/u_fabric/u_clb_x9y8/x3[0] NOPATH
### mux_xbar u_core/u_fabric/r4969 u_core/u_fabric/u_clb_x9y9/x3[1] NOPATH
### mux_xbar u_core/u_fabric/r1649 u_core/u_fabric/u_clb_x2y3/x2[3] NOPATH
### mux_xbar u_core/u_fabric/r1241 u_core/u_fabric/u_clb_x2y2/x3[2] NOPATH
### mux_xbar u_core/u_fabric/r1903 u_core/u_fabric/u_clb_x10y3/x1[0] NOPATH
### mux_xbar u_core/u_fabric/r1959 u_core/u_fabric/u_clb_x11y3/x2[0] NOPATH
### mux_xbar u_core/u_fabric/r4017 u_core/u_fabric/u_clb_x4y7/x1[1] NOPATH
### mux_xbar u_core/u_fabric/r3783 u_core/u_fabric/u_clb_x9y6/x0[4] NOPATH
### mux_xbar u_core/u_fabric/r3404 u_core/u_fabric/u_clb_x9y5/x3[5] NOPATH
### mux_xbar u_core/u_fabric/r1645 u_core/u_fabric/u_clb_x2y3/x0[4] NOPATH
### mux_xbar u_core/u_fabric/r1955 u_core/u_fabric/u_clb_x11y3/x1[2] NOPATH
### mux_xbar u_core/u_fabric/r1955 u_core/u_fabric/u_clb_x11y3/x3[1] NOPATH
### mux_xbar u_core/u_fabric/r2215 u_core/u_fabric/u_clb_x7y4/x1[0] NOPATH
### mux_xbar u_core/u_fabric/r3844 u_core/u_fabric/u_clb_x10y6/x2[3] NOPATH
### mux_xbar u_core/u_fabric/r4275 u_core/u_fabric/u_clb_x11y7/x0[5] NOPATH
### mux_xbar u_core/u_fabric/r4408 u_core/u_fabric/u_clb_x4y8/x3[5] NOPATH
### mux_xbar u_core/u_fabric/r3489 u_core/u_fabric/u_clb_x11y5/x1[1] NOPATH
### mux_xbar u_core/u_fabric/r1866 u_core/u_fabric/u_clb_x9y3/x0[2] NOPATH
### mux_xbar u_core/u_fabric/r3786 u_core/u_fabric/u_clb_x9y6/x1[3] NOPATH
### mux_xbar u_core/u_fabric/r2078 u_core/u_fabric/u_clb_x4y4/x1[2] NOPATH
### mux_xbar u_core/u_fabric/r2443 u_core/u_fabric/u_clb_x2y5/x2[1] NOPATH
### mux_xbar u_core/u_fabric/r4006 u_core/u_fabric/u_clb_x4y7/x1[5] NOPATH
### mux_xbar u_core/u_fabric/r4479 u_core/u_fabric/u_clb_x6y8/x2[0] NOPATH
### mux_xbar u_core/u_fabric/r1351 u_core/u_fabric/u_clb_x5y2/x2[2] NOPATH
### mux_xbar u_core/u_fabric/r1875 u_core/u_fabric/u_clb_x9y3/x1[1] NOPATH
### mux_xbar u_core/u_fabric/r1159 u_core/u_fabric/u_clb_x11y1/x3[5] NOPATH
### mux_xbar u_core/u_fabric/r484 u_core/u_fabric/u_clb_x7y1/x1[0] NOPATH
### mux_xbar u_core/u_fabric/r130 u_core/u_fabric/u_clb_x2y1/x3[0] NOPATH
### mux_xbar u_core/u_fabric/r69 u_core/u_fabric/u_clb_x1y1/x2[2] NOPATH
### mux_xbar u_core/u_fabric/r3933 u_core/u_fabric/u_clb_x1y7/x2[3] NOPATH
### mux_xbar u_core/u_fabric/r2398 u_core/u_fabric/u_clb_x1y5/x1[2] NOPATH
### mux_xbar u_core/u_fabric/r3429 u_core/u_fabric/u_clb_x10y5/x2[2] NOPATH
### mux_xbar u_core/u_fabric/r4448 u_core/u_fabric/u_clb_x5y8/x0[0] NOPATH
### mux_xbar u_core/u_fabric/r2209 u_core/u_fabric/u_clb_x7y4/x2[4] NOPATH
### mux_xbar u_core/u_fabric/r1788 u_core/u_fabric/u_clb_x6y3/x1[0] NOPATH
### mux_xbar u_core/u_fabric/r3518 u_core/u_fabric/u_clb_x1y6/x2[0] NOPATH
### mux_xbar u_core/u_fabric/r1595 u_core/u_fabric/u_clb_x1y3/x0[5] NOPATH
### mux_xbar u_core/u_fabric/r4749 u_core/u_fabric/u_clb_x2y9/x2[0] NOPATH
### mux_xbar u_core/u_fabric/r1562 u_core/u_fabric/u_clb_x11y2/x1[1] NOPATH
### mux_xbar u_core/u_fabric/r398 u_core/u_fabric/u_clb_x5y1/x1[5] NOPATH
### mux_xbar u_core/u_fabric/r112 u_core/u_fabric/u_clb_x2y1/x2[5] NOPATH
### mux_xbar u_core/u_fabric/r3479 u_core/u_fabric/u_clb_x11y5/x0[1] NOPATH
### mux_xbar u_core/u_fabric/r1509 u_core/u_fabric/u_clb_x10y2/x2[0] NOPATH
### mux_xbar u_core/u_fabric/r4841 u_core/u_fabric/u_clb_x5y9/x2[3] NOPATH
### mux_xbar u_core/u_fabric/r4213 u_core/u_fabric/u_clb_x10y7/x2[5] NOPATH
### mux_xbar u_core/u_fabric/r1086 u_core/u_fabric/u_clb_x9y1/x1[5] NOPATH
### mux_xbar u_core/u_fabric/r4356 u_core/u_fabric/u_clb_x2y8/x1[0] NOPATH
### mux_xbar u_core/u_fabric/r3430 u_core/u_fabric/u_clb_x10y5/x0[4] NOPATH
### mux_xbar u_core/u_fabric/r2049 u_core/u_fabric/u_clb_x2y4/x3[4] NOPATH
### mux_xbar u_core/u_fabric/r1437 u_core/u_fabric/u_clb_x7y2/x3[0] NOPATH
### mux_xbar u_core/u_fabric/r1201 u_core/u_fabric/u_clb_x1y2/x0[1] NOPATH
### ffq u_core/u_fabric/u_clb_x7y7/u_e0/q_reg u_core/u_fabric/r4130 NOPATH
### ffd u_core/u_fabric/u_clb_x7y7/x0[0] u_core/u_fabric/u_clb_x7y7/u_e0/q_reg NOPATH
### ffq u_core/u_fabric/u_clb_x4y5/u_e3/q_reg u_core/u_fabric/r2678 NOPATH
### ffd u_core/u_fabric/u_clb_x4y5/x3[0] u_core/u_fabric/u_clb_x4y5/u_e3/q_reg NOPATH
### ffq u_core/u_fabric/u_clb_x2y1/u_e3/q_reg u_core/u_fabric/r113 NOPATH
### ffd u_core/u_fabric/u_clb_x2y1/x3[0] u_core/u_fabric/u_clb_x2y1/u_e3/q_reg NOPATH
### ffq u_core/u_fabric/u_clb_x6y1/u_e2/q_reg u_core/u_fabric/r440 NOPATH
### ffd u_core/u_fabric/u_clb_x6y1/x2[0] u_core/u_fabric/u_clb_x6y1/u_e2/q_reg NOPATH
### ffq u_core/u_fabric/u_clb_x7y8/u_e2/q_reg u_core/u_fabric/r4526 NOPATH
### ffd u_core/u_fabric/u_clb_x7y8/x2[0] u_core/u_fabric/u_clb_x7y8/u_e2/q_reg NOPATH
### ffq u_core/u_fabric/u_clb_x10y1/u_e3/q_reg u_core/u_fabric/r1111 NOPATH
### ffd u_core/u_fabric/u_clb_x10y1/x3[0] u_core/u_fabric/u_clb_x10y1/u_e3/q_reg NOPATH
### ffq u_core/u_fabric/u_clb_x6y8/u_e0/q_reg u_core/u_fabric/r4482 NOPATH
### ffd u_core/u_fabric/u_clb_x6y8/x0[0] u_core/u_fabric/u_clb_x6y8/u_e0/q_reg NOPATH
### ffq u_core/u_fabric/u_clb_x10y2/u_e2/q_reg u_core/u_fabric/r1502 NOPATH
### ffd u_core/u_fabric/u_clb_x10y2/x2[0] u_core/u_fabric/u_clb_x10y2/u_e2/q_reg NOPATH
### ffq u_core/u_fabric/u_clb_x7y1/u_e1/q_reg u_core/u_fabric/r486 NOPATH
### ffd u_core/u_fabric/u_clb_x7y1/x1[0] u_core/u_fabric/u_clb_x7y1/u_e1/q_reg NOPATH
### ffq u_core/u_fabric/u_clb_x11y4/u_e0/q_reg u_core/u_fabric/r2334 NOPATH
### ffd u_core/u_fabric/u_clb_x11y4/x0[0] u_core/u_fabric/u_clb_x11y4/u_e0/q_reg NOPATH
### ffq u_core/u_fabric/u_clb_x9y2/u_e0/q_reg u_core/u_fabric/r1458 NOPATH
### ffd u_core/u_fabric/u_clb_x9y2/x0[0] u_core/u_fabric/u_clb_x9y2/u_e0/q_reg NOPATH
### ffq u_core/u_fabric/u_clb_x2y7/u_e1/q_reg u_core/u_fabric/r3962 NOPATH
### ffd u_core/u_fabric/u_clb_x2y7/x1[0] u_core/u_fabric/u_clb_x2y7/u_e1/q_reg NOPATH
### ffq u_core/u_fabric/u_clb_x4y2/u_e2/q_reg u_core/u_fabric/r1287 NOPATH
### ffd u_core/u_fabric/u_clb_x4y2/x2[0] u_core/u_fabric/u_clb_x4y2/u_e2/q_reg NOPATH
### ffq u_core/u_fabric/u_clb_x9y3/u_e1/q_reg u_core/u_fabric/r1857 NOPATH
### ffd u_core/u_fabric/u_clb_x9y3/x1[0] u_core/u_fabric/u_clb_x9y3/u_e1/q_reg NOPATH
### ffq u_core/u_fabric/u_clb_x5y1/u_e2/q_reg u_core/u_fabric/r397 NOPATH
### ffd u_core/u_fabric/u_clb_x5y1/x2[0] u_core/u_fabric/u_clb_x5y1/u_e2/q_reg NOPATH
### ffq u_core/u_fabric/u_clb_x1y8/u_e3/q_reg u_core/u_fabric/r4315 NOPATH
### ffd u_core/u_fabric/u_clb_x1y8/x3[0] u_core/u_fabric/u_clb_x1y8/u_e3/q_reg NOPATH
### ffq u_core/u_fabric/u_clb_x11y4/u_e2/q_reg u_core/u_fabric/r2335 NOPATH
### ffd u_core/u_fabric/u_clb_x11y4/x2[0] u_core/u_fabric/u_clb_x11y4/u_e2/q_reg NOPATH
### ffq u_core/u_fabric/u_clb_x9y3/u_e2/q_reg u_core/u_fabric/r1854 NOPATH
### ffd u_core/u_fabric/u_clb_x9y3/x2[0] u_core/u_fabric/u_clb_x9y3/u_e2/q_reg NOPATH
### ffq u_core/u_fabric/u_clb_x5y7/u_e1/q_reg u_core/u_fabric/r4048 NOPATH
### ffd u_core/u_fabric/u_clb_x5y7/x1[0] u_core/u_fabric/u_clb_x5y7/u_e1/q_reg NOPATH
### ffq u_core/u_fabric/u_clb_x6y6/u_e3/q_reg u_core/u_fabric/r3697 NOPATH
### ffd u_core/u_fabric/u_clb_x6y6/x3[0] u_core/u_fabric/u_clb_x6y6/u_e3/q_reg NOPATH
### ffq u_core/u_fabric/u_clb_x9y5/u_e0/q_reg u_core/u_fabric/r3383 NOPATH
### ffd u_core/u_fabric/u_clb_x9y5/x0[0] u_core/u_fabric/u_clb_x9y5/u_e0/q_reg NOPATH
### ffq u_core/u_fabric/u_clb_x11y9/u_e3/q_reg u_core/u_fabric/r5054 NOPATH
### ffd u_core/u_fabric/u_clb_x11y9/x3[0] u_core/u_fabric/u_clb_x11y9/u_e3/q_reg NOPATH
### ffq u_core/u_fabric/u_clb_x10y4/u_e1/q_reg u_core/u_fabric/r2295 NOPATH
### ffd u_core/u_fabric/u_clb_x10y4/x1[0] u_core/u_fabric/u_clb_x10y4/u_e1/q_reg NOPATH
### ffq u_core/u_fabric/u_clb_x9y4/u_e1/q_reg u_core/u_fabric/r2252 NOPATH
### ffd u_core/u_fabric/u_clb_x9y4/x1[0] u_core/u_fabric/u_clb_x9y4/u_e1/q_reg NOPATH
### ffq u_core/u_fabric/u_clb_x6y4/u_e0/q_reg u_core/u_fabric/r2162 NOPATH
### ffd u_core/u_fabric/u_clb_x6y4/x0[0] u_core/u_fabric/u_clb_x6y4/u_e0/q_reg NOPATH
### ffq u_core/u_fabric/u_clb_x6y4/u_e1/q_reg u_core/u_fabric/r2166 NOPATH
### ffd u_core/u_fabric/u_clb_x6y4/x1[0] u_core/u_fabric/u_clb_x6y4/u_e1/q_reg NOPATH
### ffq u_core/u_fabric/u_clb_x10y1/u_e2/q_reg u_core/u_fabric/r1107 NOPATH
### ffd u_core/u_fabric/u_clb_x10y1/x2[0] u_core/u_fabric/u_clb_x10y1/u_e2/q_reg NOPATH
### ffq u_core/u_fabric/u_clb_x5y9/u_e1/q_reg u_core/u_fabric/r4838 NOPATH
### ffd u_core/u_fabric/u_clb_x5y9/x1[0] u_core/u_fabric/u_clb_x5y9/u_e1/q_reg NOPATH
### ffq u_core/u_fabric/u_clb_x5y9/u_e2/q_reg u_core/u_fabric/r4835 NOPATH
### ffd u_core/u_fabric/u_clb_x5y9/x2[0] u_core/u_fabric/u_clb_x5y9/u_e2/q_reg NOPATH
### ffq u_core/u_fabric/u_clb_x6y3/u_e1/q_reg u_core/u_fabric/r1771 NOPATH
### ffd u_core/u_fabric/u_clb_x6y3/x1[0] u_core/u_fabric/u_clb_x6y3/u_e1/q_reg NOPATH
### ffq u_core/u_fabric/u_clb_x11y5/u_e3/q_reg u_core/u_fabric/r3474 NOPATH
### ffd u_core/u_fabric/u_clb_x11y5/x3[0] u_core/u_fabric/u_clb_x11y5/u_e3/q_reg NOPATH
### ffq u_core/u_fabric/u_clb_x1y7/u_e3/q_reg u_core/u_fabric/r3920 NOPATH
### ffd u_core/u_fabric/u_clb_x1y7/x3[0] u_core/u_fabric/u_clb_x1y7/u_e3/q_reg NOPATH
### ffq u_core/u_fabric/u_clb_x7y9/u_e1/q_reg u_core/u_fabric/r4924 NOPATH
### ffd u_core/u_fabric/u_clb_x7y9/x1[0] u_core/u_fabric/u_clb_x7y9/u_e1/q_reg NOPATH
### ffq u_core/u_fabric/u_clb_x11y8/u_e2/q_reg u_core/u_fabric/r4655 NOPATH
### ffd u_core/u_fabric/u_clb_x11y8/x2[0] u_core/u_fabric/u_clb_x11y8/u_e2/q_reg NOPATH
### ffq u_core/u_fabric/u_clb_x5y8/u_e3/q_reg u_core/u_fabric/r4444 NOPATH
### ffd u_core/u_fabric/u_clb_x5y8/x3[0] u_core/u_fabric/u_clb_x5y8/u_e3/q_reg NOPATH
### ffq u_core/u_fabric/u_clb_x1y6/u_e0/q_reg u_core/u_fabric/r3520 NOPATH
### ffd u_core/u_fabric/u_clb_x1y6/x0[0] u_core/u_fabric/u_clb_x1y6/u_e0/q_reg NOPATH
### ffq u_core/u_fabric/u_clb_x10y8/u_e0/q_reg u_core/u_fabric/r4611 NOPATH
### ffd u_core/u_fabric/u_clb_x10y8/x0[0] u_core/u_fabric/u_clb_x10y8/u_e0/q_reg NOPATH
### ffq u_core/u_fabric/u_clb_x10y6/u_e3/q_reg u_core/u_fabric/r3826 NOPATH
### ffd u_core/u_fabric/u_clb_x10y6/x3[0] u_core/u_fabric/u_clb_x10y6/u_e3/q_reg NOPATH
### ffq u_core/u_fabric/u_clb_x7y8/u_e3/q_reg u_core/u_fabric/r4530 NOPATH
### ffd u_core/u_fabric/u_clb_x7y8/x3[0] u_core/u_fabric/u_clb_x7y8/u_e3/q_reg NOPATH
### ffq u_core/u_fabric/u_clb_x10y3/u_e2/q_reg u_core/u_fabric/r1897 NOPATH
### ffd u_core/u_fabric/u_clb_x10y3/x2[0] u_core/u_fabric/u_clb_x10y3/u_e2/q_reg NOPATH
### ffq u_core/u_fabric/u_clb_x1y7/u_e1/q_reg u_core/u_fabric/r3919 NOPATH
### ffd u_core/u_fabric/u_clb_x1y7/x1[0] u_core/u_fabric/u_clb_x1y7/u_e1/q_reg NOPATH
### ffq u_core/u_fabric/u_clb_x11y1/u_e3/q_reg u_core/u_fabric/r1154 NOPATH
### ffd u_core/u_fabric/u_clb_x11y1/x3[0] u_core/u_fabric/u_clb_x11y1/u_e3/q_reg NOPATH
### ffq u_core/u_fabric/u_clb_x10y4/u_e0/q_reg u_core/u_fabric/r2291 NOPATH
### ffd u_core/u_fabric/u_clb_x10y4/x0[0] u_core/u_fabric/u_clb_x10y4/u_e0/q_reg NOPATH
### ffq u_core/u_fabric/u_clb_x9y9/u_e0/q_reg u_core/u_fabric/r4963 NOPATH
### ffd u_core/u_fabric/u_clb_x9y9/x0[0] u_core/u_fabric/u_clb_x9y9/u_e0/q_reg NOPATH
### ffq u_core/u_fabric/u_clb_x1y2/u_e1/q_reg u_core/u_fabric/r1204 NOPATH
### ffd u_core/u_fabric/u_clb_x1y2/x1[0] u_core/u_fabric/u_clb_x1y2/u_e1/q_reg NOPATH
### ffq u_core/u_fabric/u_clb_x7y4/u_e0/q_reg u_core/u_fabric/r2205 NOPATH
### ffd u_core/u_fabric/u_clb_x7y4/x0[0] u_core/u_fabric/u_clb_x7y4/u_e0/q_reg NOPATH
### ffq u_core/u_fabric/u_clb_x6y3/u_e2/q_reg u_core/u_fabric/r1768 NOPATH
### ffd u_core/u_fabric/u_clb_x6y3/x2[0] u_core/u_fabric/u_clb_x6y3/u_e2/q_reg NOPATH
### ffq u_core/u_fabric/u_clb_x5y2/u_e1/q_reg u_core/u_fabric/r1333 NOPATH
### ffd u_core/u_fabric/u_clb_x5y2/x1[0] u_core/u_fabric/u_clb_x5y2/u_e1/q_reg NOPATH
### ffq u_core/u_fabric/u_clb_x2y3/u_e1/q_reg u_core/u_fabric/r1642 NOPATH
### ffd u_core/u_fabric/u_clb_x2y3/x1[0] u_core/u_fabric/u_clb_x2y3/u_e1/q_reg NOPATH
### ffq u_core/u_fabric/u_clb_x11y3/u_e0/q_reg u_core/u_fabric/r1939 NOPATH
### ffd u_core/u_fabric/u_clb_x11y3/x0[0] u_core/u_fabric/u_clb_x11y3/u_e0/q_reg NOPATH
