Copyright 1986-2022 Xilinx, Inc. All Rights Reserved. Copyright 2022-2025 Advanced Micro Devices, Inc. All Rights Reserved.
---------------------------------------------------------------------------------------------------------------------------------------------
| Tool Version : Vivado v.2025.2 (win64) Build 6299465 Fri Nov 14 19:35:11 GMT 2025
| Date         : Thu Sep 24 03:38:23 2026
| Host         : SARAVANB423 running 64-bit major release  (build 9200)
| Command      : report_timing_summary -file E:/bob_full_v1/bob_vivado/out/M22/timing.rpt
| Design       : bob_top
| Device       : 7z020-clg400
| Speed File   : -1  PRODUCTION 1.12 2019-11-22
| Design State : Routed
---------------------------------------------------------------------------------------------------------------------------------------------

Timing Summary Report

------------------------------------------------------------------------------------------------
| Timer Settings
| --------------
------------------------------------------------------------------------------------------------

  Enable Multi Corner Analysis               :  Yes
  Enable Pessimism Removal                   :  Yes
  Pessimism Removal Resolution               :  Nearest Common Node
  Enable Input Delay Default Clock           :  No
  Enable Preset / Clear Arcs                 :  No
  Disable Flight Delays                      :  No
  Ignore I/O Paths                           :  No
  Timing Early Launch at Borrowing Latches   :  No
  Borrow Time for Max Delay Exceptions       :  Yes
  Merge Timing Exceptions                    :  Yes
  Inter-SLR Compensation                     :  Conservative

  Corner  Analyze    Analyze    
  Name    Max Paths  Min Paths  
  ------  ---------  ---------  
  Slow    Yes        Yes        
  Fast    Yes        Yes        


------------------------------------------------------------------------------------------------
| Report Methodology
| ------------------
------------------------------------------------------------------------------------------------

Rule       Severity  Description                                 Violations  
---------  --------  ------------------------------------------  ----------  
SYNTH-6    Warning   Timing of a RAM block might be sub-optimal  4           
TIMING-9   Warning   Unknown CDC Logic                           1           
TIMING-23  Warning   Combinational loop found                    1           
TIMING-46  Warning   Multicycle path with tied CE pins           59          

Note: This report is based on the most recent report_methodology run and may not be up-to-date. Run report_methodology on the current design for the latest report.



check_timing report

Table of Contents
-----------------
1. checking no_clock (0)
2. checking constant_clock (0)
3. checking pulse_width_clock (0)
4. checking unconstrained_internal_endpoints (0)
5. checking no_input_delay (6)
6. checking no_output_delay (4)
7. checking multiple_clock (0)
8. checking generated_clocks (0)
9. checking loops (14621)
10. checking partial_input_delay (0)
11. checking partial_output_delay (0)
12. checking latch_loops (0)

1. checking no_clock (0)
------------------------
 There are 0 register/latch pins with no clock.


2. checking constant_clock (0)
------------------------------
 There are 0 register/latch pins with constant_clock.


3. checking pulse_width_clock (0)
---------------------------------
 There are 0 register/latch pins which need pulse_width check


4. checking unconstrained_internal_endpoints (0)
------------------------------------------------
 There are 0 pins that are not constrained for maximum delay.

 There are 0 pins that are not constrained for maximum delay due to constant clock.


5. checking no_input_delay (6)
------------------------------
 There are 0 input ports with no input delay specified.

 There are 6 input ports with no input delay but user has a false path constraint. (MEDIUM)


6. checking no_output_delay (4)
-------------------------------
 There are 0 ports with no output delay specified.

 There are 4 ports with no output delay but user has a false path constraint (MEDIUM)

 There are 0 ports with no output delay but with a timing clock defined on it or propagating through it


7. checking multiple_clock (0)
------------------------------
 There are 0 register/latch pins with multiple clocks.


8. checking generated_clocks (0)
--------------------------------
 There are 0 generated clocks that are not connected to a clock source.


9. checking loops (14621)
-------------------------
 There are 14621 combinational loops in the design. (HIGH)


10. checking partial_input_delay (0)
------------------------------------
 There are 0 input ports with partial input delay specified.


11. checking partial_output_delay (0)
-------------------------------------
 There are 0 ports with partial output delay specified.


12. checking latch_loops (0)
----------------------------
 There are 0 combinational latch loops in the design through latch input



------------------------------------------------------------------------------------------------
| Design Timing Summary
| ---------------------
------------------------------------------------------------------------------------------------

    WNS(ns)      TNS(ns)  TNS Failing Endpoints  TNS Total Endpoints      WHS(ns)      THS(ns)  THS Failing Endpoints  THS Total Endpoints     WPWS(ns)     TPWS(ns)  TPWS Failing Endpoints  TPWS Total Endpoints  
    -------      -------  ---------------------  -------------------      -------      -------  ---------------------  -------------------     --------     --------  ----------------------  --------------------  
      0.172        0.000                      0                97246        0.029        0.000                      0                97246        3.500        0.000                       0                 37924  


All user specified timing constraints are met.


------------------------------------------------------------------------------------------------
| Clock Summary
| -------------
------------------------------------------------------------------------------------------------

Clock   Waveform(ns)           Period(ns)      Frequency(MHz)
-----   ------------           ----------      --------------
sysclk  {0.000 4.000}          8.000           125.000         
tck     {0.000 5000.000}       10000.000       0.100           


------------------------------------------------------------------------------------------------
| Intra Clock Table
| -----------------
------------------------------------------------------------------------------------------------

Clock             WNS(ns)      TNS(ns)  TNS Failing Endpoints  TNS Total Endpoints      WHS(ns)      THS(ns)  THS Failing Endpoints  THS Total Endpoints     WPWS(ns)     TPWS(ns)  TPWS Failing Endpoints  TPWS Total Endpoints  
-----             -------      -------  ---------------------  -------------------      -------      -------  ---------------------  -------------------     --------     --------  ----------------------  --------------------  
sysclk              0.172        0.000                      0                 3206        0.119        0.000                      0                 3206        3.500        0.000                       0                  1779  
tck              4987.357        0.000                      0                94040        0.029        0.000                      0                94040     4999.019        0.000                       0                 36145  


------------------------------------------------------------------------------------------------
| Inter Clock Table
| -----------------
------------------------------------------------------------------------------------------------

From Clock    To Clock          WNS(ns)      TNS(ns)  TNS Failing Endpoints  TNS Total Endpoints      WHS(ns)      THS(ns)  THS Failing Endpoints  THS Total Endpoints  
----------    --------          -------      -------  ---------------------  -------------------      -------      -------  ---------------------  -------------------  


------------------------------------------------------------------------------------------------
| Other Path Groups Table
| -----------------------
------------------------------------------------------------------------------------------------

Path Group    From Clock    To Clock          WNS(ns)      TNS(ns)  TNS Failing Endpoints  TNS Total Endpoints      WHS(ns)      THS(ns)  THS Failing Endpoints  THS Total Endpoints  
----------    ----------    --------          -------      -------  ---------------------  -------------------      -------      -------  ---------------------  -------------------  


------------------------------------------------------------------------------------------------
| Timing Details
| --------------
------------------------------------------------------------------------------------------------


---------------------------------------------------------------------------------------------------
From Clock:  sysclk
  To Clock:  sysclk

Setup :            0  Failing Endpoints,  Worst Slack        0.172ns,  Total Violation        0.000ns
Hold  :            0  Failing Endpoints,  Worst Slack        0.119ns,  Total Violation        0.000ns
PW    :            0  Failing Endpoints,  Worst Slack        3.500ns,  Total Violation        0.000ns
---------------------------------------------------------------------------------------------------


Max Delay Paths
--------------------------------------------------------------------------------------
Slack (MET) :             0.172ns  (required time - arrival time)
  Source:                 u_core/u_fabric/u_bram0/u_core/mem_reg/CLKARDCLK
                            (rising edge-triggered cell RAMB18E1 clocked by sysclk  {rise@0.000ns fall@4.000ns period=8.000ns})
  Destination:            u_core/u_bram_jtag/bf_rdata_reg[30]/D
                            (rising edge-triggered cell FDRE clocked by sysclk  {rise@0.000ns fall@4.000ns period=8.000ns})
  Path Group:             sysclk
  Path Type:              Setup (Max at Slow Process Corner)
  Requirement:            8.000ns  (sysclk rise@8.000ns - sysclk rise@0.000ns)
  Data Path Delay:        7.468ns  (logic 3.214ns (43.035%)  route 4.254ns (56.965%))
  Logic Levels:           4  (LUT2=1 LUT5=1 LUT6=1 MUXF7=1)
  Clock Path Skew:        -0.030ns (DCD - SCD + CPR)
    Destination Clock Delay (DCD):    5.387ns = ( 13.387 - 8.000 ) 
    Source Clock Delay      (SCD):    5.841ns
    Clock Pessimism Removal (CPR):    0.424ns
  Clock Uncertainty:      0.035ns  ((TSJ^2 + TIJ^2)^1/2 + DJ) / 2 + PE
    Total System Jitter     (TSJ):    0.071ns
    Total Input Jitter      (TIJ):    0.000ns
    Discrete Jitter          (DJ):    0.000ns
    Phase Error              (PE):    0.000ns
  Timing Exception:       MultiCycle Path   Setup -end   1

    Location             Delay type                Incr(ns)  Path(ns)    Netlist Resource(s)
  -------------------------------------------------------------------    -------------------
                         (clock sysclk rise edge)     0.000     0.000 r  
    H16                                               0.000     0.000 r  sysclk (IN)
                         net (fo=0)                   0.000     0.000    sysclk
    H16                  IBUF (Prop_ibuf_I_O)         1.451     1.451 r  sysclk_IBUF_inst/O
                         net (fo=1, routed)           2.522     3.973    sysclk_IBUF
    BUFGCTRL_X0Y17       BUFG (Prop_bufg_I_O)         0.101     4.074 r  bufg_sysclk/O
                         net (fo=1778, routed)        1.767     5.841    u_core/u_fabric/u_bram0/u_core/sysclk_g
    RAMB18_X3Y15         RAMB18E1                                     r  u_core/u_fabric/u_bram0/u_core/mem_reg/CLKARDCLK
  -------------------------------------------------------------------    -------------------
    RAMB18_X3Y15         RAMB18E1 (Prop_ramb18e1_CLKARDCLK_DOADO[0])
                                                      2.454     8.295 r  u_core/u_fabric/u_bram0/u_core/mem_reg/DOADO[0]
                         net (fo=7, routed)           1.516     9.811    u_core/u_fabric/u_bram1/u_core/rdata_reg[1]_1[0]
    SLICE_X70Y37         LUT5 (Prop_lut5_I1_O)        0.124     9.935 r  u_core/u_fabric/u_bram1/u_core/bf_rdata[66]_i_7/O
                         net (fo=1, routed)           0.000     9.935    u_core/u_fabric/u_bram0/u_core/bf_rdata[58]_i_2_0
    SLICE_X70Y37         MUXF7 (Prop_muxf7_I1_O)      0.217    10.152 r  u_core/u_fabric/u_bram0/u_core/bf_rdata_reg[66]_i_5/O
                         net (fo=2, routed)           0.979    11.131    u_core/u_fabric/u_bram0/u_core/bf_rdata_reg[66]_i_5_n_0
    SLICE_X73Y40         LUT6 (Prop_lut6_I5_O)        0.299    11.430 r  u_core/u_fabric/u_bram0/u_core/bf_rdata[66]_i_2/O
                         net (fo=2, routed)           1.142    12.572    u_core/u_fabric/u_bram0/u_core/bf_rdata[66]_i_2_n_0
    SLICE_X91Y42         LUT2 (Prop_lut2_I0_O)        0.120    12.692 r  u_core/u_fabric/u_bram0/u_core/bf_rdata[66]_i_1/O
                         net (fo=2, routed)           0.617    13.309    u_core/u_bram_jtag/bf_rdata_reg[66]_0
    SLICE_X91Y44         FDRE                                         r  u_core/u_bram_jtag/bf_rdata_reg[30]/D
  -------------------------------------------------------------------    -------------------

                         (clock sysclk rise edge)     8.000     8.000 r  
    H16                                               0.000     8.000 r  sysclk (IN)
                         net (fo=0)                   0.000     8.000    sysclk
    H16                  IBUF (Prop_ibuf_I_O)         1.380     9.380 r  sysclk_IBUF_inst/O
                         net (fo=1, routed)           2.293    11.673    sysclk_IBUF
    BUFGCTRL_X0Y17       BUFG (Prop_bufg_I_O)         0.091    11.764 r  bufg_sysclk/O
                         net (fo=1778, routed)        1.622    13.387    u_core/u_bram_jtag/sysclk_g
    SLICE_X91Y44         FDRE                                         r  u_core/u_bram_jtag/bf_rdata_reg[30]/C
                         clock pessimism              0.424    13.811    
                         clock uncertainty           -0.035    13.775    
    SLICE_X91Y44         FDRE (Setup_fdre_C_D)       -0.294    13.481    u_core/u_bram_jtag/bf_rdata_reg[30]
  -------------------------------------------------------------------
                         required time                         13.481    
                         arrival time                         -13.309    
  -------------------------------------------------------------------
                         slack                                  0.172    





Min Delay Paths
--------------------------------------------------------------------------------------
Slack (MET) :             0.119ns  (arrival time - required time)
  Source:                 u_core/u_clk/per_m0_reg[9]/C
                            (rising edge-triggered cell FDRE clocked by sysclk  {rise@0.000ns fall@4.000ns period=8.000ns})
  Destination:            u_core/u_clk/per_m1_reg[9]/D
                            (rising edge-triggered cell FDRE clocked by sysclk  {rise@0.000ns fall@4.000ns period=8.000ns})
  Path Group:             sysclk
  Path Type:              Hold (Min at Fast Process Corner)
  Requirement:            0.000ns  (sysclk rise@0.000ns - sysclk rise@0.000ns)
  Data Path Delay:        0.197ns  (logic 0.141ns (71.611%)  route 0.056ns (28.389%))
  Logic Levels:           0  
  Clock Path Skew:        0.000ns (DCD - SCD - CPR)
    Destination Clock Delay (DCD):    2.246ns
    Source Clock Delay      (SCD):    1.721ns
    Clock Pessimism Removal (CPR):    0.526ns
  Timing Exception:       MultiCycle Path   Setup -end   1    Hold  -start 0

    Location             Delay type                Incr(ns)  Path(ns)    Netlist Resource(s)
  -------------------------------------------------------------------    -------------------
                         (clock sysclk rise edge)     0.000     0.000 r  
    H16                                               0.000     0.000 r  sysclk (IN)
                         net (fo=0)                   0.000     0.000    sysclk
    H16                  IBUF (Prop_ibuf_I_O)         0.219     0.219 r  sysclk_IBUF_inst/O
                         net (fo=1, routed)           0.842     1.060    sysclk_IBUF
    BUFGCTRL_X0Y17       BUFG (Prop_bufg_I_O)         0.026     1.086 r  bufg_sysclk/O
                         net (fo=1778, routed)        0.634     1.721    u_core/u_clk/sysclk_g
    SLICE_X39Y115        FDRE                                         r  u_core/u_clk/per_m0_reg[9]/C
  -------------------------------------------------------------------    -------------------
    SLICE_X39Y115        FDRE (Prop_fdre_C_Q)         0.141     1.862 r  u_core/u_clk/per_m0_reg[9]/Q
                         net (fo=1, routed)           0.056     1.917    u_core/u_clk/per_m0[9]
    SLICE_X39Y115        FDRE                                         r  u_core/u_clk/per_m1_reg[9]/D
  -------------------------------------------------------------------    -------------------

                         (clock sysclk rise edge)     0.000     0.000 r  
    H16                                               0.000     0.000 r  sysclk (IN)
                         net (fo=0)                   0.000     0.000    sysclk
    H16                  IBUF (Prop_ibuf_I_O)         0.406     0.406 r  sysclk_IBUF_inst/O
                         net (fo=1, routed)           0.907     1.313    sysclk_IBUF
    BUFGCTRL_X0Y17       BUFG (Prop_bufg_I_O)         0.029     1.342 r  bufg_sysclk/O
                         net (fo=1778, routed)        0.904     2.246    u_core/u_clk/sysclk_g
    SLICE_X39Y115        FDRE                                         r  u_core/u_clk/per_m1_reg[9]/C
                         clock pessimism             -0.526     1.721    
    SLICE_X39Y115        FDRE (Hold_fdre_C_D)         0.078     1.799    u_core/u_clk/per_m1_reg[9]
  -------------------------------------------------------------------
                         required time                         -1.799    
                         arrival time                           1.917    
  -------------------------------------------------------------------
                         slack                                  0.119    





Pulse Width Checks
--------------------------------------------------------------------------------------
Clock Name:         sysclk
Waveform(ns):       { 0.000 4.000 }
Period(ns):         8.000
Sources:            { sysclk }

Check Type        Corner  Lib Pin             Reference Pin  Required(ns)  Actual(ns)  Slack(ns)  Location      Pin
Min Period        n/a     RAMB18E1/CLKARDCLK  n/a            2.944         8.000       5.056      RAMB18_X3Y15  u_core/u_fabric/u_bram0/u_core/mem_reg/CLKARDCLK
Low Pulse Width   Slow    FDRE/C              n/a            0.500         4.000       3.500      SLICE_X68Y19  hold_qb_reg[0]_i_4/C
High Pulse Width  Slow    FDRE/C              n/a            0.500         4.000       3.500      SLICE_X68Y19  hold_qb_reg[0]_i_4/C



---------------------------------------------------------------------------------------------------
From Clock:  tck
  To Clock:  tck

Setup :            0  Failing Endpoints,  Worst Slack     4987.357ns,  Total Violation        0.000ns
Hold  :            0  Failing Endpoints,  Worst Slack        0.029ns,  Total Violation        0.000ns
PW    :            0  Failing Endpoints,  Worst Slack     4999.019ns,  Total Violation        0.000ns
---------------------------------------------------------------------------------------------------


Max Delay Paths
--------------------------------------------------------------------------------------
Slack (MET) :             4987.357ns  (required time - arrival time)
  Source:                 u_core/u_tap/state_reg[3]/C
                            (rising edge-triggered cell FDRE clocked by tck  {rise@0.000ns fall@5000.000ns period=10000.000ns})
  Destination:            u_core/u_bram_jtag/drive_reg[31]/R
                            (falling edge-triggered cell FDRE clocked by tck  {rise@0.000ns fall@5000.000ns period=10000.000ns})
  Path Group:             tck
  Path Type:              Setup (Max at Slow Process Corner)
  Requirement:            5000.000ns  (tck fall@5000.000ns - tck rise@0.000ns)
  Data Path Delay:        11.876ns  (logic 0.963ns (8.109%)  route 10.913ns (91.891%))
  Logic Levels:           3  (LUT4=1 LUT5=2)
  Clock Path Skew:        -0.306ns (DCD - SCD + CPR)
    Destination Clock Delay (DCD):    5.073ns = ( 5005.073 - 5000.000 ) 
    Source Clock Delay      (SCD):    5.658ns
    Clock Pessimism Removal (CPR):    0.280ns
  Clock Uncertainty:      0.035ns  ((TSJ^2 + TIJ^2)^1/2 + DJ) / 2 + PE
    Total System Jitter     (TSJ):    0.071ns
    Total Input Jitter      (TIJ):    0.000ns
    Discrete Jitter          (DJ):    0.000ns
    Phase Error              (PE):    0.000ns
  Timing Exception:       MultiCycle Path   Setup -end   1

    Location             Delay type                Incr(ns)  Path(ns)    Netlist Resource(s)
  -------------------------------------------------------------------    -------------------
                         (clock tck rise edge)        0.000     0.000 r  
    U18                                               0.000     0.000 r  tck (IN)
                         net (fo=0)                   0.000     0.000    tck
    U18                  IBUF (Prop_ibuf_I_O)         1.498     1.498 r  tck_IBUF_inst/O
                         net (fo=1, routed)           2.205     3.703    tck_IBUF
    BUFGCTRL_X0Y16       BUFG (Prop_bufg_I_O)         0.101     3.804 r  bufg_tck/O
                         net (fo=36145, routed)       1.854     5.658    u_core/u_tap/tck_g
    SLICE_X113Y68        FDRE                                         r  u_core/u_tap/state_reg[3]/C
  -------------------------------------------------------------------    -------------------
    SLICE_X113Y68        FDRE (Prop_fdre_C_Q)         0.419     6.077 f  u_core/u_tap/state_reg[3]/Q
                         net (fo=30, routed)          3.097     9.175    u_core/u_tap/state_reg_n_0_[3]
    SLICE_X107Y58        LUT4 (Prop_lut4_I0_O)        0.296     9.471 r  u_core/u_tap/committed_i_4/O
                         net (fo=10, routed)          3.322    12.793    u_core/u_bram_jtag/dr_update
    SLICE_X74Y36         LUT5 (Prop_lut5_I0_O)        0.124    12.917 r  u_core/u_bram_jtag/drive[63]_i_2/O
                         net (fo=65, routed)          1.466    14.383    u_core/u_bram_jtag/drive[63]_i_2_n_0
    SLICE_X65Y34         LUT5 (Prop_lut5_I0_O)        0.124    14.507 r  u_core/u_bram_jtag/drive[63]_i_1/O
                         net (fo=64, routed)          3.027    17.534    u_core/u_bram_jtag/drive[63]_i_1_n_0
    SLICE_X74Y29         FDRE                                         r  u_core/u_bram_jtag/drive_reg[31]/R
  -------------------------------------------------------------------    -------------------

                         (clock tck fall edge)     5000.000  5000.000 f  
    U18                                               0.000  5000.000 f  tck (IN)
                         net (fo=0)                   0.000  5000.000    tck
    U18                  IBUF (Prop_ibuf_I_O)         1.428  5001.428 f  tck_IBUF_inst/O
                         net (fo=1, routed)           2.006  5003.434    tck_IBUF
    BUFGCTRL_X0Y16       BUFG (Prop_bufg_I_O)         0.091  5003.524 f  bufg_tck/O
                         net (fo=36145, routed)       1.548  5005.073    u_core/u_bram_jtag/tck_g
    SLICE_X74Y29         FDRE                                         r  u_core/u_bram_jtag/drive_reg[31]/C  (IS_INVERTED)
                         clock pessimism              0.280  5005.353    
                         clock uncertainty           -0.035  5005.318    
    SLICE_X74Y29         FDRE (Setup_fdre_C_R)       -0.426  5004.892    u_core/u_bram_jtag/drive_reg[31]
  -------------------------------------------------------------------
                         required time                       5004.891    
                         arrival time                         -17.534    
  -------------------------------------------------------------------
                         slack                               4987.357    





Min Delay Paths
--------------------------------------------------------------------------------------
Slack (MET) :             0.029ns  (arrival time - required time)
  Source:                 u_core/u_frames/fbuf_reg[51]/C
                            (rising edge-triggered cell FDRE clocked by tck  {rise@0.000ns fall@5000.000ns period=10000.000ns})
  Destination:            u_core/u_store/buf_q_reg[51]_rep/D
                            (rising edge-triggered cell FDRE clocked by tck  {rise@0.000ns fall@5000.000ns period=10000.000ns})
  Path Group:             tck
  Path Type:              Hold (Min at Fast Process Corner)
  Requirement:            0.000ns  (tck rise@150000.000ns - tck rise@150000.000ns)
  Data Path Delay:        0.383ns  (logic 0.226ns (58.985%)  route 0.157ns (41.015%))
  Logic Levels:           1  (LUT6=1)
  Clock Path Skew:        0.263ns (DCD - SCD - CPR)
    Destination Clock Delay (DCD):    2.067ns
    Source Clock Delay      (SCD):    1.556ns
    Clock Pessimism Removal (CPR):    0.248ns
  Timing Exception:       MultiCycle Path   Setup -end   16    Hold  -start 15

    Location             Delay type                Incr(ns)  Path(ns)    Netlist Resource(s)
  -------------------------------------------------------------------    -------------------
                         (clock tck rise edge)    150000.000 150000.000 r  
    U18                                               0.000 150000.000 r  tck (IN)
                         net (fo=0)                   0.000 150000.000    tck
    U18                  IBUF (Prop_ibuf_I_O)         0.266 150000.266 r  tck_IBUF_inst/O
                         net (fo=1, routed)           0.674 150000.938    tck_IBUF
    BUFGCTRL_X0Y16       BUFG (Prop_bufg_I_O)         0.026 150000.969 r  bufg_tck/O
                         net (fo=36145, routed)       0.590 150001.562    u_core/u_frames/tck_g
    SLICE_X83Y49         FDRE                                         r  u_core/u_frames/fbuf_reg[51]/C
  -------------------------------------------------------------------    -------------------
    SLICE_X83Y49         FDRE (Prop_fdre_C_Q)         0.128 150001.688 r  u_core/u_frames/fbuf_reg[51]/Q
                         net (fo=2, routed)           0.157 150001.844    u_core/u_store/frame_load_data[51]
    SLICE_X83Y51         LUT6 (Prop_lut6_I5_O)        0.098 150001.938 r  u_core/u_store/buf_q[51]_rep_i_1/O
                         net (fo=1, routed)           0.000 150001.938    u_core/u_store/buf_q[51]_rep_i_1_n_0
    SLICE_X83Y51         FDRE                                         r  u_core/u_store/buf_q_reg[51]_rep/D
  -------------------------------------------------------------------    -------------------

                         (clock tck rise edge)    150000.000 150000.000 r  
    U18                                               0.000 150000.000 r  tck (IN)
                         net (fo=0)                   0.000 150000.000    tck
    U18                  IBUF (Prop_ibuf_I_O)         0.454 150000.453 r  tck_IBUF_inst/O
                         net (fo=1, routed)           0.731 150001.188    tck_IBUF
    BUFGCTRL_X0Y16       BUFG (Prop_bufg_I_O)         0.029 150001.219 r  bufg_tck/O
                         net (fo=36145, routed)       0.853 150002.078    u_core/u_store/tck_g
    SLICE_X83Y51         FDRE                                         r  u_core/u_store/buf_q_reg[51]_rep/C
                         clock pessimism             -0.248 150001.828    
    SLICE_X83Y51         FDRE (Hold_fdre_C_D)         0.091 150001.922    u_core/u_store/buf_q_reg[51]_rep
  -------------------------------------------------------------------
                         required time                      -150001.906    
                         arrival time                       150001.922    
  -------------------------------------------------------------------
                         slack                                  0.029    





Pulse Width Checks
--------------------------------------------------------------------------------------
Clock Name:         tck
Waveform(ns):       { 0.000 5000.000 }
Period(ns):         10000.000
Sources:            { tck }

Check Type        Corner  Lib Pin             Reference Pin  Required(ns)  Actual(ns)  Slack(ns)  Location      Pin
Min Period        n/a     RAMB36E1/CLKARDCLK  n/a            2.944         10000.000   9997.056   RAMB36_X4Y7   u_core/u_store/shadow_reg_0/CLKARDCLK
Low Pulse Width   Slow    SRLC32E/CLK         n/a            0.980         4999.999    4999.019   SLICE_X30Y45  u_core/u_fabric/u_clb_x10y1/m0_0/g_leaf[0].u/CLK
High Pulse Width  Slow    SRLC32E/CLK         n/a            0.980         5000.000    4999.020   SLICE_X30Y45  u_core/u_fabric/u_clb_x10y1/m0_0/g_leaf[0].u/CLK



