Copyright 1986-2022 Xilinx, Inc. All Rights Reserved. Copyright 2022-2025 Advanced Micro Devices, Inc. All Rights Reserved.
---------------------------------------------------------------------------------------------------------------------------------------------
| Tool Version : Vivado v.2025.2 (win64) Build 6299465 Fri Nov 14 19:35:11 GMT 2025
| Date         : Thu Sep 24 11:24:27 2026
| Host         : SARAVANB423 running 64-bit major release  (build 9200)
| Command      : report_timing_summary -file E:/bob_full_v1/bob_vivado/out/M23/timing.rpt
| Design       : bob_top
| Device       : 7z020-clg400
| Speed File   : -1  PRODUCTION 1.12 2019-11-22
| Design State : Routed
---------------------------------------------------------------------------------------------------------------------------------------------

Timing Summary Report

------------------------------------------------------------------------------------------------
| Timer Settings
| --------------
------------------------------------------------------------------------------------------------

  Enable Multi Corner Analysis               :  Yes
  Enable Pessimism Removal                   :  Yes
  Pessimism Removal Resolution               :  Nearest Common Node
  Enable Input Delay Default Clock           :  No
  Enable Preset / Clear Arcs                 :  No
  Disable Flight Delays                      :  No
  Ignore I/O Paths                           :  No
  Timing Early Launch at Borrowing Latches   :  No
  Borrow Time for Max Delay Exceptions       :  Yes
  Merge Timing Exceptions                    :  Yes
  Inter-SLR Compensation                     :  Conservative

  Corner  Analyze    Analyze    
  Name    Max Paths  Min Paths  
  ------  ---------  ---------  
  Slow    Yes        Yes        
  Fast    Yes        Yes        


------------------------------------------------------------------------------------------------
| Report Methodology
| ------------------
------------------------------------------------------------------------------------------------

Rule       Severity  Description                                 Violations  
---------  --------  ------------------------------------------  ----------  
SYNTH-6    Warning   Timing of a RAM block might be sub-optimal  6           
TIMING-9   Warning   Unknown CDC Logic                           1           
TIMING-23  Warning   Combinational loop found                    1           
TIMING-46  Warning   Multicycle path with tied CE pins           59          

Note: This report is based on the most recent report_methodology run and may not be up-to-date. Run report_methodology on the current design for the latest report.



check_timing report

Table of Contents
-----------------
1. checking no_clock (0)
2. checking constant_clock (0)
3. checking pulse_width_clock (0)
4. checking unconstrained_internal_endpoints (0)
5. checking no_input_delay (6)
6. checking no_output_delay (4)
7. checking multiple_clock (0)
8. checking generated_clocks (0)
9. checking loops (14834)
10. checking partial_input_delay (0)
11. checking partial_output_delay (0)
12. checking latch_loops (0)

1. checking no_clock (0)
------------------------
 There are 0 register/latch pins with no clock.


2. checking constant_clock (0)
------------------------------
 There are 0 register/latch pins with constant_clock.


3. checking pulse_width_clock (0)
---------------------------------
 There are 0 register/latch pins which need pulse_width check


4. checking unconstrained_internal_endpoints (0)
------------------------------------------------
 There are 0 pins that are not constrained for maximum delay.

 There are 0 pins that are not constrained for maximum delay due to constant clock.


5. checking no_input_delay (6)
------------------------------
 There are 0 input ports with no input delay specified.

 There are 6 input ports with no input delay but user has a false path constraint. (MEDIUM)


6. checking no_output_delay (4)
-------------------------------
 There are 0 ports with no output delay specified.

 There are 4 ports with no output delay but user has a false path constraint (MEDIUM)

 There are 0 ports with no output delay but with a timing clock defined on it or propagating through it


7. checking multiple_clock (0)
------------------------------
 There are 0 register/latch pins with multiple clocks.


8. checking generated_clocks (0)
--------------------------------
 There are 0 generated clocks that are not connected to a clock source.


9. checking loops (14834)
-------------------------
 There are 14834 combinational loops in the design. (HIGH)


10. checking partial_input_delay (0)
------------------------------------
 There are 0 input ports with partial input delay specified.


11. checking partial_output_delay (0)
-------------------------------------
 There are 0 ports with partial output delay specified.


12. checking latch_loops (0)
----------------------------
 There are 0 combinational latch loops in the design through latch input



------------------------------------------------------------------------------------------------
| Design Timing Summary
| ---------------------
------------------------------------------------------------------------------------------------

    WNS(ns)      TNS(ns)  TNS Failing Endpoints  TNS Total Endpoints      WHS(ns)      THS(ns)  THS Failing Endpoints  THS Total Endpoints     WPWS(ns)     TPWS(ns)  TPWS Failing Endpoints  TPWS Total Endpoints  
    -------      -------  ---------------------  -------------------      -------      -------  ---------------------  -------------------     --------     --------  ----------------------  --------------------  
      0.048        0.000                      0               101774        0.075        0.000                      0               101774        3.500        0.000                       0                 39777  


All user specified timing constraints are met.


------------------------------------------------------------------------------------------------
| Clock Summary
| -------------
------------------------------------------------------------------------------------------------

Clock   Waveform(ns)           Period(ns)      Frequency(MHz)
-----   ------------           ----------      --------------
sysclk  {0.000 4.000}          8.000           125.000         
tck     {0.000 5000.000}       10000.000       0.100           


------------------------------------------------------------------------------------------------
| Intra Clock Table
| -----------------
------------------------------------------------------------------------------------------------

Clock             WNS(ns)      TNS(ns)  TNS Failing Endpoints  TNS Total Endpoints      WHS(ns)      THS(ns)  THS Failing Endpoints  THS Total Endpoints     WPWS(ns)     TPWS(ns)  TPWS Failing Endpoints  TPWS Total Endpoints  
-----             -------      -------  ---------------------  -------------------      -------      -------  ---------------------  -------------------     --------     --------  ----------------------  --------------------  
sysclk              0.048        0.000                      0                 3353        0.119        0.000                      0                 3353        3.500        0.000                       0                  1926  
tck              4989.032        0.000                      0                98421        0.075        0.000                      0                98421     4999.019        0.000                       0                 37851  


------------------------------------------------------------------------------------------------
| Inter Clock Table
| -----------------
------------------------------------------------------------------------------------------------

From Clock    To Clock          WNS(ns)      TNS(ns)  TNS Failing Endpoints  TNS Total Endpoints      WHS(ns)      THS(ns)  THS Failing Endpoints  THS Total Endpoints  
----------    --------          -------      -------  ---------------------  -------------------      -------      -------  ---------------------  -------------------  


------------------------------------------------------------------------------------------------
| Other Path Groups Table
| -----------------------
------------------------------------------------------------------------------------------------

Path Group    From Clock    To Clock          WNS(ns)      TNS(ns)  TNS Failing Endpoints  TNS Total Endpoints      WHS(ns)      THS(ns)  THS Failing Endpoints  THS Total Endpoints  
----------    ----------    --------          -------      -------  ---------------------  -------------------      -------      -------  ---------------------  -------------------  


------------------------------------------------------------------------------------------------
| Timing Details
| --------------
------------------------------------------------------------------------------------------------


---------------------------------------------------------------------------------------------------
From Clock:  sysclk
  To Clock:  sysclk

Setup :            0  Failing Endpoints,  Worst Slack        0.048ns,  Total Violation        0.000ns
Hold  :            0  Failing Endpoints,  Worst Slack        0.119ns,  Total Violation        0.000ns
PW    :            0  Failing Endpoints,  Worst Slack        3.500ns,  Total Violation        0.000ns
---------------------------------------------------------------------------------------------------


Max Delay Paths
--------------------------------------------------------------------------------------
Slack (MET) :             0.048ns  (required time - arrival time)
  Source:                 u_core/u_fabric/u_bram0/u_core/mem_reg/CLKARDCLK
                            (rising edge-triggered cell RAMB18E1 clocked by sysclk  {rise@0.000ns fall@4.000ns period=8.000ns})
  Destination:            u_core/u_bram_jtag/bf_rdata_reg[35]/D
                            (rising edge-triggered cell FDRE clocked by sysclk  {rise@0.000ns fall@4.000ns period=8.000ns})
  Path Group:             sysclk
  Path Type:              Setup (Max at Slow Process Corner)
  Requirement:            8.000ns  (sysclk rise@8.000ns - sysclk rise@0.000ns)
  Data Path Delay:        7.186ns  (logic 3.207ns (44.631%)  route 3.979ns (55.369%))
  Logic Levels:           4  (LUT2=1 LUT5=1 LUT6=1 MUXF7=1)
  Clock Path Skew:        -0.467ns (DCD - SCD + CPR)
    Destination Clock Delay (DCD):    5.299ns = ( 13.299 - 8.000 ) 
    Source Clock Delay      (SCD):    6.089ns
    Clock Pessimism Removal (CPR):    0.323ns
  Clock Uncertainty:      0.035ns  ((TSJ^2 + TIJ^2)^1/2 + DJ) / 2 + PE
    Total System Jitter     (TSJ):    0.071ns
    Total Input Jitter      (TIJ):    0.000ns
    Discrete Jitter          (DJ):    0.000ns
    Phase Error              (PE):    0.000ns
  Timing Exception:       MultiCycle Path   Setup -end   1

    Location             Delay type                Incr(ns)  Path(ns)    Netlist Resource(s)
  -------------------------------------------------------------------    -------------------
                         (clock sysclk rise edge)     0.000     0.000 r  
    H16                                               0.000     0.000 r  sysclk (IN)
                         net (fo=0)                   0.000     0.000    sysclk
    H16                  IBUF (Prop_ibuf_I_O)         1.451     1.451 r  sysclk_IBUF_inst/O
                         net (fo=1, routed)           2.522     3.973    sysclk_IBUF
    BUFGCTRL_X0Y17       BUFG (Prop_bufg_I_O)         0.101     4.074 r  bufg_sysclk/O
                         net (fo=1925, routed)        2.015     6.089    u_core/u_fabric/u_bram0/u_core/sysclk_g
    RAMB18_X4Y41         RAMB18E1                                     r  u_core/u_fabric/u_bram0/u_core/mem_reg/CLKARDCLK
  -------------------------------------------------------------------    -------------------
    RAMB18_X4Y41         RAMB18E1 (Prop_ramb18e1_CLKARDCLK_DOPADOP[1])
                                                      2.454     8.543 r  u_core/u_fabric/u_bram0/u_core/mem_reg/DOPADOP[1]
                         net (fo=8, routed)           1.460    10.003    u_core/u_fabric/u_bram0/u_core/DOPADOP[1]
    SLICE_X88Y98         LUT5 (Prop_lut5_I4_O)        0.124    10.127 r  u_core/u_fabric/u_bram0/u_core/bf_rdata[63]_i_5/O
                         net (fo=1, routed)           0.000    10.127    u_core/u_fabric/u_bram0/u_core/bf_rdata[63]_i_5_n_0
    SLICE_X88Y98         MUXF7 (Prop_muxf7_I0_O)      0.212    10.339 r  u_core/u_fabric/u_bram0/u_core/bf_rdata_reg[63]_i_2/O
                         net (fo=3, routed)           0.822    11.161    u_core/u_fabric/u_bram0/u_core/bf_rdata_reg[63]_i_2_n_0
    SLICE_X88Y96         LUT6 (Prop_lut6_I5_O)        0.299    11.460 r  u_core/u_fabric/u_bram0/u_core/bf_rdata[71]_i_3/O
                         net (fo=2, routed)           1.071    12.531    u_core/u_fabric/u_bram0/u_core/bf_rdata[71]_i_3_n_0
    SLICE_X88Y79         LUT2 (Prop_lut2_I0_O)        0.118    12.649 r  u_core/u_fabric/u_bram0/u_core/bf_rdata[71]_i_2/O
                         net (fo=2, routed)           0.626    13.275    u_core/u_bram_jtag/bf_rdata_reg[71]_0
    SLICE_X88Y79         FDRE                                         r  u_core/u_bram_jtag/bf_rdata_reg[35]/D
  -------------------------------------------------------------------    -------------------

                         (clock sysclk rise edge)     8.000     8.000 r  
    H16                                               0.000     8.000 r  sysclk (IN)
                         net (fo=0)                   0.000     8.000    sysclk
    H16                  IBUF (Prop_ibuf_I_O)         1.380     9.380 r  sysclk_IBUF_inst/O
                         net (fo=1, routed)           2.293    11.673    sysclk_IBUF
    BUFGCTRL_X0Y17       BUFG (Prop_bufg_I_O)         0.091    11.764 r  bufg_sysclk/O
                         net (fo=1925, routed)        1.535    13.299    u_core/u_bram_jtag/sysclk_g
    SLICE_X88Y79         FDRE                                         r  u_core/u_bram_jtag/bf_rdata_reg[35]/C
                         clock pessimism              0.323    13.622    
                         clock uncertainty           -0.035    13.587    
    SLICE_X88Y79         FDRE (Setup_fdre_C_D)       -0.264    13.323    u_core/u_bram_jtag/bf_rdata_reg[35]
  -------------------------------------------------------------------
                         required time                         13.323    
                         arrival time                         -13.275    
  -------------------------------------------------------------------
                         slack                                  0.048    





Min Delay Paths
--------------------------------------------------------------------------------------
Slack (MET) :             0.119ns  (arrival time - required time)
  Source:                 u_core/u_clk/gp_m0_reg[6]/C
                            (rising edge-triggered cell FDRE clocked by sysclk  {rise@0.000ns fall@4.000ns period=8.000ns})
  Destination:            u_core/u_clk/gp_m1_reg[6]/D
                            (rising edge-triggered cell FDRE clocked by sysclk  {rise@0.000ns fall@4.000ns period=8.000ns})
  Path Group:             sysclk
  Path Type:              Hold (Min at Fast Process Corner)
  Requirement:            0.000ns  (sysclk rise@0.000ns - sysclk rise@0.000ns)
  Data Path Delay:        0.197ns  (logic 0.141ns (71.611%)  route 0.056ns (28.389%))
  Logic Levels:           0  
  Clock Path Skew:        0.000ns (DCD - SCD - CPR)
    Destination Clock Delay (DCD):    2.237ns
    Source Clock Delay      (SCD):    1.712ns
    Clock Pessimism Removal (CPR):    0.525ns
  Timing Exception:       MultiCycle Path   Setup -end   1    Hold  -start 0

    Location             Delay type                Incr(ns)  Path(ns)    Netlist Resource(s)
  -------------------------------------------------------------------    -------------------
                         (clock sysclk rise edge)     0.000     0.000 r  
    H16                                               0.000     0.000 r  sysclk (IN)
                         net (fo=0)                   0.000     0.000    sysclk
    H16                  IBUF (Prop_ibuf_I_O)         0.219     0.219 r  sysclk_IBUF_inst/O
                         net (fo=1, routed)           0.842     1.060    sysclk_IBUF
    BUFGCTRL_X0Y17       BUFG (Prop_bufg_I_O)         0.026     1.086 r  bufg_sysclk/O
                         net (fo=1925, routed)        0.626     1.712    u_core/u_clk/sysclk_g
    SLICE_X7Y49          FDRE                                         r  u_core/u_clk/gp_m0_reg[6]/C
  -------------------------------------------------------------------    -------------------
    SLICE_X7Y49          FDRE (Prop_fdre_C_Q)         0.141     1.853 r  u_core/u_clk/gp_m0_reg[6]/Q
                         net (fo=1, routed)           0.056     1.909    u_core/u_clk/gp_m0[6]
    SLICE_X7Y49          FDRE                                         r  u_core/u_clk/gp_m1_reg[6]/D
  -------------------------------------------------------------------    -------------------

                         (clock sysclk rise edge)     0.000     0.000 r  
    H16                                               0.000     0.000 r  sysclk (IN)
                         net (fo=0)                   0.000     0.000    sysclk
    H16                  IBUF (Prop_ibuf_I_O)         0.406     0.406 r  sysclk_IBUF_inst/O
                         net (fo=1, routed)           0.907     1.313    sysclk_IBUF
    BUFGCTRL_X0Y17       BUFG (Prop_bufg_I_O)         0.029     1.342 r  bufg_sysclk/O
                         net (fo=1925, routed)        0.895     2.237    u_core/u_clk/sysclk_g
    SLICE_X7Y49          FDRE                                         r  u_core/u_clk/gp_m1_reg[6]/C
                         clock pessimism             -0.525     1.712    
    SLICE_X7Y49          FDRE (Hold_fdre_C_D)         0.078     1.790    u_core/u_clk/gp_m1_reg[6]
  -------------------------------------------------------------------
                         required time                         -1.790    
                         arrival time                           1.909    
  -------------------------------------------------------------------
                         slack                                  0.119    





Pulse Width Checks
--------------------------------------------------------------------------------------
Clock Name:         sysclk
Waveform(ns):       { 0.000 4.000 }
Period(ns):         8.000
Sources:            { sysclk }

Check Type        Corner  Lib Pin             Reference Pin  Required(ns)  Actual(ns)  Slack(ns)  Location        Pin
Min Period        n/a     RAMB18E1/CLKARDCLK  n/a            2.944         8.000       5.056      RAMB18_X4Y41    u_core/u_fabric/u_bram0/u_core/mem_reg/CLKARDCLK
Low Pulse Width   Slow    FDRE/C              n/a            0.500         4.000       3.500      SLICE_X105Y104  hold_qb_reg[0]_i_4/C
High Pulse Width  Slow    FDRE/C              n/a            0.500         4.000       3.500      SLICE_X105Y104  hold_qb_reg[0]_i_4/C



---------------------------------------------------------------------------------------------------
From Clock:  tck
  To Clock:  tck

Setup :            0  Failing Endpoints,  Worst Slack     4989.032ns,  Total Violation        0.000ns
Hold  :            0  Failing Endpoints,  Worst Slack        0.075ns,  Total Violation        0.000ns
PW    :            0  Failing Endpoints,  Worst Slack     4999.019ns,  Total Violation        0.000ns
---------------------------------------------------------------------------------------------------


Max Delay Paths
--------------------------------------------------------------------------------------
Slack (MET) :             4989.032ns  (required time - arrival time)
  Source:                 u_core/u_tap/state_reg[3]/C
                            (rising edge-triggered cell FDRE clocked by tck  {rise@0.000ns fall@5000.000ns period=10000.000ns})
  Destination:            u_core/u_bram_jtag/drive_reg[29]/R
                            (falling edge-triggered cell FDRE clocked by tck  {rise@0.000ns fall@5000.000ns period=10000.000ns})
  Path Group:             tck
  Path Type:              Setup (Max at Slow Process Corner)
  Requirement:            5000.000ns  (tck fall@5000.000ns - tck rise@0.000ns)
  Data Path Delay:        10.441ns  (logic 0.963ns (9.223%)  route 9.478ns (90.777%))
  Logic Levels:           3  (LUT4=1 LUT5=2)
  Clock Path Skew:        -0.065ns (DCD - SCD + CPR)
    Destination Clock Delay (DCD):    5.303ns = ( 5005.303 - 5000.000 ) 
    Source Clock Delay      (SCD):    5.662ns
    Clock Pessimism Removal (CPR):    0.294ns
  Clock Uncertainty:      0.035ns  ((TSJ^2 + TIJ^2)^1/2 + DJ) / 2 + PE
    Total System Jitter     (TSJ):    0.071ns
    Total Input Jitter      (TIJ):    0.000ns
    Discrete Jitter          (DJ):    0.000ns
    Phase Error              (PE):    0.000ns
  Timing Exception:       MultiCycle Path   Setup -end   1

    Location             Delay type                Incr(ns)  Path(ns)    Netlist Resource(s)
  -------------------------------------------------------------------    -------------------
                         (clock tck rise edge)        0.000     0.000 r  
    U18                                               0.000     0.000 r  tck (IN)
                         net (fo=0)                   0.000     0.000    tck
    U18                  IBUF (Prop_ibuf_I_O)         1.498     1.498 r  tck_IBUF_inst/O
                         net (fo=1, routed)           2.205     3.703    tck_IBUF
    BUFGCTRL_X0Y16       BUFG (Prop_bufg_I_O)         0.101     3.804 r  bufg_tck/O
                         net (fo=37851, routed)       1.858     5.662    u_core/u_tap/tck_g
    SLICE_X113Y65        FDRE                                         r  u_core/u_tap/state_reg[3]/C
  -------------------------------------------------------------------    -------------------
    SLICE_X113Y65        FDRE (Prop_fdre_C_Q)         0.419     6.081 f  u_core/u_tap/state_reg[3]/Q
                         net (fo=30, routed)          2.301     8.383    u_core/u_tap/state_reg_n_0_[3]
    SLICE_X113Y45        LUT4 (Prop_lut4_I0_O)        0.296     8.679 r  u_core/u_tap/expected[31]_i_2/O
                         net (fo=6, routed)           3.311    11.990    u_core/u_bram_jtag/dr_update
    SLICE_X92Y104        LUT5 (Prop_lut5_I0_O)        0.124    12.114 r  u_core/u_bram_jtag/drive[63]_i_2/O
                         net (fo=65, routed)          2.171    14.284    u_core/u_bram_jtag/drive[63]_i_2_n_0
    SLICE_X89Y107        LUT5 (Prop_lut5_I0_O)        0.124    14.408 r  u_core/u_bram_jtag/drive[63]_i_1/O
                         net (fo=64, routed)          1.695    16.104    u_core/u_bram_jtag/drive[63]_i_1_n_0
    SLICE_X93Y108        FDRE                                         r  u_core/u_bram_jtag/drive_reg[29]/R
  -------------------------------------------------------------------    -------------------

                         (clock tck fall edge)     5000.000  5000.000 f  
    U18                                               0.000  5000.000 f  tck (IN)
                         net (fo=0)                   0.000  5000.000    tck
    U18                  IBUF (Prop_ibuf_I_O)         1.428  5001.428 f  tck_IBUF_inst/O
                         net (fo=1, routed)           2.006  5003.434    tck_IBUF
    BUFGCTRL_X0Y16       BUFG (Prop_bufg_I_O)         0.091  5003.524 f  bufg_tck/O
                         net (fo=37851, routed)       1.779  5005.304    u_core/u_bram_jtag/tck_g
    SLICE_X93Y108        FDRE                                         r  u_core/u_bram_jtag/drive_reg[29]/C  (IS_INVERTED)
                         clock pessimism              0.294  5005.598    
                         clock uncertainty           -0.035  5005.562    
    SLICE_X93Y108        FDRE (Setup_fdre_C_R)       -0.426  5005.137    u_core/u_bram_jtag/drive_reg[29]
  -------------------------------------------------------------------
                         required time                       5005.136    
                         arrival time                         -16.104    
  -------------------------------------------------------------------
                         slack                               4989.032    





Min Delay Paths
--------------------------------------------------------------------------------------
Slack (MET) :             0.075ns  (arrival time - required time)
  Source:                 u_core/u_dsp_jtag/sr_reg[225]/C
                            (rising edge-triggered cell FDRE clocked by tck  {rise@0.000ns fall@5000.000ns period=10000.000ns})
  Destination:            u_core/u_dsp_jtag/sr_reg[224]/D
                            (rising edge-triggered cell FDRE clocked by tck  {rise@0.000ns fall@5000.000ns period=10000.000ns})
  Path Group:             tck
  Path Type:              Hold (Min at Fast Process Corner)
  Requirement:            0.000ns  (tck rise@150000.000ns - tck rise@150000.000ns)
  Data Path Delay:        0.415ns  (logic 0.141ns (33.994%)  route 0.274ns (66.006%))
  Logic Levels:           0  
  Clock Path Skew:        0.264ns (DCD - SCD - CPR)
    Destination Clock Delay (DCD):    2.061ns
    Source Clock Delay      (SCD):    1.549ns
    Clock Pessimism Removal (CPR):    0.248ns
  Timing Exception:       MultiCycle Path   Setup -end   16    Hold  -start 15

    Location             Delay type                Incr(ns)  Path(ns)    Netlist Resource(s)
  -------------------------------------------------------------------    -------------------
                         (clock tck rise edge)    150000.000 150000.000 r  
    U18                                               0.000 150000.000 r  tck (IN)
                         net (fo=0)                   0.000 150000.000    tck
    U18                  IBUF (Prop_ibuf_I_O)         0.266 150000.266 r  tck_IBUF_inst/O
                         net (fo=1, routed)           0.674 150000.938    tck_IBUF
    BUFGCTRL_X0Y16       BUFG (Prop_bufg_I_O)         0.026 150000.969 r  bufg_tck/O
                         net (fo=37851, routed)       0.583 150001.547    u_core/u_dsp_jtag/tck_g
    SLICE_X55Y49         FDRE                                         r  u_core/u_dsp_jtag/sr_reg[225]/C
  -------------------------------------------------------------------    -------------------
    SLICE_X55Y49         FDRE (Prop_fdre_C_Q)         0.141 150001.688 r  u_core/u_dsp_jtag/sr_reg[225]/Q
                         net (fo=2, routed)           0.274 150001.969    u_core/u_dsp_jtag/sr_reg_n_0_[225]
    SLICE_X57Y55         FDRE                                         r  u_core/u_dsp_jtag/sr_reg[224]/D
  -------------------------------------------------------------------    -------------------

                         (clock tck rise edge)    150000.000 150000.000 r  
    U18                                               0.000 150000.000 r  tck (IN)
                         net (fo=0)                   0.000 150000.000    tck
    U18                  IBUF (Prop_ibuf_I_O)         0.454 150000.453 r  tck_IBUF_inst/O
                         net (fo=1, routed)           0.731 150001.188    tck_IBUF
    BUFGCTRL_X0Y16       BUFG (Prop_bufg_I_O)         0.029 150001.219 r  bufg_tck/O
                         net (fo=37851, routed)       0.847 150002.062    u_core/u_dsp_jtag/tck_g
    SLICE_X57Y55         FDRE                                         r  u_core/u_dsp_jtag/sr_reg[224]/C
                         clock pessimism             -0.248 150001.812    
    SLICE_X57Y55         FDRE (Hold_fdre_C_D)         0.075 150001.891    u_core/u_dsp_jtag/sr_reg[224]
  -------------------------------------------------------------------
                         required time                      -150001.891    
                         arrival time                       150001.953    
  -------------------------------------------------------------------
                         slack                                  0.075    





Pulse Width Checks
--------------------------------------------------------------------------------------
Clock Name:         tck
Waveform(ns):       { 0.000 5000.000 }
Period(ns):         10000.000
Sources:            { tck }

Check Type        Corner  Lib Pin             Reference Pin  Required(ns)  Actual(ns)  Slack(ns)  Location       Pin
Min Period        n/a     RAMB36E1/CLKARDCLK  n/a            2.944         10000.000   9997.056   RAMB36_X4Y7    u_core/u_store/shadow_reg_0/CLKARDCLK
Low Pulse Width   Slow    SRLC32E/CLK         n/a            0.980         5000.000    4999.020   SLICE_X112Y13  u_core/u_fabric/u_clb_x10y1/m0_0/g_leaf[0].u/CLK
High Pulse Width  Slow    SRLC32E/CLK         n/a            0.980         5000.000    4999.020   SLICE_X112Y13  u_core/u_fabric/u_clb_x10y1/m0_0/g_leaf[0].u/CLK



