Copyright 1986-2022 Xilinx, Inc. All Rights Reserved. Copyright 2022-2025 Advanced Micro Devices, Inc. All Rights Reserved.
---------------------------------------------------------------------------------------------------------------------------------------------
| Tool Version : Vivado v.2025.2 (win64) Build 6299465 Fri Nov 14 19:35:11 GMT 2025
| Date         : Mon Sep 14 06:25:08 2026
| Host         : SARAVANB423 running 64-bit major release  (build 9200)
| Command      : report_timing_summary -file E:/bob_full_v1/bob_vivado/out/M2/timing.rpt
| Design       : cfg_test_top
| Device       : 7z020-clg400
| Speed File   : -1  PRODUCTION 1.12 2019-11-22
| Design State : Routed
---------------------------------------------------------------------------------------------------------------------------------------------

Timing Summary Report

------------------------------------------------------------------------------------------------
| Timer Settings
| --------------
------------------------------------------------------------------------------------------------

  Enable Multi Corner Analysis               :  Yes
  Enable Pessimism Removal                   :  Yes
  Pessimism Removal Resolution               :  Nearest Common Node
  Enable Input Delay Default Clock           :  No
  Enable Preset / Clear Arcs                 :  No
  Disable Flight Delays                      :  No
  Ignore I/O Paths                           :  No
  Timing Early Launch at Borrowing Latches   :  No
  Borrow Time for Max Delay Exceptions       :  Yes
  Merge Timing Exceptions                    :  Yes
  Inter-SLR Compensation                     :  Conservative

  Corner  Analyze    Analyze    
  Name    Max Paths  Min Paths  
  ------  ---------  ---------  
  Slow    Yes        Yes        
  Fast    Yes        Yes        


------------------------------------------------------------------------------------------------
| Report Methodology
| ------------------
------------------------------------------------------------------------------------------------

No report available as report_methodology has not been run prior. Run report_methodology on the current design for the summary of methodology violations.



check_timing report

Table of Contents
-----------------
1. checking no_clock (0)
2. checking constant_clock (0)
3. checking pulse_width_clock (0)
4. checking unconstrained_internal_endpoints (0)
5. checking no_input_delay (6)
6. checking no_output_delay (4)
7. checking multiple_clock (0)
8. checking generated_clocks (0)
9. checking loops (0)
10. checking partial_input_delay (0)
11. checking partial_output_delay (0)
12. checking latch_loops (0)

1. checking no_clock (0)
------------------------
 There are 0 register/latch pins with no clock.


2. checking constant_clock (0)
------------------------------
 There are 0 register/latch pins with constant_clock.


3. checking pulse_width_clock (0)
---------------------------------
 There are 0 register/latch pins which need pulse_width check


4. checking unconstrained_internal_endpoints (0)
------------------------------------------------
 There are 0 pins that are not constrained for maximum delay.

 There are 0 pins that are not constrained for maximum delay due to constant clock.


5. checking no_input_delay (6)
------------------------------
 There are 0 input ports with no input delay specified.

 There are 6 input ports with no input delay but user has a false path constraint. (MEDIUM)


6. checking no_output_delay (4)
-------------------------------
 There are 0 ports with no output delay specified.

 There are 4 ports with no output delay but user has a false path constraint (MEDIUM)

 There are 0 ports with no output delay but with a timing clock defined on it or propagating through it


7. checking multiple_clock (0)
------------------------------
 There are 0 register/latch pins with multiple clocks.


8. checking generated_clocks (0)
--------------------------------
 There are 0 generated clocks that are not connected to a clock source.


9. checking loops (0)
---------------------
 There are 0 combinational loops in the design.


10. checking partial_input_delay (0)
------------------------------------
 There are 0 input ports with partial input delay specified.


11. checking partial_output_delay (0)
-------------------------------------
 There are 0 ports with partial output delay specified.


12. checking latch_loops (0)
----------------------------
 There are 0 combinational latch loops in the design through latch input



------------------------------------------------------------------------------------------------
| Design Timing Summary
| ---------------------
------------------------------------------------------------------------------------------------

    WNS(ns)      TNS(ns)  TNS Failing Endpoints  TNS Total Endpoints      WHS(ns)      THS(ns)  THS Failing Endpoints  THS Total Endpoints     WPWS(ns)     TPWS(ns)  TPWS Failing Endpoints  TPWS Total Endpoints  
    -------      -------  ---------------------  -------------------      -------      -------  ---------------------  -------------------     --------     --------  ----------------------  --------------------  
    493.735        0.000                      0                 1057        0.096        0.000                      0                 1057      499.020        0.000                       0                   426  


All user specified timing constraints are met.


------------------------------------------------------------------------------------------------
| Clock Summary
| -------------
------------------------------------------------------------------------------------------------

Clock  Waveform(ns)         Period(ns)      Frequency(MHz)
-----  ------------         ----------      --------------
tck    {0.000 500.000}      1000.000        1.000           


------------------------------------------------------------------------------------------------
| Intra Clock Table
| -----------------
------------------------------------------------------------------------------------------------

Clock             WNS(ns)      TNS(ns)  TNS Failing Endpoints  TNS Total Endpoints      WHS(ns)      THS(ns)  THS Failing Endpoints  THS Total Endpoints     WPWS(ns)     TPWS(ns)  TPWS Failing Endpoints  TPWS Total Endpoints  
-----             -------      -------  ---------------------  -------------------      -------      -------  ---------------------  -------------------     --------     --------  ----------------------  --------------------  
tck               493.735        0.000                      0                 1057        0.096        0.000                      0                 1057      499.020        0.000                       0                   426  


------------------------------------------------------------------------------------------------
| Inter Clock Table
| -----------------
------------------------------------------------------------------------------------------------

From Clock    To Clock          WNS(ns)      TNS(ns)  TNS Failing Endpoints  TNS Total Endpoints      WHS(ns)      THS(ns)  THS Failing Endpoints  THS Total Endpoints  
----------    --------          -------      -------  ---------------------  -------------------      -------      -------  ---------------------  -------------------  


------------------------------------------------------------------------------------------------
| Other Path Groups Table
| -----------------------
------------------------------------------------------------------------------------------------

Path Group    From Clock    To Clock          WNS(ns)      TNS(ns)  TNS Failing Endpoints  TNS Total Endpoints      WHS(ns)      THS(ns)  THS Failing Endpoints  THS Total Endpoints  
----------    ----------    --------          -------      -------  ---------------------  -------------------      -------      -------  ---------------------  -------------------  


------------------------------------------------------------------------------------------------
| Timing Details
| --------------
------------------------------------------------------------------------------------------------


---------------------------------------------------------------------------------------------------
From Clock:  tck
  To Clock:  tck

Setup :            0  Failing Endpoints,  Worst Slack      493.735ns,  Total Violation        0.000ns
Hold  :            0  Failing Endpoints,  Worst Slack        0.096ns,  Total Violation        0.000ns
PW    :            0  Failing Endpoints,  Worst Slack      499.020ns,  Total Violation        0.000ns
---------------------------------------------------------------------------------------------------


Max Delay Paths
--------------------------------------------------------------------------------------
Slack (MET) :             493.735ns  (required time - arrival time)
  Source:                 u_ctrl/crc_reg[12]/C
                            (rising edge-triggered cell FDSE clocked by tck  {rise@0.000ns fall@500.000ns period=1000.000ns})
  Destination:            u_mem/g_tile[0].u_tile/cfg_reg[14]/CE
                            (falling edge-triggered cell FDRE clocked by tck  {rise@0.000ns fall@500.000ns period=1000.000ns})
  Path Group:             tck
  Path Type:              Setup (Max at Slow Process Corner)
  Requirement:            500.000ns  (tck fall@500.000ns - tck rise@0.000ns)
  Data Path Delay:        5.747ns  (logic 1.853ns (32.244%)  route 3.894ns (67.756%))
  Logic Levels:           4  (CARRY4=2 LUT3=1 LUT6=1)
  Clock Path Skew:        -0.073ns (DCD - SCD + CPR)
    Destination Clock Delay (DCD):    5.190ns = ( 505.190 - 500.000 ) 
    Source Clock Delay      (SCD):    5.657ns
    Clock Pessimism Removal (CPR):    0.394ns
  Clock Uncertainty:      0.035ns  ((TSJ^2 + TIJ^2)^1/2 + DJ) / 2 + PE
    Total System Jitter     (TSJ):    0.071ns
    Total Input Jitter      (TIJ):    0.000ns
    Discrete Jitter          (DJ):    0.000ns
    Phase Error              (PE):    0.000ns

    Location             Delay type                Incr(ns)  Path(ns)    Netlist Resource(s)
  -------------------------------------------------------------------    -------------------
                         (clock tck rise edge)        0.000     0.000 r  
    U18                                               0.000     0.000 r  tck (IN)
                         net (fo=0)                   0.000     0.000    tck
    U18                  IBUF (Prop_ibuf_I_O)         1.498     1.498 r  tck_IBUF_inst/O
                         net (fo=1, routed)           2.205     3.703    tck_IBUF
    BUFGCTRL_X0Y16       BUFG (Prop_bufg_I_O)         0.101     3.804 r  bufg_tck/O
                         net (fo=425, routed)         1.853     5.657    u_ctrl/tck_g
    SLICE_X112Y69        FDSE                                         r  u_ctrl/crc_reg[12]/C
  -------------------------------------------------------------------    -------------------
    SLICE_X112Y69        FDSE (Prop_fdse_C_Q)         0.478     6.135 r  u_ctrl/crc_reg[12]/Q
                         net (fo=3, routed)           1.302     7.437    u_ctrl/crc_reg_n_0_[12]
    SLICE_X112Y71        LUT6 (Prop_lut6_I4_O)        0.295     7.732 r  u_ctrl/crc_good_carry__0_i_4/O
                         net (fo=1, routed)           0.000     7.732    u_ctrl/crc_good_carry__0_i_4_n_0
    SLICE_X112Y71        CARRY4 (Prop_carry4_S[0]_CO[3])
                                                      0.513     8.245 r  u_ctrl/crc_good_carry__0/CO[3]
                         net (fo=1, routed)           0.000     8.245    u_ctrl/crc_good_carry__0_n_0
    SLICE_X112Y72        CARRY4 (Prop_carry4_CI_CO[2])
                                                      0.229     8.474 r  u_ctrl/crc_good_carry__1/CO[2]
                         net (fo=4, routed)           1.158     9.632    u_ctrl/crc_good
    SLICE_X106Y72        LUT3 (Prop_lut3_I2_O)        0.338     9.970 r  u_ctrl/cfg[15]_i_2/O
                         net (fo=64, routed)          1.434    11.404    u_mem/g_tile[0].u_tile/E[0]
    SLICE_X109Y74        FDRE                                         r  u_mem/g_tile[0].u_tile/cfg_reg[14]/CE
  -------------------------------------------------------------------    -------------------

                         (clock tck fall edge)      500.000   500.000 f  
    U18                                               0.000   500.000 f  tck (IN)
                         net (fo=0)                   0.000   500.000    tck
    U18                  IBUF (Prop_ibuf_I_O)         1.428   501.428 f  tck_IBUF_inst/O
                         net (fo=1, routed)           2.006   503.434    tck_IBUF
    BUFGCTRL_X0Y16       BUFG (Prop_bufg_I_O)         0.091   503.525 f  bufg_tck/O
                         net (fo=425, routed)         1.666   505.190    u_mem/g_tile[0].u_tile/tck_g
    SLICE_X109Y74        FDRE                                         r  u_mem/g_tile[0].u_tile/cfg_reg[14]/C  (IS_INVERTED)
                         clock pessimism              0.394   505.584    
                         clock uncertainty           -0.035   505.549    
    SLICE_X109Y74        FDRE (Setup_fdre_C_CE)      -0.410   505.139    u_mem/g_tile[0].u_tile/cfg_reg[14]
  -------------------------------------------------------------------
                         required time                        505.139    
                         arrival time                         -11.404    
  -------------------------------------------------------------------
                         slack                                493.735    





Min Delay Paths
--------------------------------------------------------------------------------------
Slack (MET) :             0.096ns  (arrival time - required time)
  Source:                 tdi
                            (input port clocked by tck  {rise@0.000ns fall@500.000ns period=1000.000ns})
  Destination:            u_tap/bypass_dr_reg/D
                            (rising edge-triggered cell FDRE clocked by tck  {rise@0.000ns fall@500.000ns period=1000.000ns})
  Path Group:             tck
  Path Type:              Hold (Min at Slow Process Corner)
  Requirement:            0.000ns  (tck rise@0.000ns - tck rise@0.000ns)
  Data Path Delay:        5.961ns  (logic 1.448ns (24.283%)  route 4.514ns (75.717%))
  Logic Levels:           1  (IBUF=1)
  Input Delay:            0.000ns
  Clock Path Skew:        5.660ns (DCD - SCD - CPR)
    Destination Clock Delay (DCD):    5.660ns
    Source Clock Delay      (SCD):    0.000ns
    Clock Pessimism Removal (CPR):    -0.000ns
  Clock Uncertainty:      0.035ns  ((TSJ^2 + TIJ^2)^1/2 + DJ) / 2 + PE
    Total System Jitter     (TSJ):    0.071ns
    Total Input Jitter      (TIJ):    0.000ns
    Discrete Jitter          (DJ):    0.000ns
    Phase Error              (PE):    0.000ns

    Location             Delay type                Incr(ns)  Path(ns)    Netlist Resource(s)
  -------------------------------------------------------------------    -------------------
                         (clock tck rise edge)        0.000     0.000 r  
                         input delay                  0.000     0.000    
    Y19                                               0.000     0.000 r  tdi (IN)
                         net (fo=0)                   0.000     0.000    tdi
    Y19                  IBUF (Prop_ibuf_I_O)         1.448     1.448 r  tdi_IBUF_inst/O
                         net (fo=23, routed)          4.514     5.961    u_tap/tdi_IBUF
    SLICE_X109Y65        FDRE                                         r  u_tap/bypass_dr_reg/D
  -------------------------------------------------------------------    -------------------

                         (clock tck rise edge)        0.000     0.000 r  
    U18                                               0.000     0.000 r  tck (IN)
                         net (fo=0)                   0.000     0.000    tck
    U18                  IBUF (Prop_ibuf_I_O)         1.498     1.498 r  tck_IBUF_inst/O
                         net (fo=1, routed)           2.205     3.703    tck_IBUF
    BUFGCTRL_X0Y16       BUFG (Prop_bufg_I_O)         0.101     3.804 r  bufg_tck/O
                         net (fo=425, routed)         1.856     5.660    u_tap/tck_g
    SLICE_X109Y65        FDRE                                         r  u_tap/bypass_dr_reg/C
                         clock pessimism              0.000     5.660    
                         clock uncertainty            0.035     5.696    
    SLICE_X109Y65        FDRE (Hold_fdre_C_D)         0.169     5.865    u_tap/bypass_dr_reg
  -------------------------------------------------------------------
                         required time                         -5.865    
                         arrival time                           5.961    
  -------------------------------------------------------------------
                         slack                                  0.096    





Pulse Width Checks
--------------------------------------------------------------------------------------
Clock Name:         tck
Waveform(ns):       { 0.000 500.000 }
Period(ns):         1000.000
Sources:            { tck }

Check Type        Corner  Lib Pin     Reference Pin  Required(ns)  Actual(ns)  Slack(ns)  Location        Pin
Min Period        n/a     BUFG/I      n/a            2.155         1000.000    997.845    BUFGCTRL_X0Y16  bufg_tck/I
Low Pulse Width   Slow    SRL16E/CLK  n/a            0.980         500.000     499.020    SLICE_X108Y63   u_tap/idcode_dr_reg[10]_srl2___u_tap_usercode_dr_reg_r_0/CLK
High Pulse Width  Slow    SRL16E/CLK  n/a            0.980         500.000     499.020    SLICE_X108Y63   u_tap/idcode_dr_reg[10]_srl2___u_tap_usercode_dr_reg_r_0/CLK



