
*** Running vivado
    with args -log fpga4x4_top.vdi -applog -m64 -product Vivado -messageDb vivado.pb -mode batch -source fpga4x4_top.tcl -notrace



****** Vivado v2025.2 (64-bit)
  **** SW Build 6299465 on Fri Nov 14 19:35:11 GMT 2025
  **** IP Build 6300035 on Fri Nov 14 10:48:45 MST 2025
  **** SharedData Build 6298862 on Thu Nov 13 04:50:51 MST 2025
  **** Start of session at: Mon Sep 14 04:02:52 2026
    ** Copyright 1986-2022 Xilinx, Inc. All Rights Reserved.
    ** Copyright 2022-2025 Advanced Micro Devices, Inc. All Rights Reserved.

source fpga4x4_top.tcl -notrace
create_project: Time (s): cpu = 00:00:17 ; elapsed = 00:00:10 . Memory (MB): peak = 628.965 ; gain = 221.605
Command: link_design -top fpga4x4_top -part xc7z020clg400-1
Design is defaulting to srcset: sources_1
Design is defaulting to constrset: constrs_1
INFO: [Device 21-403] Loading part xc7z020clg400-1
Netlist sorting complete. Time (s): cpu = 00:00:00 ; elapsed = 00:00:00.044 . Memory (MB): peak = 892.000 ; gain = 0.000
INFO: [Netlist 29-17] Analyzing 135 Unisim elements for replacement
INFO: [Netlist 29-28] Unisim Transformation completed in 0 CPU seconds
WARNING: [Netlist 29-101] Netlist 'fpga4x4_top' is not ideal for floorplanning, since the cellview 'jtag_tap' contains a large number of primitives.  Please consider enabling hierarchy in synthesis if you want to do floorplanning.
INFO: [Project 1-479] Netlist was created with Vivado 2025.2
INFO: [Project 1-570] Preparing netlist for logic optimization
Parsing XDC File [E:/bob_full_v1/hw/constr/pynq_z2.xdc]
Finished Parsing XDC File [E:/bob_full_v1/hw/constr/pynq_z2.xdc]
INFO: [Opt 31-138] Pushed 0 inverter(s) to 0 load pin(s).
Netlist sorting complete. Time (s): cpu = 00:00:00 ; elapsed = 00:00:00.004 . Memory (MB): peak = 1042.891 ; gain = 0.000
INFO: [Project 1-111] Unisim Transformation Summary:
No Unisim elements were transformed.

7 Infos, 1 Warnings, 0 Critical Warnings and 0 Errors encountered.
link_design completed successfully
link_design: Time (s): cpu = 00:00:11 ; elapsed = 00:00:14 . Memory (MB): peak = 1046.914 ; gain = 417.949
source E:/bob_full_v1/hw/scripts/drc_waiver.tcl
drc_waiver.tcl: LUTLP-1 downgraded to Warning for fpga4x4_top
Command: opt_design
Attempting to get a license for feature 'Implementation' and/or device 'xc7z020'
INFO: [Common 17-349] Got license for feature 'Implementation' and/or device 'xc7z020'
Running DRC as a precondition to command opt_design

Starting DRC Task
INFO: [DRC 23-27] Running DRC with 2 threads
INFO: [Project 1-461] DRC finished with 0 Errors
INFO: [Project 1-462] Please refer to the DRC report (report_drc) for more information.

Time (s): cpu = 00:00:03 ; elapsed = 00:00:03 . Memory (MB): peak = 1064.836 ; gain = 17.922

Starting Cache Timing Information Task
INFO: [Timing 38-35] Done setting XDC timing constraints.
Ending Cache Timing Information Task | Checksum: 11e6748d6

Time (s): cpu = 00:00:16 ; elapsed = 00:00:17 . Memory (MB): peak = 1621.926 ; gain = 557.090

Starting Logic Optimization Task

Phase 1 Initialization

Phase 1.1 Core Generation And Design Setup
Phase 1.1 Core Generation And Design Setup | Checksum: 11e6748d6

Time (s): cpu = 00:00:00 ; elapsed = 00:00:00.013 . Memory (MB): peak = 2085.109 ; gain = 0.000

Phase 1.2 Setup Constraints And Sort Netlist
Phase 1.2 Setup Constraints And Sort Netlist | Checksum: 11e6748d6

Time (s): cpu = 00:00:00 ; elapsed = 00:00:00.027 . Memory (MB): peak = 2085.109 ; gain = 0.000
Phase 1 Initialization | Checksum: 11e6748d6

Time (s): cpu = 00:00:00 ; elapsed = 00:00:00.028 . Memory (MB): peak = 2085.109 ; gain = 0.000

Phase 2 Timer Update And Timing Data Collection

Phase 2.1 Detect if minReqCache needed
Phase 2.1 Detect if minReqCache needed | Checksum: 11e6748d6

Time (s): cpu = 00:00:00 ; elapsed = 00:00:00.057 . Memory (MB): peak = 2085.148 ; gain = 0.039

Phase 2.2 Timer Update
Phase 2.2 Timer Update | Checksum: 11e6748d6

Time (s): cpu = 00:00:01 ; elapsed = 00:00:00.632 . Memory (MB): peak = 2085.148 ; gain = 0.039

Phase 2.3 Timing Data Collection
Phase 2.3 Timing Data Collection | Checksum: 11e6748d6

Time (s): cpu = 00:00:01 ; elapsed = 00:00:00.641 . Memory (MB): peak = 2085.148 ; gain = 0.039
Phase 2 Timer Update And Timing Data Collection | Checksum: 11e6748d6

Time (s): cpu = 00:00:01 ; elapsed = 00:00:00.645 . Memory (MB): peak = 2085.148 ; gain = 0.039

Phase 3 Retarget
INFO: [Opt 31-1851] Number of loadless carry chains removed were: 0
INFO: [Opt 31-1834] Total Chains To Be Transformed Were: 0 AND Number of Transformed insts Created are: 0
INFO: [Opt 31-1566] Pulled 12 inverters resulting in an inversion of 138 pins
INFO: [Opt 31-138] Pushed 0 inverter(s) to 0 load pin(s).
INFO: [Opt 31-49] Retargeted 0 cell(s).
Phase 3 Retarget | Checksum: 1e342cee1

Time (s): cpu = 00:00:01 ; elapsed = 00:00:00.950 . Memory (MB): peak = 2085.148 ; gain = 0.039
Retarget | Checksum: 1e342cee1
INFO: [Opt 31-389] Phase Retarget created 0 cells and removed 12 cells

Phase 4 Constant propagation
INFO: [Opt 31-138] Pushed 0 inverter(s) to 0 load pin(s).
Phase 4 Constant propagation | Checksum: 1e342cee1

Time (s): cpu = 00:00:01 ; elapsed = 00:00:01 . Memory (MB): peak = 2085.148 ; gain = 0.039
Constant propagation | Checksum: 1e342cee1
INFO: [Opt 31-389] Phase Constant propagation created 0 cells and removed 0 cells

Phase 5 Sweep
INFO: [Constraints 18-11670] Building netlist checker database with flags, 0x8
Done building netlist checker database: Time (s): cpu = 00:00:00 ; elapsed = 00:00:00.003 . Memory (MB): peak = 2085.148 ; gain = 0.000
Phase 5 Sweep | Checksum: 1e342cee1

Time (s): cpu = 00:00:01 ; elapsed = 00:00:01 . Memory (MB): peak = 2085.148 ; gain = 0.039
Sweep | Checksum: 1e342cee1
INFO: [Opt 31-389] Phase Sweep created 0 cells and removed 0 cells

Phase 6 BUFG optimization
Phase 6 BUFG optimization | Checksum: 1e342cee1

Time (s): cpu = 00:00:02 ; elapsed = 00:00:01 . Memory (MB): peak = 2085.148 ; gain = 0.039
BUFG optimization | Checksum: 1e342cee1
INFO: [Opt 31-662] Phase BUFG optimization created 0 cells of which 0 are BUFGs and removed 0 cells.

Phase 7 Shift Register Optimization
INFO: [Opt 31-1064] SRL Remap converted 0 SRLs to 0 registers and converted 0 registers of register chains to 0 SRLs
Phase 7 Shift Register Optimization | Checksum: 1e342cee1

Time (s): cpu = 00:00:02 ; elapsed = 00:00:01 . Memory (MB): peak = 2085.148 ; gain = 0.039
Shift Register Optimization | Checksum: 1e342cee1
INFO: [Opt 31-389] Phase Shift Register Optimization created 0 cells and removed 0 cells

Phase 8 Post Processing Netlist
Phase 8 Post Processing Netlist | Checksum: 1e342cee1

Time (s): cpu = 00:00:02 ; elapsed = 00:00:01 . Memory (MB): peak = 2085.148 ; gain = 0.039
Post Processing Netlist | Checksum: 1e342cee1
INFO: [Opt 31-389] Phase Post Processing Netlist created 0 cells and removed 0 cells

Phase 9 Finalization

Phase 9.1 Finalizing Design Cores and Updating Shapes
Phase 9.1 Finalizing Design Cores and Updating Shapes | Checksum: 1e342cee1

Time (s): cpu = 00:00:02 ; elapsed = 00:00:01 . Memory (MB): peak = 2085.148 ; gain = 0.039

Phase 9.2 Verifying Netlist Connectivity

Starting Connectivity Check Task

Time (s): cpu = 00:00:00 ; elapsed = 00:00:00.039 . Memory (MB): peak = 2085.148 ; gain = 0.000
Phase 9.2 Verifying Netlist Connectivity | Checksum: 1e342cee1

Time (s): cpu = 00:00:02 ; elapsed = 00:00:01 . Memory (MB): peak = 2085.148 ; gain = 0.039
Phase 9 Finalization | Checksum: 1e342cee1

Time (s): cpu = 00:00:02 ; elapsed = 00:00:01 . Memory (MB): peak = 2085.148 ; gain = 0.039
Opt_design Change Summary
=========================


-------------------------------------------------------------------------------------------------------------------------
|  Phase                        |  #Cells created  |  #Cells Removed  |  #Constrained objects preventing optimizations  |
-------------------------------------------------------------------------------------------------------------------------
|  Retarget                     |               0  |              12  |                                              0  |
|  Constant propagation         |               0  |               0  |                                              0  |
|  Sweep                        |               0  |               0  |                                              0  |
|  BUFG optimization            |               0  |               0  |                                              0  |
|  Shift Register Optimization  |               0  |               0  |                                              0  |
|  Post Processing Netlist      |               0  |               0  |                                              0  |
-------------------------------------------------------------------------------------------------------------------------


Ending Logic Optimization Task | Checksum: 1e342cee1

Time (s): cpu = 00:00:02 ; elapsed = 00:00:01 . Memory (MB): peak = 2085.148 ; gain = 0.039

Starting Power Optimization Task
INFO: [Pwropt 34-132] Skipping clock gating for clocks with a period < 2.00 ns.
Ending Power Optimization Task | Checksum: 1e342cee1

Time (s): cpu = 00:00:00 ; elapsed = 00:00:00.037 . Memory (MB): peak = 2085.148 ; gain = 0.000

Starting Final Cleanup Task
Ending Final Cleanup Task | Checksum: 1e342cee1

Time (s): cpu = 00:00:00 ; elapsed = 00:00:00.002 . Memory (MB): peak = 2085.148 ; gain = 0.000
Netlist sorting complete. Time (s): cpu = 00:00:00 ; elapsed = 00:00:00.005 . Memory (MB): peak = 2085.148 ; gain = 0.000
INFO: [Common 17-83] Releasing license: Implementation
28 Infos, 1 Warnings, 0 Critical Warnings and 0 Errors encountered.
opt_design completed successfully
opt_design: Time (s): cpu = 00:00:27 ; elapsed = 00:00:29 . Memory (MB): peak = 2085.148 ; gain = 1038.234
INFO: [Vivado 12-24828] Executing command : report_drc -file fpga4x4_top_drc_opted.rpt -pb fpga4x4_top_drc_opted.pb -rpx fpga4x4_top_drc_opted.rpx
Command: report_drc -file fpga4x4_top_drc_opted.rpt -pb fpga4x4_top_drc_opted.pb -rpx fpga4x4_top_drc_opted.rpx
INFO: [IP_Flow 19-234] Refreshing IP repositories
INFO: [IP_Flow 19-1704] No user IP repositories specified
INFO: [IP_Flow 19-2313] Loaded Vivado IP repository 'E:/amd/2025.2/Vivado/data/ip'.
INFO: [DRC 23-27] Running DRC with 2 threads
INFO: [Vivado_Tcl 2-168] The results of DRC are in file E:/bob_full_v1/bob_vivado/bob.runs/impl_1/fpga4x4_top_drc_opted.rpt.
report_drc completed successfully
report_drc: Time (s): cpu = 00:00:07 ; elapsed = 00:00:07 . Memory (MB): peak = 2085.148 ; gain = 0.000
generate_parallel_reports: Time (s): cpu = 00:00:07 ; elapsed = 00:00:07 . Memory (MB): peak = 2085.148 ; gain = 0.000
INFO: [Timing 38-480] Writing timing data to binary archive.
Wrote PlaceDB: Time (s): cpu = 00:00:00 ; elapsed = 00:00:00.001 . Memory (MB): peak = 2085.148 ; gain = 0.000
Wrote PulsedLatchDB: Time (s): cpu = 00:00:00 ; elapsed = 00:00:00 . Memory (MB): peak = 2085.148 ; gain = 0.000
Writing XDEF routing.
Write ShapeDB Complete: Time (s): cpu = 00:00:01 ; elapsed = 00:00:00.069 . Memory (MB): peak = 2085.148 ; gain = 0.000
Writing XDEF routing logical nets.
Writing XDEF routing special nets.
Wrote RouteStorage: Time (s): cpu = 00:00:00 ; elapsed = 00:00:00.106 . Memory (MB): peak = 2085.148 ; gain = 0.000
Wrote PlaceStorage: Time (s): cpu = 00:00:00 ; elapsed = 00:00:00.003 . Memory (MB): peak = 2085.148 ; gain = 0.000
Wrote Netlist Cache: Time (s): cpu = 00:00:00 ; elapsed = 00:00:00.001 . Memory (MB): peak = 2085.148 ; gain = 0.000
Wrote Device Cache: Time (s): cpu = 00:00:00 ; elapsed = 00:00:00.024 . Memory (MB): peak = 2085.148 ; gain = 0.000
Write Physdb Complete: Time (s): cpu = 00:00:01 ; elapsed = 00:00:00.235 . Memory (MB): peak = 2085.148 ; gain = 0.000
INFO: [Common 17-1381] The checkpoint 'E:/bob_full_v1/bob_vivado/bob.runs/impl_1/fpga4x4_top_opt.dcp' has been generated.
Command: place_design
Attempting to get a license for feature 'Implementation' and/or device 'xc7z020'
INFO: [Common 17-349] Got license for feature 'Implementation' and/or device 'xc7z020'
INFO: [Common 17-83] Releasing license: Implementation
INFO: [DRC 23-27] Running DRC with 2 threads
INFO: [Vivado_Tcl 4-198] DRC finished with 0 Errors
INFO: [Vivado_Tcl 4-199] Please refer to the DRC report (report_drc) for more information.
INFO: [Timing 38-35] Done setting XDC timing constraints.
Running DRC as a precondition to command place_design
INFO: [DRC 23-27] Running DRC with 2 threads
INFO: [Vivado_Tcl 4-198] DRC finished with 0 Errors, 1 Warnings
INFO: [Vivado_Tcl 4-199] Please refer to the DRC report (report_drc) for more information.
INFO: [Place 30-611] Multithreading enabled for place_design using a maximum of 2 CPUs

Starting Placer Task

Phase 1 Placer Initialization

Phase 1.1 Placer Initialization Netlist Sorting
Netlist sorting complete. Time (s): cpu = 00:00:00 ; elapsed = 00:00:00.010 . Memory (MB): peak = 2085.148 ; gain = 0.000
Phase 1.1 Placer Initialization Netlist Sorting | Checksum: 11a63336c

Time (s): cpu = 00:00:00 ; elapsed = 00:00:00.039 . Memory (MB): peak = 2085.148 ; gain = 0.000
Netlist sorting complete. Time (s): cpu = 00:00:00 ; elapsed = 00:00:00.006 . Memory (MB): peak = 2085.148 ; gain = 0.000

Phase 1.2 IO Placement/ Clock Placement/ Build Placer Device
Phase 1.2 IO Placement/ Clock Placement/ Build Placer Device | Checksum: f6688ce4

Time (s): cpu = 00:00:03 ; elapsed = 00:00:02 . Memory (MB): peak = 2085.148 ; gain = 0.000

Phase 1.3 Build Placer Netlist Model
Phase 1.3 Build Placer Netlist Model | Checksum: 1c3bc68cc

Time (s): cpu = 00:00:07 ; elapsed = 00:00:05 . Memory (MB): peak = 2085.148 ; gain = 0.000

Phase 1.4 Constrain Clocks/Macros
Phase 1.4 Constrain Clocks/Macros | Checksum: 1c3bc68cc

Time (s): cpu = 00:00:08 ; elapsed = 00:00:06 . Memory (MB): peak = 2085.148 ; gain = 0.000
Phase 1 Placer Initialization | Checksum: 1c3bc68cc

Time (s): cpu = 00:00:08 ; elapsed = 00:00:06 . Memory (MB): peak = 2085.148 ; gain = 0.000

Phase 2 Global Placement

Phase 2.1 Floorplanning
Phase 2.1 Floorplanning | Checksum: 13baf7720

Time (s): cpu = 00:00:09 ; elapsed = 00:00:07 . Memory (MB): peak = 2085.148 ; gain = 0.000

Phase 2.2 Update Timing before SLR Path Opt
Phase 2.2 Update Timing before SLR Path Opt | Checksum: 1efdf428e

Time (s): cpu = 00:00:11 ; elapsed = 00:00:08 . Memory (MB): peak = 2085.148 ; gain = 0.000

Phase 2.3 Post-Processing in Floorplanning
Phase 2.3 Post-Processing in Floorplanning | Checksum: 1efdf428e

Time (s): cpu = 00:00:11 ; elapsed = 00:00:08 . Memory (MB): peak = 2085.148 ; gain = 0.000

Phase 2.4 Global Place Phase1
Phase 2.4 Global Place Phase1 | Checksum: 162eb3681

Time (s): cpu = 00:00:39 ; elapsed = 00:00:24 . Memory (MB): peak = 2085.148 ; gain = 0.000

Phase 2.5 Global Place Phase2

Phase 2.5.1 UpdateTiming Before Physical Synthesis
Phase 2.5.1 UpdateTiming Before Physical Synthesis | Checksum: 1e9143f0f

Time (s): cpu = 00:00:43 ; elapsed = 00:00:27 . Memory (MB): peak = 2085.148 ; gain = 0.000

Phase 2.5.2 Physical Synthesis In Placer
INFO: [Physopt 32-1035] Found 22 LUTNM shape to break, 11 LUT instances to create LUTNM shape
INFO: [Physopt 32-1044] Break lutnm for timing: one critical 22, two critical 0, total 22, new lutff created 0
INFO: [Physopt 32-1138] End 1 Pass. Optimized 27 nets or LUTs. Breaked 22 LUTs, combined 5 existing LUTs and moved 0 existing LUT
INFO: [Physopt 32-65] No nets found for high-fanout optimization.
INFO: [Physopt 32-232] Optimized 0 net. Created 0 new instance.
INFO: [Physopt 32-775] End 1 Pass. Optimized 0 net or cell. Created 0 new cell, deleted 0 existing cell and moved 0 existing cell
INFO: [Physopt 32-456] No candidate cells for DSP register optimization found in the design.
INFO: [Physopt 32-775] End 2 Pass. Optimized 0 net or cell. Created 0 new cell, deleted 0 existing cell and moved 0 existing cell
INFO: [Physopt 32-1123] No candidate cells found for Shift Register to Pipeline optimization
INFO: [Physopt 32-775] End 2 Pass. Optimized 0 net or cell. Created 0 new cell, deleted 0 existing cell and moved 0 existing cell
INFO: [Physopt 32-1401] No candidate cells found for Shift Register optimization.
INFO: [Physopt 32-677] No candidate cells for Shift Register optimization found in the design
INFO: [Physopt 32-775] End 1 Pass. Optimized 0 net or cell. Created 0 new cell, deleted 0 existing cell and moved 0 existing cell
INFO: [Physopt 32-526] No candidate cells for BRAM register optimization found in the design
INFO: [Physopt 32-775] End 1 Pass. Optimized 0 net or cell. Created 0 new cell, deleted 0 existing cell and moved 0 existing cell
INFO: [Physopt 32-846] No candidate cells for URAM register optimization found in the design
INFO: [Physopt 32-775] End 1 Pass. Optimized 0 net or cell. Created 0 new cell, deleted 0 existing cell and moved 0 existing cell
INFO: [Physopt 32-846] No candidate cells for URAM register optimization found in the design
INFO: [Physopt 32-775] End 1 Pass. Optimized 0 net or cell. Created 0 new cell, deleted 0 existing cell and moved 0 existing cell
INFO: [Physopt 32-949] No candidate nets found for dynamic/static region interface net replication
INFO: [Physopt 32-775] End 1 Pass. Optimized 0 net or cell. Created 0 new cell, deleted 0 existing cell and moved 0 existing cell
Netlist sorting complete. Time (s): cpu = 00:00:00 ; elapsed = 00:00:00.006 . Memory (MB): peak = 2085.148 ; gain = 0.000

Summary of Physical Synthesis Optimizations
============================================


-----------------------------------------------------------------------------------------------------------------------------------------------------------
|  Optimization                                     |  Added Cells  |  Removed Cells  |  Optimized Cells/Nets  |  Dont Touch  |  Iterations  |  Elapsed   |
-----------------------------------------------------------------------------------------------------------------------------------------------------------
|  LUT Combining                                    |           22  |              5  |                    27  |           0  |           1  |  00:00:01  |
|  Retime                                           |            0  |              0  |                     0  |           0  |           1  |  00:00:00  |
|  Very High Fanout                                 |            0  |              0  |                     0  |           0  |           1  |  00:00:00  |
|  DSP Register                                     |            0  |              0  |                     0  |           0  |           1  |  00:00:00  |
|  Shift Register to Pipeline                       |            0  |              0  |                     0  |           0  |           1  |  00:00:00  |
|  Shift Register                                   |            0  |              0  |                     0  |           0  |           1  |  00:00:00  |
|  BRAM Register                                    |            0  |              0  |                     0  |           0  |           1  |  00:00:00  |
|  URAM Register                                    |            0  |              0  |                     0  |           0  |           1  |  00:00:00  |
|  Dynamic/Static Region Interface Net Replication  |            0  |              0  |                     0  |           0  |           1  |  00:00:00  |
|  Total                                            |           22  |              5  |                    27  |           0  |           9  |  00:00:01  |
-----------------------------------------------------------------------------------------------------------------------------------------------------------


Phase 2.5.2 Physical Synthesis In Placer | Checksum: 1db572cd5

Time (s): cpu = 00:00:45 ; elapsed = 00:00:29 . Memory (MB): peak = 2085.148 ; gain = 0.000
Phase 2.5 Global Place Phase2 | Checksum: f8b6a5ff

Time (s): cpu = 00:00:46 ; elapsed = 00:00:30 . Memory (MB): peak = 2085.148 ; gain = 0.000
Phase 2 Global Placement | Checksum: f8b6a5ff

Time (s): cpu = 00:00:46 ; elapsed = 00:00:30 . Memory (MB): peak = 2085.148 ; gain = 0.000

Phase 3 Detail Placement

Phase 3.1 Commit Multi Column Macros
Phase 3.1 Commit Multi Column Macros | Checksum: 1c89abfc9

Time (s): cpu = 00:00:48 ; elapsed = 00:00:31 . Memory (MB): peak = 2085.148 ; gain = 0.000

Phase 3.2 Commit Most Macros & LUTRAMs
Phase 3.2 Commit Most Macros & LUTRAMs | Checksum: 1e4107302

Time (s): cpu = 00:00:51 ; elapsed = 00:00:33 . Memory (MB): peak = 2085.148 ; gain = 0.000

Phase 3.3 Area Swap Optimization
Phase 3.3 Area Swap Optimization | Checksum: 17d564db3

Time (s): cpu = 00:00:51 ; elapsed = 00:00:33 . Memory (MB): peak = 2085.148 ; gain = 0.000

Phase 3.4 Pipeline Register Optimization
Phase 3.4 Pipeline Register Optimization | Checksum: 1c5bc8033

Time (s): cpu = 00:00:51 ; elapsed = 00:00:33 . Memory (MB): peak = 2085.148 ; gain = 0.000

Phase 3.5 Fast Optimization
Phase 3.5 Fast Optimization | Checksum: 15d52f9f0

Time (s): cpu = 00:01:00 ; elapsed = 00:00:44 . Memory (MB): peak = 2085.148 ; gain = 0.000

Phase 3.6 Small Shape Detail Placement
Phase 3.6 Small Shape Detail Placement | Checksum: 145fa5393

Time (s): cpu = 00:01:11 ; elapsed = 00:00:58 . Memory (MB): peak = 2085.148 ; gain = 0.000

Phase 3.7 Re-assign LUT pins
Phase 3.7 Re-assign LUT pins | Checksum: 229480bbb

Time (s): cpu = 00:01:14 ; elapsed = 00:01:00 . Memory (MB): peak = 2085.148 ; gain = 0.000

Phase 3.8 Pipeline Register Optimization
Phase 3.8 Pipeline Register Optimization | Checksum: 29ae791fb

Time (s): cpu = 00:01:14 ; elapsed = 00:01:00 . Memory (MB): peak = 2085.148 ; gain = 0.000
Phase 3 Detail Placement | Checksum: 29ae791fb

Time (s): cpu = 00:01:14 ; elapsed = 00:01:00 . Memory (MB): peak = 2085.148 ; gain = 0.000

Phase 4 Post Placement Optimization and Clean-Up

Phase 4.1 Post Commit Optimization
INFO: [Timing 38-35] Done setting XDC timing constraints.

Phase 4.1.1 Post Placement Optimization
Post Placement Optimization Initialization | Checksum: 2ccbeaa68

Phase 4.1.1.1 BUFG Insertion

Starting Physical Synthesis Task

Phase 1 Physical Synthesis Initialization
INFO: [Physopt 32-721] Multithreading enabled for phys_opt_design using a maximum of 2 CPUs
INFO: [Physopt 32-619] Estimated Timing Summary | WNS=-7.428 | TNS=-11.410 |
Phase 1 Physical Synthesis Initialization | Checksum: 28199a3a2

Time (s): cpu = 00:00:01 ; elapsed = 00:00:00.497 . Memory (MB): peak = 2085.148 ; gain = 0.000
INFO: [Place 46-33] Processed net u_core/u_tap/cfg_dr[2895]_i_1_n_0, BUFG insertion was skipped due to placement/routing conflicts.
INFO: [Place 46-33] Processed net u_core/u_tap/cfg_out[2895]_i_1_n_0, BUFG insertion was skipped due to placement/routing conflicts.
INFO: [Place 46-56] BUFG insertion identified 2 candidate nets. Inserted BUFG: 0, Replicated BUFG Driver: 0, Skipped due to Placement/Routing Conflicts: 2, Skipped due to Timing Degradation: 0, Skipped due to netlist editing failed: 0.
Ending Physical Synthesis Task | Checksum: 2ab9b8d9e

Time (s): cpu = 00:00:02 ; elapsed = 00:00:02 . Memory (MB): peak = 2085.148 ; gain = 0.000
Phase 4.1.1.1 BUFG Insertion | Checksum: 2ccbeaa68

Time (s): cpu = 00:01:27 ; elapsed = 00:01:10 . Memory (MB): peak = 2085.148 ; gain = 0.000

Phase 4.1.1.2 Post Placement Timing Optimization
INFO: [Place 30-746] Post Placement Timing Summary WNS=0.544. For the most accurate timing information please run report_timing.
Phase 4.1.1.2 Post Placement Timing Optimization | Checksum: 23fd41c80

Time (s): cpu = 00:01:52 ; elapsed = 00:01:33 . Memory (MB): peak = 2085.148 ; gain = 0.000

Time (s): cpu = 00:01:52 ; elapsed = 00:01:33 . Memory (MB): peak = 2085.148 ; gain = 0.000
Phase 4.1 Post Commit Optimization | Checksum: 23fd41c80

Time (s): cpu = 00:01:52 ; elapsed = 00:01:33 . Memory (MB): peak = 2085.148 ; gain = 0.000

Phase 4.2 Post Placement Cleanup
Phase 4.2 Post Placement Cleanup | Checksum: 23fd41c80

Time (s): cpu = 00:01:52 ; elapsed = 00:01:34 . Memory (MB): peak = 2085.148 ; gain = 0.000

Phase 4.3 Placer Reporting

Phase 4.3.1 Print Estimated Congestion
INFO: [Place 30-612] Post-Placement Estimated Congestion 
 ____________________________________________________
|           | Global Congestion | Short Congestion  |
| Direction | Region Size       | Region Size       |
|___________|___________________|___________________|
|      North|                1x1|                1x1|
|___________|___________________|___________________|
|      South|                1x1|                1x1|
|___________|___________________|___________________|
|       East|                1x1|                1x1|
|___________|___________________|___________________|
|       West|                1x1|                1x1|
|___________|___________________|___________________|

Phase 4.3.1 Print Estimated Congestion | Checksum: 23fd41c80

Time (s): cpu = 00:01:52 ; elapsed = 00:01:34 . Memory (MB): peak = 2085.148 ; gain = 0.000
Phase 4.3 Placer Reporting | Checksum: 23fd41c80

Time (s): cpu = 00:01:52 ; elapsed = 00:01:34 . Memory (MB): peak = 2085.148 ; gain = 0.000

Phase 4.4 Final Placement Cleanup
Netlist sorting complete. Time (s): cpu = 00:00:00 ; elapsed = 00:00:00.024 . Memory (MB): peak = 2085.148 ; gain = 0.000

Time (s): cpu = 00:01:52 ; elapsed = 00:01:34 . Memory (MB): peak = 2085.148 ; gain = 0.000
Phase 4 Post Placement Optimization and Clean-Up | Checksum: 240f202d6

Time (s): cpu = 00:01:52 ; elapsed = 00:01:34 . Memory (MB): peak = 2085.148 ; gain = 0.000
Ending Placer Task | Checksum: 168acd81c

Time (s): cpu = 00:01:52 ; elapsed = 00:01:34 . Memory (MB): peak = 2085.148 ; gain = 0.000
75 Infos, 1 Warnings, 0 Critical Warnings and 0 Errors encountered.
place_design completed successfully
place_design: Time (s): cpu = 00:01:59 ; elapsed = 00:01:38 . Memory (MB): peak = 2085.148 ; gain = 0.000
INFO: [Vivado 12-24838] Running report commands "report_control_sets, report_io, report_utilization" in parallel.
Running report generation with 2 threads.
INFO: [Vivado 12-24828] Executing command : report_io -file fpga4x4_top_io_placed.rpt
report_io: Time (s): cpu = 00:00:00 ; elapsed = 00:00:00.224 . Memory (MB): peak = 2085.148 ; gain = 0.000
INFO: [Vivado 12-24828] Executing command : report_utilization -file fpga4x4_top_utilization_placed.rpt -pb fpga4x4_top_utilization_placed.pb
INFO: [Vivado 12-24828] Executing command : report_control_sets -verbose -file fpga4x4_top_control_sets_placed.rpt
report_control_sets: Time (s): cpu = 00:00:00 ; elapsed = 00:00:00.068 . Memory (MB): peak = 2085.148 ; gain = 0.000
INFO: [Timing 38-480] Writing timing data to binary archive.
Wrote PlaceDB: Time (s): cpu = 00:00:00 ; elapsed = 00:00:00.001 . Memory (MB): peak = 2085.148 ; gain = 0.000
Wrote PulsedLatchDB: Time (s): cpu = 00:00:00 ; elapsed = 00:00:00 . Memory (MB): peak = 2085.148 ; gain = 0.000
Writing XDEF routing.
Write ShapeDB Complete: Time (s): cpu = 00:00:00 ; elapsed = 00:00:00.105 . Memory (MB): peak = 2085.148 ; gain = 0.000
Writing XDEF routing logical nets.
Writing XDEF routing special nets.
Wrote RouteStorage: Time (s): cpu = 00:00:01 ; elapsed = 00:00:00.112 . Memory (MB): peak = 2085.148 ; gain = 0.000
Wrote PlaceStorage: Time (s): cpu = 00:00:02 ; elapsed = 00:00:01 . Memory (MB): peak = 2085.148 ; gain = 0.000
Wrote Netlist Cache: Time (s): cpu = 00:00:00 ; elapsed = 00:00:00.046 . Memory (MB): peak = 2085.148 ; gain = 0.000
Wrote Device Cache: Time (s): cpu = 00:00:00 ; elapsed = 00:00:00.025 . Memory (MB): peak = 2085.148 ; gain = 0.000
Write Physdb Complete: Time (s): cpu = 00:00:03 ; elapsed = 00:00:02 . Memory (MB): peak = 2085.148 ; gain = 0.000
INFO: [Common 17-1381] The checkpoint 'E:/bob_full_v1/bob_vivado/bob.runs/impl_1/fpga4x4_top_placed.dcp' has been generated.
Command: phys_opt_design
Attempting to get a license for feature 'Implementation' and/or device 'xc7z020'
INFO: [Common 17-349] Got license for feature 'Implementation' and/or device 'xc7z020'

Starting Initial Update Timing Task

Time (s): cpu = 00:00:08 ; elapsed = 00:00:05 . Memory (MB): peak = 2085.148 ; gain = 0.000
INFO: [Vivado_Tcl 4-2279] Estimated Timing Summary | WNS= 0.544 | TNS= 0.000 | 
INFO: [Vivado_Tcl 4-383] Design worst setup slack (WNS) is greater than or equal to 0.000 ns. All physical synthesis setup optimizations will be skipped.
INFO: [Vivado_Tcl 4-232] No setup violation found. The netlist was not modified.
INFO: [Common 17-83] Releasing license: Implementation
86 Infos, 1 Warnings, 0 Critical Warnings and 0 Errors encountered.
phys_opt_design completed successfully
phys_opt_design: Time (s): cpu = 00:00:09 ; elapsed = 00:00:05 . Memory (MB): peak = 2085.148 ; gain = 0.000
INFO: [Timing 38-480] Writing timing data to binary archive.
Wrote PlaceDB: Time (s): cpu = 00:00:00 ; elapsed = 00:00:00 . Memory (MB): peak = 2085.148 ; gain = 0.000
Wrote PulsedLatchDB: Time (s): cpu = 00:00:00 ; elapsed = 00:00:00.001 . Memory (MB): peak = 2085.148 ; gain = 0.000
Writing XDEF routing.
Writing XDEF routing logical nets.
Write ShapeDB Complete: Time (s): cpu = 00:00:00 ; elapsed = 00:00:00.087 . Memory (MB): peak = 2085.148 ; gain = 0.000
Writing XDEF routing special nets.
Wrote RouteStorage: Time (s): cpu = 00:00:00 ; elapsed = 00:00:00.074 . Memory (MB): peak = 2085.148 ; gain = 0.000
Wrote PlaceStorage: Time (s): cpu = 00:00:02 ; elapsed = 00:00:01 . Memory (MB): peak = 2085.148 ; gain = 0.000
Wrote Netlist Cache: Time (s): cpu = 00:00:00 ; elapsed = 00:00:00.044 . Memory (MB): peak = 2085.148 ; gain = 0.000
Wrote Device Cache: Time (s): cpu = 00:00:00 ; elapsed = 00:00:00.025 . Memory (MB): peak = 2085.148 ; gain = 0.000
Write Physdb Complete: Time (s): cpu = 00:00:02 ; elapsed = 00:00:02 . Memory (MB): peak = 2085.148 ; gain = 0.000
INFO: [Common 17-1381] The checkpoint 'E:/bob_full_v1/bob_vivado/bob.runs/impl_1/fpga4x4_top_physopt.dcp' has been generated.
Command: route_design
Attempting to get a license for feature 'Implementation' and/or device 'xc7z020'
INFO: [Common 17-349] Got license for feature 'Implementation' and/or device 'xc7z020'


Starting Routing Task
INFO: [Route 35-254] Multithreading enabled for route_design using a maximum of 2 CPUs

Phase 1 Build RT Design
Checksum: PlaceDB: 82de2ee8 ConstDB: 0 ShapeSum: cfd53644 RouteDB: 15f972f0
Post Restoration Checksum: NetGraph: 904038fa | NumContArr: 242bfde8 | Constraints: c2a8fa9d | Timing: c2a8fa9d
Phase 1 Build RT Design | Checksum: 239be2c1c

Time (s): cpu = 00:00:50 ; elapsed = 00:00:44 . Memory (MB): peak = 2085.148 ; gain = 0.000

Phase 2 Router Initialization

Phase 2.1 Fix Topology Constraints
Phase 2.1 Fix Topology Constraints | Checksum: 239be2c1c

Time (s): cpu = 00:00:50 ; elapsed = 00:00:44 . Memory (MB): peak = 2085.148 ; gain = 0.000

Phase 2.2 Pre Route Cleanup
Phase 2.2 Pre Route Cleanup | Checksum: 239be2c1c

Time (s): cpu = 00:00:50 ; elapsed = 00:00:44 . Memory (MB): peak = 2085.148 ; gain = 0.000
 Number of Nodes with overlaps = 0

Phase 2.3 Update Timing
Phase 2.3 Update Timing | Checksum: 1d301a8f5

Time (s): cpu = 00:00:59 ; elapsed = 00:00:49 . Memory (MB): peak = 2085.148 ; gain = 0.000
INFO: [Route 35-416] Intermediate Timing Summary | WNS=14.365 | TNS=0.000  | WHS=-1.329 | THS=-39.539|


Phase 2.4 Soft Constraint Pins - Fast Budgeting
Phase 2.4 Soft Constraint Pins - Fast Budgeting | Checksum: 24295b47e

Time (s): cpu = 00:01:01 ; elapsed = 00:00:51 . Memory (MB): peak = 2085.148 ; gain = 0.000

Router Utilization Summary
  Global Vertical Routing Utilization    = 0 %
  Global Horizontal Routing Utilization  = 0 %
  Routable Net Status*
  *Does not include unroutable nets such as driverless and loadless.
  Run report_route_status for detailed report.
  Number of Failed Nets               = 8719
    (Failed Nets is the sum of unrouted and partially routed nets)
  Number of Unrouted Nets             = 8719
  Number of Partially Routed Nets     = 0
  Number of Node Overlaps             = 0

Phase 2 Router Initialization | Checksum: 2ad42d1e1

Time (s): cpu = 00:01:02 ; elapsed = 00:00:51 . Memory (MB): peak = 2085.148 ; gain = 0.000

Phase 3 Global Routing
Phase 3 Global Routing | Checksum: 2ad42d1e1

Time (s): cpu = 00:01:02 ; elapsed = 00:00:51 . Memory (MB): peak = 2085.148 ; gain = 0.000

Phase 4 Initial Routing

Phase 4.1 Initial Net Routing Pass
Phase 4.1 Initial Net Routing Pass | Checksum: 2028bb178

Time (s): cpu = 00:01:05 ; elapsed = 00:00:53 . Memory (MB): peak = 2085.148 ; gain = 0.000
Phase 4 Initial Routing | Checksum: 2028bb178

Time (s): cpu = 00:01:05 ; elapsed = 00:00:53 . Memory (MB): peak = 2085.148 ; gain = 0.000

Phase 5 Rip-up And Reroute

Phase 5.1 Global Iteration 0
 Number of Nodes with overlaps = 1821
 Number of Nodes with overlaps = 426
 Number of Nodes with overlaps = 143
 Number of Nodes with overlaps = 70
 Number of Nodes with overlaps = 20
 Number of Nodes with overlaps = 11
 Number of Nodes with overlaps = 5
 Number of Nodes with overlaps = 3
 Number of Nodes with overlaps = 1
 Number of Nodes with overlaps = 0
INFO: [Route 35-416] Intermediate Timing Summary | WNS=66.911 | TNS=0.000  | WHS=N/A    | THS=N/A    |

Phase 5.1 Global Iteration 0 | Checksum: 23d2b5ab6

Time (s): cpu = 00:01:31 ; elapsed = 00:01:16 . Memory (MB): peak = 2085.148 ; gain = 0.000

Phase 5.2 Global Iteration 1
 Number of Nodes with overlaps = 11
 Number of Nodes with overlaps = 2
 Number of Nodes with overlaps = 0
INFO: [Route 35-416] Intermediate Timing Summary | WNS=66.863 | TNS=0.000  | WHS=N/A    | THS=N/A    |

Phase 5.2 Global Iteration 1 | Checksum: 18665f483

Time (s): cpu = 00:01:32 ; elapsed = 00:01:17 . Memory (MB): peak = 2085.148 ; gain = 0.000
Phase 5 Rip-up And Reroute | Checksum: 18665f483

Time (s): cpu = 00:01:32 ; elapsed = 00:01:17 . Memory (MB): peak = 2085.148 ; gain = 0.000

Phase 6 Delay and Skew Optimization

Phase 6.1 Delay CleanUp
Phase 6.1 Delay CleanUp | Checksum: 18665f483

Time (s): cpu = 00:01:32 ; elapsed = 00:01:17 . Memory (MB): peak = 2085.148 ; gain = 0.000

Phase 6.2 Clock Skew Optimization
Phase 6.2 Clock Skew Optimization | Checksum: 18665f483

Time (s): cpu = 00:01:32 ; elapsed = 00:01:17 . Memory (MB): peak = 2085.148 ; gain = 0.000
Phase 6 Delay and Skew Optimization | Checksum: 18665f483

Time (s): cpu = 00:01:32 ; elapsed = 00:01:17 . Memory (MB): peak = 2085.148 ; gain = 0.000

Phase 7 Post Hold Fix

Phase 7.1 Hold Fix Iter
INFO: [Route 35-416] Intermediate Timing Summary | WNS=66.978 | TNS=0.000  | WHS=-0.089 | THS=-0.089 |

Phase 7.1 Hold Fix Iter | Checksum: 28afe9ded

Time (s): cpu = 00:01:33 ; elapsed = 00:01:18 . Memory (MB): peak = 2085.148 ; gain = 0.000

Phase 7.2 Non Free Resource Hold Fix Iter
Phase 7.2 Non Free Resource Hold Fix Iter | Checksum: 29bcaba27

Time (s): cpu = 00:01:33 ; elapsed = 00:01:18 . Memory (MB): peak = 2085.148 ; gain = 0.000
Phase 7 Post Hold Fix | Checksum: 29bcaba27

Time (s): cpu = 00:01:33 ; elapsed = 00:01:18 . Memory (MB): peak = 2085.148 ; gain = 0.000

Phase 8 Route finalize

Router Utilization Summary
  Global Vertical Routing Utilization    = 1.36119 %
  Global Horizontal Routing Utilization  = 1.73969 %
  Routable Net Status*
  *Does not include unroutable nets such as driverless and loadless.
  Run report_route_status for detailed report.
  Number of Failed Nets               = 0
    (Failed Nets is the sum of unrouted and partially routed nets)
  Number of Unrouted Nets             = 0
  Number of Partially Routed Nets     = 0
  Number of Node Overlaps             = 0

Phase 8 Route finalize | Checksum: 29bcaba27

Time (s): cpu = 00:01:33 ; elapsed = 00:01:18 . Memory (MB): peak = 2085.148 ; gain = 0.000

Phase 9 Verifying routed nets

 Verification completed successfully
Phase 9 Verifying routed nets | Checksum: 29bcaba27

Time (s): cpu = 00:01:33 ; elapsed = 00:01:18 . Memory (MB): peak = 2085.148 ; gain = 0.000

Phase 10 Depositing Routes
Phase 10 Depositing Routes | Checksum: 27fbbc492

Time (s): cpu = 00:01:36 ; elapsed = 00:01:20 . Memory (MB): peak = 2085.148 ; gain = 0.000

Phase 11 Post Process Routing
Phase 11 Post Process Routing | Checksum: 27fbbc492

Time (s): cpu = 00:01:36 ; elapsed = 00:01:20 . Memory (MB): peak = 2085.148 ; gain = 0.000

Phase 12 Post Router Timing

Phase 12.1 Update Timing
Phase 12.1 Update Timing | Checksum: 27fbbc492

Time (s): cpu = 00:01:37 ; elapsed = 00:01:21 . Memory (MB): peak = 2085.148 ; gain = 0.000
INFO: [Route 35-57] Estimated Timing Summary | WNS=66.978 | TNS=0.000  | WHS=0.085  | THS=0.000  |

INFO: [Route 35-327] The final timing numbers are based on the router estimated timing analysis. For a complete and accurate timing signoff, please run report_timing_summary.
Phase 12 Post Router Timing | Checksum: 27fbbc492

Time (s): cpu = 00:01:37 ; elapsed = 00:01:21 . Memory (MB): peak = 2085.148 ; gain = 0.000
Total Elapsed time in route_design: 80.969 secs

Phase 13 Post-Route Event Processing
Phase 13 Post-Route Event Processing | Checksum: 1e5b04cf5

Time (s): cpu = 00:01:37 ; elapsed = 00:01:21 . Memory (MB): peak = 2085.148 ; gain = 0.000
INFO: [Route 35-16] Router Completed Successfully
Ending Routing Task | Checksum: 1e5b04cf5

Time (s): cpu = 00:01:37 ; elapsed = 00:01:21 . Memory (MB): peak = 2085.148 ; gain = 0.000

Routing Is Done.
INFO: [Common 17-83] Releasing license: Implementation
98 Infos, 1 Warnings, 0 Critical Warnings and 0 Errors encountered.
route_design completed successfully
route_design: Time (s): cpu = 00:01:37 ; elapsed = 00:01:21 . Memory (MB): peak = 2085.148 ; gain = 0.000
INFO: [Vivado 12-24828] Executing command : report_drc -file fpga4x4_top_drc_routed.rpt -pb fpga4x4_top_drc_routed.pb -rpx fpga4x4_top_drc_routed.rpx
Command: report_drc -file fpga4x4_top_drc_routed.rpt -pb fpga4x4_top_drc_routed.pb -rpx fpga4x4_top_drc_routed.rpx
INFO: [IP_Flow 19-1839] IP Catalog is up to date.
INFO: [DRC 23-27] Running DRC with 2 threads
INFO: [Vivado_Tcl 2-168] The results of DRC are in file E:/bob_full_v1/bob_vivado/bob.runs/impl_1/fpga4x4_top_drc_routed.rpt.
report_drc completed successfully
report_drc: Time (s): cpu = 00:00:09 ; elapsed = 00:00:06 . Memory (MB): peak = 2085.148 ; gain = 0.000
INFO: [Vivado 12-24828] Executing command : report_methodology -file fpga4x4_top_methodology_drc_routed.rpt -pb fpga4x4_top_methodology_drc_routed.pb -rpx fpga4x4_top_methodology_drc_routed.rpx
Command: report_methodology -file fpga4x4_top_methodology_drc_routed.rpt -pb fpga4x4_top_methodology_drc_routed.pb -rpx fpga4x4_top_methodology_drc_routed.rpx
INFO: [Timing 38-35] Done setting XDC timing constraints.
INFO: [DRC 23-133] Running Methodology with 2 threads
INFO: [Vivado_Tcl 2-1520] The results of Report Methodology are in file E:/bob_full_v1/bob_vivado/bob.runs/impl_1/fpga4x4_top_methodology_drc_routed.rpt.
report_methodology completed successfully
report_methodology: Time (s): cpu = 00:00:16 ; elapsed = 00:00:09 . Memory (MB): peak = 2085.148 ; gain = 0.000
INFO: [Vivado 12-24828] Executing command : report_timing_summary -max_paths 10 -routable_nets -report_unconstrained -file fpga4x4_top_timing_summary_routed.rpt -pb fpga4x4_top_timing_summary_routed.pb -rpx fpga4x4_top_timing_summary_routed.rpx -warn_on_violation 
INFO: [Timing 38-35] Done setting XDC timing constraints.
INFO: [Timing 38-91] UpdateTimingParams: Speed grade: -1, Delay Type: min_max.
INFO: [Timing 38-191] Multithreading enabled for timing update using a maximum of 2 CPUs
INFO: [Timing 38-273] Loop limit of 100 reached; Use -loop_limit switch to increase the number of loops reported
report_timing_summary: Time (s): cpu = 00:00:05 ; elapsed = 00:00:05 . Memory (MB): peak = 2085.148 ; gain = 0.000
INFO: [Vivado 12-24838] Running report commands "report_incremental_reuse, report_route_status" in parallel.
Running report generation with 2 threads.
INFO: [Vivado 12-24828] Executing command : report_incremental_reuse -file fpga4x4_top_incremental_reuse_routed.rpt
INFO: [Vivado_Tcl 4-1062] Incremental flow is disabled. No incremental reuse Info to report.
INFO: [Vivado 12-24828] Executing command : report_route_status -file fpga4x4_top_route_status.rpt -pb fpga4x4_top_route_status.pb
INFO: [Vivado 12-24828] Executing command : report_power -file fpga4x4_top_power_routed.rpt -pb fpga4x4_top_power_summary_routed.pb -rpx fpga4x4_top_power_routed.rpx
Command: report_power -file fpga4x4_top_power_routed.rpt -pb fpga4x4_top_power_summary_routed.pb -rpx fpga4x4_top_power_routed.rpx
Running Vector-less Activity Propagation...

Finished Running Vector-less Activity Propagation
116 Infos, 1 Warnings, 0 Critical Warnings and 0 Errors encountered.
report_power completed successfully
INFO: [Vivado 12-24828] Executing command : report_clock_utilization -file fpga4x4_top_clock_utilization_routed.rpt
INFO: [Vivado 12-24828] Executing command : report_bus_skew -warn_on_violation -file fpga4x4_top_bus_skew_routed.rpt -pb fpga4x4_top_bus_skew_routed.pb -rpx fpga4x4_top_bus_skew_routed.rpx
INFO: [Timing 38-91] UpdateTimingParams: Speed grade: -1, Delay Type: min_max.
INFO: [Timing 38-191] Multithreading enabled for timing update using a maximum of 2 CPUs
generate_parallel_reports: Time (s): cpu = 00:00:37 ; elapsed = 00:00:26 . Memory (MB): peak = 2085.148 ; gain = 0.000
INFO: [Timing 38-480] Writing timing data to binary archive.
Wrote PlaceDB: Time (s): cpu = 00:00:00 ; elapsed = 00:00:00 . Memory (MB): peak = 2085.148 ; gain = 0.000
Wrote PulsedLatchDB: Time (s): cpu = 00:00:00 ; elapsed = 00:00:00 . Memory (MB): peak = 2085.148 ; gain = 0.000
Writing XDEF routing.
Write ShapeDB Complete: Time (s): cpu = 00:00:00 ; elapsed = 00:00:00.102 . Memory (MB): peak = 2085.148 ; gain = 0.000
Writing XDEF routing logical nets.
Writing XDEF routing special nets.
Wrote RouteStorage: Time (s): cpu = 00:00:01 ; elapsed = 00:00:00.333 . Memory (MB): peak = 2085.148 ; gain = 0.000
Wrote PlaceStorage: Time (s): cpu = 00:00:01 ; elapsed = 00:00:04 . Memory (MB): peak = 2085.148 ; gain = 0.000
Wrote Netlist Cache: Time (s): cpu = 00:00:00 ; elapsed = 00:00:00.056 . Memory (MB): peak = 2085.148 ; gain = 0.000
Wrote Device Cache: Time (s): cpu = 00:00:00 ; elapsed = 00:00:00.040 . Memory (MB): peak = 2085.148 ; gain = 0.000
Write Physdb Complete: Time (s): cpu = 00:00:02 ; elapsed = 00:00:17 . Memory (MB): peak = 2085.148 ; gain = 0.000
INFO: [Common 17-1381] The checkpoint 'E:/bob_full_v1/bob_vivado/bob.runs/impl_1/fpga4x4_top_routed.dcp' has been generated.
write_checkpoint: Time (s): cpu = 00:00:03 ; elapsed = 00:00:18 . Memory (MB): peak = 2085.148 ; gain = 0.000
source E:/bob_full_v1/hw/scripts/drc_waiver.tcl
drc_waiver.tcl: LUTLP-1 downgraded to Warning for fpga4x4_top
Command: write_bitstream -force fpga4x4_top.bit
Attempting to get a license for feature 'Implementation' and/or device 'xc7z020'
INFO: [Common 17-349] Got license for feature 'Implementation' and/or device 'xc7z020'
Running DRC as a precondition to command write_bitstream
INFO: [IP_Flow 19-1839] IP Catalog is up to date.
INFO: [DRC 23-27] Running DRC with 2 threads
INFO: [Vivado 12-3199] DRC finished with 0 Errors
INFO: [Vivado 12-3200] Please refer to the DRC report (report_drc) for more information.
Integrating Hard IP ELF/MEM with the PDI.
INFO: [Designutils 20-2272] Running write_bitstream with 2 threads.
Loading data files...
Loading site data...
Loading route data...
Processing options...
Creating bitmap...
Creating bitstream...
Writing bitstream ./fpga4x4_top.bit...
INFO: [Vivado 12-1842] Bitgen Completed Successfully.
INFO: [Common 17-83] Releasing license: Implementation
130 Infos, 1 Warnings, 0 Critical Warnings and 0 Errors encountered.
write_bitstream completed successfully
write_bitstream: Time (s): cpu = 00:00:33 ; elapsed = 00:00:28 . Memory (MB): peak = 2421.766 ; gain = 336.617
INFO: [Common 17-206] Exiting Vivado at Mon Sep 14 04:08:22 2026...
