#Packing pin usage report
Type: io
	Input Pin Usage:
		Max: 1.00 (1.00)
		Avg: 0.50 (0.50)
		Min: 0.00 (0.00)
		Histogram:
		[        0:      0.1) 3 ( 50.0%) |*************************************************
		[      0.1:      0.2) 0 (  0.0%) |
		[      0.2:      0.3) 0 (  0.0%) |
		[      0.3:      0.4) 0 (  0.0%) |
		[      0.4:      0.5) 0 (  0.0%) |
		[      0.5:      0.6) 0 (  0.0%) |
		[      0.6:      0.7) 0 (  0.0%) |
		[      0.7:      0.8) 0 (  0.0%) |
		[      0.8:      0.9) 0 (  0.0%) |
		[      0.9:        1) 3 ( 50.0%) |*************************************************
	Output Pin Usage:
		Max: 1.00 (1.00)
		Avg: 0.50 (0.50)
		Min: 0.00 (0.00)
		Histogram:
		[        0:      0.1) 3 ( 50.0%) |*************************************************
		[      0.1:      0.2) 0 (  0.0%) |
		[      0.2:      0.3) 0 (  0.0%) |
		[      0.3:      0.4) 0 (  0.0%) |
		[      0.4:      0.5) 0 (  0.0%) |
		[      0.5:      0.6) 0 (  0.0%) |
		[      0.6:      0.7) 0 (  0.0%) |
		[      0.7:      0.8) 0 (  0.0%) |
		[      0.8:      0.9) 0 (  0.0%) |
		[      0.9:        1) 3 ( 50.0%) |*************************************************

Type: clb
	Input Pin Usage:
		Max: 4.00 (0.20)
		Avg: 3.50 (0.17)
		Min: 3.00 (0.15)
		Histogram:
		[        0:        2) 0 (  0.0%) |
		[        2:        4) 2 (100.0%) |*************************************************
		[        4:        6) 0 (  0.0%) |
		[        6:        8) 0 (  0.0%) |
		[        8:       10) 0 (  0.0%) |
		[       10:       12) 0 (  0.0%) |
		[       12:       14) 0 (  0.0%) |
		[       14:       16) 0 (  0.0%) |
		[       16:       18) 0 (  0.0%) |
		[       18:       20) 0 (  0.0%) |
	Output Pin Usage:
		Max: 3.00 (0.33)
		Avg: 2.00 (0.22)
		Min: 1.00 (0.11)
		Histogram:
		[        0:      0.9) 0 (  0.0%) |
		[      0.9:      1.8) 1 ( 50.0%) |**************************************************
		[      1.8:      2.7) 0 (  0.0%) |
		[      2.7:      3.6) 1 ( 50.0%) |**************************************************
		[      3.6:      4.5) 0 (  0.0%) |
		[      4.5:      5.4) 0 (  0.0%) |
		[      5.4:      6.3) 0 (  0.0%) |
		[      6.3:      7.2) 0 (  0.0%) |
		[      7.2:      8.1) 0 (  0.0%) |
		[      8.1:        9) 0 (  0.0%) |

