VPR FPGA Placement and Routing.
Version: 9.0.0-dev+v8.0.0-17403-g216b5fd211
Revision: v8.0.0-17403-g216b5fd211
Compiled: 2026-09-20T17:23:27
Compiler: GNU 12.3.0 on Linux-6.8.0-1064-azure x86_64
Build Info: release IPO VTR_ASSERT_LEVEL=2

University of Toronto
verilogtorouting.org
vtr-users@googlegroups.com
This is free open source code under MIT license.

VPR was run with the following command-line:
/opt/openfpga/build/vtr-verilog-to-routing/vpr/vpr arch.xml counter.eblif --device bob12x10 --route_chan_width 36 --read_rr_graph rr.xml --fix_clusters counter.pins --seed 1 --absorb_buffer_luts off --const_gen_inference none --sweep_dangling_primary_ios off --sweep_dangling_nets off --sweep_dangling_blocks off --sweep_constant_primary_outputs off --pack --place --route --analysis


Architecture file: arch.xml
Circuit name: counter

# Loading Architecture Description
# Loading Architecture Description took 0.08 seconds (max_rss 27.8 MiB, delta_rss +6.1 MiB)

Timing analysis: ON
Circuit netlist file: counter.net
Circuit placement file: counter.place
Circuit routing file: counter.route
Circuit SDC file: counter.sdc
Vpr floorplanning constraints file: not specified

Packer: ENABLED
Placer: ENABLED
Analytical Placer: DISABLED
Router: ENABLED
Analysis: ENABLED

VPR was run with the following options:

netlist_opts.absorb_buffer_luts            : false
netlist_opts.sweep_dangling_primary_ios    : false
netlist_opts.sweep_dangling_nets           : false
netlist_opts.sweep_dangling_blocks         : false
netlist_opts.sweep_constant_primary_outputs: false
netlist_opts.netlist_verbosity             : 1
netlist_opts.const_gen_inference           : NONE

packer_opts.allow_unrelated_clustering: auto
packer_opts.timing_gain_weight: 0.750000
packer_opts.connection_gain_weight: 0.900000
packer_opts.cluster_seed_type: BLEND2
packer_opts.connection_driven: true
packer_opts.timing_driven: true
packer_opts.target_external_pin_util: auto

placer_opts.place_freq: ONCE
placer_opts.place_algorithm: CRITICALITY_TIMING_PLACE
placer_opts.pad_loc_type: FREE
placer_opts.constraints_file: Using constraints file 'counter.pins'
placer_opts.place_chan_width: 36
placer_opts.congestion_factor: 0.000000
placer_opts.interposer_cost_params.net_cost_type: two_stage
placer_opts.interposer_cost_params.two_stage_net_cost_first_stage_type: minimize_interposer_crossing_bb
placer_opts.interposer_cost_params.two_stage_net_cost_second_stage_type: interposer_wire_aware_crossing_bb
placer_opts.interposer_cost_params.net_cost_change_threshold: 0.005000
placer_opts.inner_loop_recompute_divider: 0
placer_opts.recompute_crit_iter: 1
placer_opts.timing_tradeoff: 0.500000
placer_opts.td_place_exp_first: 1.000000
placer_opts.td_place_exp_last: 8.000000
placer_opts.delay_offset: 0.000000
placer_opts.delay_ramp_delta_threshold: -1
placer_opts.delay_ramp_slope: 0.000000
placer_opts.tsu_rel_margin: 1.000000
placer_opts.tsu_abs_margin: 0.000000
placer_opts.post_place_timing_report_file: 
placer_opts.allowed_tiles_for_delay_model: 
placer_opts.delay_model_reducer: MIN
placer_opts.delay_model_type: SIMPLE
placer_opts.rlim_escape_fraction: 0.000000
placer_opts.move_stats_file: 
placer_opts.placement_saves_per_temperature: 0
placer_opts.effort_scaling: CIRCUIT
placer_opts.place_delta_delay_matrix_calculation_method: ASTAR_ROUTE
placer_opts.seed: 1
anneal_sched.type: AUTO_SCHED
anneal_sched.inner_num: 0.500000
placer_opts.anneal_init_t_estimator: EQUILIBRIUM

router_opts.route_type: DETAILED
router_opts.flat_routing: false
router_opts.choke_points: on
router_opts.router_algorithm: TIMING_DRIVEN
router_opts.base_cost_type: DELAY_NORMALIZED_LENGTH
router_opts.fixed_channel_width: 36
router_opts.check_route: FULL
router_opts.acc_fac: 1.000000
router_opts.bb_factor: 3
router_opts.bend_cost: 0.000000
router_opts.first_iter_pres_fac: 0.000000
router_opts.initial_pres_fac: 0.500000
router_opts.pres_fac_mult: 1.300000
router_opts.max_pres_fac: 1000.000000
router_opts.max_router_iterations: 50
router_opts.min_incremental_reroute_fanout: 16
router_opts.initial_acc_cost_chan_congestion_threshold: 0.500000
router_opts.initial_acc_cost_chan_congestion_weight: 0.500000
router_opts.do_check_rr_graph: true
router_opts.verify_binary_search: false
router_opts.min_channel_width_hint: 0
router_opts.read_rr_edge_metadata: false
router_opts.exit_after_first_routing_iteration: false
router_opts.astar_fac: 1.200000
router_opts.astar_offset: 0.000000
router_opts.router_profiler_astar_fac: 1.200000
router_opts.enable_parallel_connection_router: false
router_opts.post_target_prune_fac: 1.200000
router_opts.post_target_prune_offset: 0
router_opts.multi_queue_num_threads: 1
router_opts.multi_queue_num_queues: 2
router_opts.multi_queue_direct_draining: false
router_opts.criticality_exp: 1.000000
router_opts.max_criticality: 0.990000
router_opts.init_wirelength_abort_threshold: 0.850000
router_opts.incr_reroute_delay_ripup: AUTO
router_opts.save_routing_per_iteration: false
router_opts.congested_routing_iteration_threshold_frac: 1.000000
router_opts.high_fanout_threshold: 64
router_opts.router_debug_net: -2
router_opts.router_debug_sink_rr: -2
router_opts.router_debug_iteration: -2
router_opts.max_convergence_count: 1
router_opts.reconvergence_cpd_threshold: 0.990000
router_opts.update_lower_bound_delays: true
router_opts.first_iteration_timing_report_file: 
router_opts.route_bb_update: DYNAMIC
router_opts.lookahead_type: MAP
router_opts.initial_timing: LOOKAHEAD
router_opts.router_heap: FOUR_ARY_HEAP
router_opts.routing_failure_predictor = SAFE
router_opts.routing_budgets_algorithm = DISABLE

analysis_opts.gen_post_synthesis_netlist: false
analysis_opts.gen_post_implementation_merged_netlist: false
analysis_opts.gen_post_implementation_sdc: false
analysis_opts.timing_report_npaths: 100
analysis_opts.timing_report_skew: false
analysis_opts.echo_dot_timing_graph_node: -1
analysis_opts.timing_report_detail: NETLIST
analysis_opts.post_synth_netlist_unconn_input_handling: UNCONNECTED
analysis_opts.post_synth_netlist_unconn_output_handling: UNCONNECTED
analysis_opts.post_synth_netlist_module_parameters: on

# Building complex block graph
# Building complex block graph took 0.03 seconds (max_rss 29.8 MiB, delta_rss +2.0 MiB)
Circuit file: counter.eblif
# Load circuit
# Load circuit took 0.01 seconds (max_rss 31.3 MiB, delta_rss +1.5 MiB)
# Clean circuit
Inferred    1 additional primitive pins as constant generators since they have no combinationally connected inputs
Inferred    0 additional primitive pins as constant generators due to constant inputs
Inferred    0 additional primitive pins as constant generators since they have no combinationally connected inputs
Inferred    0 additional primitive pins as constant generators due to constant inputs
Swept input(s)      : 0
Swept output(s)     : 0 (0 dangling, 0 constant)
Swept net(s)        : 0
Swept block(s)      : 0
Constant Pins Marked: 1
# Clean circuit took 0.00 seconds (max_rss 31.4 MiB, delta_rss +0.0 MiB)
# Compress circuit
# Compress circuit took 0.01 seconds (max_rss 31.5 MiB, delta_rss +0.1 MiB)
# Verify circuit
# Verify circuit took 0.00 seconds (max_rss 31.7 MiB, delta_rss +0.1 MiB)
Circuit Statistics:
  Blocks: 19
    .input :       3
    .output:       3
    bob_add:       7
    bob_ff :       6
  Nets  : 21
    Avg Fanout:     1.9
    Max Fanout:     6.0
    Min Fanout:     1.0
  Netlist Clocks: 1
# Build Timing Graph
  Timing Graph Nodes: 60
  Timing Graph Edges: 85
  Timing Graph Levels: 16
# Build Timing Graph took 0.01 seconds (max_rss 33.8 MiB, delta_rss +2.2 MiB)
Netlist contains 1 clocks
  Netlist Clock 'clk' Fanout: 6 pins (10.0%), 6 blocks (31.6%)
# Load Timing Constraints

SDC file 'counter.sdc' not found
Setting default timing constraints:
   * constrain all primary inputs and primary outputs on netlist clock 'clk'
   * optimize netlist clock to run as fast as possible
Timing constraints created 1 clocks
  Constrained Clock 'clk' Source: 'clk.inpad[0]'

# Load Timing Constraints took 0.00 seconds (max_rss 33.8 MiB, delta_rss +0.0 MiB)
# Packing
## Prepacker

There is one chain in this architecture called "chain" with the following starting points:
	clb[0]/fle[0]/add[0].cin[0]

## Prepacker took 0.00 seconds (max_rss 34.0 MiB, delta_rss +0.1 MiB)
## Initializing Pre-Cluster Timing
Using inter-cluster delay: 5.60039e-08
## Initializing Pre-Cluster Timing took 0.01 seconds (max_rss 34.3 MiB, delta_rss +0.4 MiB)
## Estimate Device Size
Using the device size provided in RR graph.
RR graph grid dimensions: 14 x 12.
## Estimate Device Size took 0.03 seconds (max_rss 40.0 MiB, delta_rss +5.4 MiB)
## Ram Mapper
No pre-computed RAM groups, running grouping and area assignment.
Inferred 0 logical RAM group(s).
Device ram utilizations after area driven assignment:
Timing pass for logical RAMs.
Max atom criticality: 0.0000 (0 critical group(s)).
Device ram utilizations after timing driven remapping:
## Ram Mapper took 0.00 seconds (max_rss 40.0 MiB, delta_rss +0.0 MiB)
Begin packing 'counter.eblif'.

After removing unused inputs...
	total blocks: 19, total nets: 21, total inputs: 3, total outputs: 3
Packing with pin utilization targets: io:1,1 clb:0.8,0.6 bram:1,1 dsp:1,1
Packing with high fanout thresholds: io:128 clb:32 bram:128 dsp:128
Starting Clustering - Clustering Progress: 
-------------------   --------------------------   ---------
Molecules processed   Number of clusters created   FPGA size
-------------------   --------------------------   ---------
     1/8        12%                            1    14 x 12    
     2/8        25%                            2    14 x 12    
     3/8        37%                            3    14 x 12    
     4/8        50%                            4    14 x 12    
     5/8        62%                            5    14 x 12    
     6/8        75%                            6    14 x 12    
     7/8        87%                            7    14 x 12    
     8/8       100%                            8    14 x 12    
FPGA sized to 14 x 12: 168 grid tiles (bob12x10)
Device Utilization: 0.05 (target 1.00)
	Block Utilization: 0.14 Type: io
	Block Utilization: 0.02 Type: clb

Final Clustering Statistics: 
----------   --------   ------------------------------------   --------------------------
Block Type   # Blocks   Avg. # of input clocks and pins used   Avg. # of output pins used
----------   --------   ------------------------------------   --------------------------
     EMPTY          0                                      0                            0   
        io          6                                    0.5                          0.5   
       clb          2                                    3.5                            2   
      bram          0                                      0                            0   
       dsp          0                                      0                            0   
Absorbed logical nets 14 out of 21 nets, 7 nets not absorbed.

Netlist conversion complete.

Incr Slack updates 1 in 0.000147409 sec
Full Max Req/Worst Slack updates 1 in 0.000347871 sec
Incr Max Req/Worst Slack updates 0 in 0 sec
Incr Criticality updates 0 in 0 sec
Full Criticality updates 1 in 0.000215591 sec
# Packing took 0.09 seconds (max_rss 41.4 MiB, delta_rss +7.5 MiB)
# Load packing
## Loading packed FPGA netlist file.
Netlist generated from file 'counter.net'.
Detected 1 constant generators (to see names run with higher pack verbosity)
## Loading packed FPGA netlist file. took 0.01 seconds (max_rss 43.6 MiB, delta_rss +2.2 MiB)
Warning 1: Treated 0 constant nets as global which will not be routed (to see net names increase packer verbosity).
Completed clustering consistency check successfully.
Cluster level netlist and block usage statistics
Netlist num_nets: 7
Netlist num_blocks: 8
Netlist EMPTY blocks: 0.
Netlist io blocks: 6.
Netlist clb blocks: 2.
Netlist bram blocks: 0.
Netlist dsp blocks: 0.
Netlist inputs pins: 3
Netlist output pins: 3

Pb types usage...
  io       : 6
   inpad   : 3
   outpad  : 3
  clb      : 2
   fle     : 7
    add    : 7
    ff     : 6

# Load packing took 0.11 seconds (max_rss 82.2 MiB, delta_rss +40.8 MiB)
# Create Device
## Build Device Grid
FPGA sized to 14 x 12: 168 grid tiles (bob12x10)
## Build Device Grid took 0.00 seconds (max_rss 82.2 MiB, delta_rss +0.0 MiB)
## Loading routing resource graph

Warning 2: This RR graph file is Generated from arch file bob_k6.xml while your input architecture file is arch.xml, compatibility issues may arise

Warning 3: Found 25 nodes with no out-going switches. Run VTR with route_verbosity > 1 to see details.
Warning 4: in check_rr_graph: fringe node 6136 CHANX at (1,1) has no fanin.
	 This is possible on a fringe node based on low Fc_out, N, and certain lengths.
## Loading routing resource graph took 0.13 seconds (max_rss 82.2 MiB, delta_rss +0.0 MiB)
  RR Graph Nodes: 9456
  RR Graph Edges: 34643
# Create Device took 0.14 seconds (max_rss 82.2 MiB, delta_rss +0.0 MiB)

Resource usage...
	Netlist
		6	blocks of type: io
	Architecture
		44	blocks of type: io
	Netlist
		2	blocks of type: clb
	Architecture
		100	blocks of type: clb
	Netlist
		0	blocks of type: bram
	Architecture
		2	blocks of type: bram
	Netlist
		0	blocks of type: dsp
	Architecture
		2	blocks of type: dsp

Device Utilization: 0.05 (target 1.00)
	Physical Tile io:
	Block Utilization: 0.14 Logical Block: io
	Physical Tile clb:
	Block Utilization: 0.02 Logical Block: clb
	Physical Tile bram:
	Block Utilization: 0.00 Logical Block: bram
	Physical Tile dsp:
	Block Utilization: 0.00 Logical Block: dsp


# Computing router lookahead map
## Computing wire lookahead
## Computing wire lookahead took 0.02 seconds (max_rss 82.2 MiB, delta_rss +0.0 MiB)
## Computing src/opin lookahead
Warning 5: Found no more sample locations for SOURCE in io
Warning 6: Found no more sample locations for OPIN in io
Warning 7: Found no more sample locations for SOURCE in clb
Warning 8: Found no more sample locations for OPIN in clb
Warning 9: Found no more sample locations for SOURCE in bram
Warning 10: Found no more sample locations for OPIN in bram
Warning 11: Found no more sample locations for SOURCE in dsp
Warning 12: Found no more sample locations for OPIN in dsp
## Computing src/opin lookahead took 0.00 seconds (max_rss 82.2 MiB, delta_rss +0.0 MiB)
# Computing router lookahead map took 0.03 seconds (max_rss 82.2 MiB, delta_rss +0.0 MiB)
# Compressed grid construction
# Compressed grid construction took 0.00 seconds (max_rss 82.2 MiB, delta_rss +0.0 MiB)

Bounding box mode is Cube

# Computing placement delta delay look-up
RR graph channel widths unchanged, skipping RR graph rebuild
Serial Connection Router is being destroyed. Time spent on path search: 0.000 seconds.
# Computing placement delta delay look-up took 0.00 seconds (max_rss 82.2 MiB, delta_rss +0.0 MiB)
# SA Placement
## Initial Placement
Reading counter.pins.

Successfully read constraints file counter.pins.

Initial placement iteration 0 has finished successfully
## Initial Placement took 0.00 seconds (max_rss 82.2 MiB, delta_rss +0.0 MiB)
Using simple RL 'Softmax agent' for choosing move and block types

Completed placement consistency check successfully.
Initial placement cost: 1 bb_cost: 1.44355 td_cost: 1.3302e-07
Initial placement BB estimate of wirelength: 51
Initial placement estimated Critical Path Delay (CPD): 29.1662 ns
Initial placement estimated setup Total Negative Slack (sTNS): -457.928 ns
Initial placement estimated setup Worst Negative Slack (sWNS): -29.1662 ns

Initial placement estimated setup slack histogram:
[ -2.9e-08: -2.7e-08)  3 ( 14.3%) |*************
[ -2.7e-08: -2.5e-08)  0 (  0.0%) |
[ -2.5e-08: -2.3e-08) 11 ( 52.4%) |************************************************
[ -2.3e-08: -2.1e-08)  0 (  0.0%) |
[ -2.1e-08: -1.9e-08)  4 ( 19.0%) |*****************
[ -1.9e-08: -1.6e-08)  0 (  0.0%) |
[ -1.6e-08: -1.4e-08)  0 (  0.0%) |
[ -1.4e-08: -1.2e-08)  1 (  4.8%) |****
[ -1.2e-08:   -1e-08)  1 (  4.8%) |****
[   -1e-08:   -8e-09)  1 (  4.8%) |****
Placement contains 1 placement macros involving 2 blocks (average macro size 2.000000)

Moves per temperature: 7

---- ------ ------- ------- ---------- ---------- ------- ---------- -------- ------- ------- ------ -------- --------- ------
Tnum  Time     T    AvCost  Av BB Cost Av TD Cost   CPD      sTNS      sWNS   AcRate  StdDev  R lim  CritExp  TotMoves  Alpha 
     (sec)                                          (ns)     (ns)      (ns)                                                   
---- ------ ------- ------- ---------- ---------- ------- ---------- -------- ------- ------- ------ -------- --------- ------
   1    0.0 1.3e-05   1.000       1.44 1.3302e-07  29.166       -458  -29.166   0.000  0.0000   13.0     1.00          7  1.000
   2    0.0 0.0e+00   1.000       1.44 1.3302e-07  29.166       -458  -29.166   0.000  0.0000   13.0     1.00         14  0.950
## Placement Quench took 0.00 seconds (max_rss 82.2 MiB)
post-quench CPD = 29.1662 (ns) 

Completed placement consistency check successfully.

Swaps called: 21

Aborted Move Reasons:
  macro_from swap to location illegal: 2

BB estimate of min-dist (placement) wire length: 51

Placement estimated critical path delay (least slack): 29.1662 ns, Fmax: 34.2862 MHz
Placement estimated setup Worst Negative Slack (sWNS): -29.1662 ns
Placement estimated setup Total Negative Slack (sTNS): -457.928 ns

Placement estimated setup slack histogram:
[ -2.9e-08: -2.7e-08)  3 ( 14.3%) |*************
[ -2.7e-08: -2.5e-08)  0 (  0.0%) |
[ -2.5e-08: -2.3e-08) 11 ( 52.4%) |************************************************
[ -2.3e-08: -2.1e-08)  0 (  0.0%) |
[ -2.1e-08: -1.9e-08)  4 ( 19.0%) |*****************
[ -1.9e-08: -1.6e-08)  0 (  0.0%) |
[ -1.6e-08: -1.4e-08)  0 (  0.0%) |
[ -1.4e-08: -1.2e-08)  1 (  4.8%) |****
[ -1.2e-08:   -1e-08)  1 (  4.8%) |****
[   -1e-08:   -8e-09)  1 (  4.8%) |****

Placement estimated geomean non-virtual intra-domain period: 29.1662 ns (34.2862 MHz)
Placement estimated fanout-weighted geomean non-virtual intra-domain period: 29.1662 ns (34.2862 MHz)

Placement cost: 1, bb_cost: 1.44355, td_cost: 1.3302e-07, 

Placement resource usage:
  io  implemented as io : 6
  clb implemented as clb: 2

Placement number of temperatures: 2
Placement total # of swap attempts: 21
	Swaps accepted:  0 ( 0.0 %)
	Swaps rejected: 17 (81.0 %)
	Swaps aborted:  4 (19.0 %)


Placement perturbation distribution by block and move type: 
------------------ ----------------- ---------------- ---------------- --------------- ------------ 
    Block Type         Move Type       (%) of Total      Accepted(%)     Rejected(%)    Aborted(%)
------------------ ----------------- ---------------- ---------------- --------------- ------------ 
clb                Uniform                26.32            0.00            80.00          20.00        
                   Median                 15.79            0.00            100.00         0.00         
                   Centroid               15.79            0.00            100.00         0.00         
                   W. Centroid            26.32            0.00            100.00         0.00         
                   W. Median              10.53            0.00            100.00         0.00         
                   Feasible Region        5.26             0.00            0.00           100.00       


Placement Quench timing analysis took 0.000101148 seconds (7.8976e-05 STA, 2.2172e-05 slack) (1 full updates: 1 setup, 0 hold, 0 combined).
Placement Total  timing analysis took 0.00152739 seconds (0.00108958 STA, 0.000437809 slack) (4 full updates: 4 setup, 0 hold, 0 combined).
update_td_costs: connections 0 nets 0 sum_nets 0 total 0
Incr Slack updates 4 in 3.1215e-05 sec
Full Max Req/Worst Slack updates 1 in 4.1343e-05 sec
Incr Max Req/Worst Slack updates 3 in 0.00016758 sec
Incr Criticality updates 3 in 0.000129571 sec
Full Criticality updates 1 in 1.5545e-05 sec
# SA Placement took 0.04 seconds (max_rss 82.2 MiB, delta_rss +0.0 MiB)

# Routing
RR graph channel widths unchanged, skipping RR graph rebuild
## Initializing router criticalities
Initial Net Connection Criticality Histogram:
[        0:      0.1) 2 ( 20.0%) |********************
[      0.1:      0.2) 0 (  0.0%) |
[      0.2:      0.3) 0 (  0.0%) |
[      0.3:      0.4) 0 (  0.0%) |
[      0.4:      0.5) 0 (  0.0%) |
[      0.5:      0.6) 0 (  0.0%) |
[      0.6:      0.7) 1 ( 10.0%) |**********
[      0.7:      0.8) 1 ( 10.0%) |**********
[      0.8:      0.9) 1 ( 10.0%) |**********
[      0.9:        1) 5 ( 50.0%) |*************************************************
## Initializing router criticalities took 0.00 seconds (max_rss 82.2 MiB, delta_rss +0.0 MiB)
---- ------ ------- ---- ------- ------- ------- ----------------- --------------- -------- ---------- ---------- ---------- ---------- --------
Iter   Time    pres  BBs    Heap  Re-Rtd  Re-Rtd Overused RR Nodes      Wirelength      CPD       sTNS       sWNS       hTNS       hWNS Est Succ
      (sec)     fac Updt    push    Nets   Conns                                       (ns)       (ns)       (ns)       (ns)       (ns)     Iter
---- ------ ------- ---- ------- ------- ------- ----------------- --------------- -------- ---------- ---------- ---------- ---------- --------
   1    0.0     0.0    0    1947       6       8       0 ( 0.000%)     105 ( 1.2%)   33.682     -536.3    -33.682      0.000      0.000      N/A
Restoring best routing
Critical path: 33.6819 ns
Successfully routed after 1 routing iterations.
Final Net Connection Criticality Histogram:
[        0:      0.1) 2 ( 20.0%) |********************
[      0.1:      0.2) 0 (  0.0%) |
[      0.2:      0.3) 0 (  0.0%) |
[      0.3:      0.4) 0 (  0.0%) |
[      0.4:      0.5) 1 ( 10.0%) |**********
[      0.5:      0.6) 0 (  0.0%) |
[      0.6:      0.7) 0 (  0.0%) |
[      0.7:      0.8) 0 (  0.0%) |
[      0.8:      0.9) 5 ( 50.0%) |*************************************************
[      0.9:        1) 2 ( 20.0%) |********************
Router Stats: total_nets_routed: 6 total_connections_routed: 8 total_heap_pushes: 1947 total_heap_pops: 486 
Serial Connection Router is being destroyed. Time spent on path search: 0.002 seconds.
# Routing took 0.02 seconds (max_rss 82.2 MiB, delta_rss +0.0 MiB)

Checking to ensure routing is legal...
# Checking to ensure non-configurable edges are legal
# Checking to ensure non-configurable edges are legal took 0.00 seconds (max_rss 82.2 MiB, delta_rss +0.0 MiB)
Completed routing consistency check successfully.

Serial number (magic cookie) for the routing is: -67225
Circuit successfully routed with a channel width factor of 36.
Incr Slack updates 2 in 1.9503e-05 sec
Full Max Req/Worst Slack updates 1 in 3.3674e-05 sec
Incr Max Req/Worst Slack updates 1 in 6.6849e-05 sec
Incr Criticality updates 0 in 0 sec
Full Criticality updates 2 in 2.784e-05 sec
# Synchronize the packed netlist to routing optimization
## Annotating rr_node with routed nets
## Annotating rr_node with routed nets took 0.00 seconds (max_rss 82.2 MiB, delta_rss +0.0 MiB)
Found 0 mismatches between routing and packing results.
Fixed 0 routing traces due to mismatch between routing and packing results.
# Synchronize the packed netlist to routing optimization took 0.00 seconds (max_rss 82.2 MiB, delta_rss +0.0 MiB)
Final Clustering Statistics: 
----------   --------   ------------------------------------   --------------------------
Block Type   # Blocks   Avg. # of input clocks and pins used   Avg. # of output pins used
----------   --------   ------------------------------------   --------------------------
     EMPTY          0                                      0                            0   
        io          6                                    0.5                          0.5   
       clb          2                                    3.5                            2   
      bram          0                                      0                            0   
       dsp          0                                      0                            0   
Absorbed logical nets 14 out of 21 nets, 7 nets not absorbed.


Average number of bends per net: 2.16667  Maximum # of bends: 4

Number of global nets: 1
Number of routed nets (nonglobal): 6
Wire length results (in units of 1 clb segments)...
	Total wirelength: 105, average net length: 17.5000
	Maximum net length: 31

Wire length results in terms of physical segments...
	Total wiring segments used: 32, average wire segments per net: 5.33333
	Maximum segments used by a net: 9
	Total local nets with reserved CLB opins: 0
Total number of nets absorbed: 1

Routing channel utilization histogram:
[        1:      inf)   0 (  0.0%) |
[      0.9:        1)   0 (  0.0%) |
[      0.8:      0.9)   0 (  0.0%) |
[      0.7:      0.8)   0 (  0.0%) |
[      0.5:      0.6)   0 (  0.0%) |
[      0.4:      0.5)   0 (  0.0%) |
[      0.3:      0.4)   0 (  0.0%) |
[      0.2:      0.3)   0 (  0.0%) |
[      0.1:      0.2)   5 (  1.7%) |*
[        0:      0.1) 281 ( 98.3%) |***********************************************
Maximum routing channel utilization:      0.14 at (7,2)

X - Directed channels: layer   y   max occ   ave occ   ave cap
                        ----- ---- -------- -------- --------
                            0    0        4    2.583       36
                            0    1        0    0.000       30
                            0    2        1    0.250       30
                            0    3        0    0.000       30
                            0    4        0    0.000       30
                            0    5        2    1.250       36
                            0    6        0    0.000       30
                            0    7        0    0.000       30
                            0    8        0    0.000       30
                            0    9        0    0.000       30
                            0   10        0    0.000       36
Y - Directed channels: layer   x   max occ   ave occ   ave cap
                        ----- ---- -------- -------- --------
                            0    0        2    1.200       36
                            0    1        0    0.000       36
                            0    2        0    0.000       36
                            0    3        1    0.400       36
                            0    4        0    0.000       36
                            0    5        0    0.000       36
                            0    6        3    1.300       36
                            0    7        5    1.200       36
                            0    8        0    0.000       36
                            0    9        0    0.000       36
                            0   10        0    0.000       36
                            0   11        0    0.000       36
                            0   12        5    1.500       36

Total existing wires segments: CHANX      4176, CHANY      4680, CHANZ         0, ALL      8856
Total used wires segments:     CHANX        49, CHANY        56, CHANZ         0, ALL       105
Usage percentage:              CHANX      1.2%, CHANY      1.2%, CHANZ      0.0%, ALL      1.2%

Logic area (in minimum width transistor areas, excludes I/Os and empty grid tiles)...
	Total logic block area (Warning, need to add pitch of routing to blocks with height > 3): 0
	Total used logic block area: 0

Routing area (in minimum width transistor areas)...
	Total routing area: 284322., per logic tile: 1692.39

Total Number of Wiring Segments by Direction: direction length number
                                              --------- ------ -------
                                                      X      4   1862
                                                      Y      4   1638

X - Directed Wiring Segment usage by length: length utilization
                                             ------ -----------
                                             4     0.00752

Y - Directed Wiring Segment usage by length: length utilization
                                             ------ -----------
                                             4       0.011

Segment occupancy by length: Length Occupancy Capacity Utilization
                             ------ --------- -------- -----------
                             L4            32     3500     0.00914

Segment occupancy by type: name type utilization
                           ---- ---- -----------
                             L4    0     0.00914

Final hold Worst Negative Slack (hWNS): 0 ns
Final hold Total Negative Slack (hTNS): 0 ns

Final hold slack histogram:
[  2.9e-09:  5.8e-09) 6 ( 28.6%) |*********************************
[  5.8e-09:  8.7e-09) 0 (  0.0%) |
[  8.7e-09:  1.2e-08) 0 (  0.0%) |
[  1.2e-08:  1.4e-08) 0 (  0.0%) |
[  1.4e-08:  1.7e-08) 0 (  0.0%) |
[  1.7e-08:    2e-08) 0 (  0.0%) |
[    2e-08:  2.3e-08) 0 (  0.0%) |
[  2.3e-08:  2.6e-08) 0 (  0.0%) |
[  2.6e-08:  2.9e-08) 9 ( 42.9%) |*************************************************
[  2.9e-08:  3.2e-08) 6 ( 28.6%) |*********************************

Final critical path delay (least slack): 33.6819 ns, Fmax: 29.6895 MHz
Final setup Worst Negative Slack (sWNS): -33.6819 ns
Final setup Total Negative Slack (sTNS): -536.297 ns

Final setup slack histogram:
[ -3.4e-08: -3.1e-08) 6 ( 28.6%) |*************************************
[ -3.1e-08: -2.9e-08) 8 ( 38.1%) |*************************************************
[ -2.9e-08: -2.6e-08) 1 (  4.8%) |******
[ -2.6e-08: -2.3e-08) 0 (  0.0%) |
[ -2.3e-08: -2.1e-08) 0 (  0.0%) |
[ -2.1e-08: -1.8e-08) 0 (  0.0%) |
[ -1.8e-08: -1.6e-08) 0 (  0.0%) |
[ -1.6e-08: -1.3e-08) 3 ( 14.3%) |******************
[ -1.3e-08: -1.1e-08) 2 (  9.5%) |************
[ -1.1e-08:   -8e-09) 1 (  4.8%) |******

Final geomean non-virtual intra-domain period: 33.6819 ns (29.6895 MHz)
Final fanout-weighted geomean non-virtual intra-domain period: 33.6819 ns (29.6895 MHz)

Incr Slack updates 1 in 6.252e-06 sec
Full Max Req/Worst Slack updates 1 in 1.1044e-05 sec
Incr Max Req/Worst Slack updates 0 in 0 sec
Incr Criticality updates 0 in 0 sec
Full Criticality updates 1 in 1.217e-05 sec
Flow timing analysis took 0.00765242 seconds (0.00595107 STA, 0.00170135 slack) (8 full updates: 5 setup, 0 hold, 3 combined).
VPR succeeded
The entire flow of VPR took 0.67 seconds (max_rss 82.2 MiB)
