### carry u_core/u_fabric/r1567 u_core/u_fabric/u_clb_x10y2/cy[1] NONET
### carry u_core/u_fabric/u_clb_x4y8/cy[3] u_core/u_fabric/r4700 NONET
### carry u_core/u_fabric/u_clb_x10y10/cy[3] u_core/u_fabric/r5791 NONET
### carry u_core/u_fabric/r1172 u_core/u_fabric/u_clb_x11y1/cy[1] NONET
### carry u_core/u_fabric/u_clb_x4y4/cy[2] u_core/u_fabric/u_clb_x4y4/cy[3] NONET
### carry u_core/u_fabric/r1481 u_core/u_fabric/u_clb_x7y2/cy[1] NONET
### carry u_core/u_fabric/u_clb_x5y7/cy[1] u_core/u_fabric/u_clb_x5y7/cy[2] NONET
### carry u_core/u_fabric/u_clb_x10y10/cy[1] u_core/u_fabric/u_clb_x10y10/cy[2] NONET
### carry u_core/u_fabric/u_clb_x10y6/cy[2] u_core/u_fabric/u_clb_x10y6/cy[3] NONET
### carry u_core/u_fabric/u_clb_x1y7/cy[1] u_core/u_fabric/u_clb_x1y7/cy[2] NONET
### carry u_core/u_fabric/u_clb_x5y9/cy[1] u_core/u_fabric/u_clb_x5y9/cy[2] NONET
### carry u_core/u_fabric/u_clb_x11y5/cy[2] u_core/u_fabric/u_clb_x11y5/cy[3] NONET
### carry u_core/u_fabric/u_clb_x9y3/cy[3] u_core/u_fabric/r1942 NONET
### carry u_core/u_fabric/r1352 u_core/u_fabric/u_clb_x4y2/cy[1] NONET
### carry u_core/u_fabric/u_clb_x4y7/cy[1] u_core/u_fabric/u_clb_x4y7/cy[2] NONET
### carry u_core/u_fabric/u_clb_x5y1/cy[2] u_core/u_fabric/u_clb_x5y1/cy[3] NONET
### carry u_core/u_fabric/u_clb_x12y5/cy[3] u_core/u_fabric/r2947 NONET
### carry u_core/u_fabric/u_clb_x7y6/cy[1] u_core/u_fabric/u_clb_x7y6/cy[2] NONET
### carry u_core/u_fabric/u_clb_x10y8/cy[3] u_core/u_fabric/r4915 NONET
### carry u_core/u_fabric/u_clb_x1y1/cy[1] u_core/u_fabric/u_clb_x1y1/cy[2] NONET
### carry u_core/u_fabric/r5459 u_core/u_fabric/u_clb_x12y9/cy[1] NONET
### carry u_core/u_fabric/r4059 u_core/u_fabric/u_clb_x10y6/cy[1] NONET
### carry u_core/u_fabric/r2314 u_core/u_fabric/u_clb_x6y4/cy[1] NONET
### carry u_core/u_fabric/u_clb_x4y10/cy[1] u_core/u_fabric/u_clb_x4y10/cy[2] NONET
### carry u_core/u_fabric/u_clb_x12y3/cy[1] u_core/u_fabric/u_clb_x12y3/cy[2] NONET
### carry u_core/u_fabric/u_clb_x7y8/cy[2] u_core/u_fabric/u_clb_x7y8/cy[3] NONET
### carry u_core/u_fabric/r1395 u_core/u_fabric/u_clb_x5y2/cy[1] NONET
### carry u_core/u_fabric/u_clb_x1y5/cy[2] u_core/u_fabric/u_clb_x1y5/cy[3] NONET
### carry u_core/u_fabric/u_clb_x5y1/cy[3] u_core/u_fabric/r399 NONET
### carry u_core/u_fabric/u_clb_x4y1/cy[3] u_core/u_fabric/r356 NONET
### carry u_core/u_fabric/u_clb_x5y1/cy[1] u_core/u_fabric/u_clb_x5y1/cy[2] NONET
### carry u_core/u_fabric/r5201 u_core/u_fabric/u_clb_x5y9/cy[1] NONET
### carry u_core/u_fabric/u_clb_x12y7/cy[1] u_core/u_fabric/u_clb_x12y7/cy[2] NONET
### carry u_core/u_fabric/r131 u_core/u_fabric/u_clb_x2y1/cy[1] NONET
### carry u_core/u_fabric/u_clb_x11y5/cy[3] u_core/u_fabric/r2904 NONET
### carry u_core/u_fabric/u_clb_x10y9/cy[3] u_core/u_fabric/r5353 NONET
### carry u_core/u_fabric/u_clb_x10y3/cy[2] u_core/u_fabric/u_clb_x10y3/cy[3] NONET
### carry u_core/u_fabric/r3392 u_core/u_fabric/u_clb_x6y6/cy[1] NONET
### carry u_core/u_fabric/r5768 u_core/u_fabric/u_clb_x9y10/cy[1] NONET
### carry u_core/u_fabric/u_clb_x10y7/cy[2] u_core/u_fabric/u_clb_x10y7/cy[3] NONET
### carry u_core/u_fabric/u_clb_x11y3/cy[1] u_core/u_fabric/u_clb_x11y3/cy[2] NONET
### carry u_core/u_fabric/r4016 u_core/u_fabric/u_clb_x9y6/cy[1] NONET
### carry u_core/u_fabric/u_clb_x11y10/cy[1] u_core/u_fabric/u_clb_x11y10/cy[2] NONET
### carry u_core/u_fabric/u_clb_x1y8/cy[3] u_core/u_fabric/r4614 NONET
### carry u_core/u_fabric/u_clb_x12y3/cy[3] u_core/u_fabric/r2071 NONET
### carry u_core/u_fabric/r2752 u_core/u_fabric/u_clb_x6y5/cy[1] NONET
### carry u_core/u_fabric/u_clb_x12y3/cy[2] u_core/u_fabric/u_clb_x12y3/cy[3] NONET
### carry u_core/u_fabric/u_clb_x9y9/cy[2] u_core/u_fabric/u_clb_x9y9/cy[3] NONET
### carry u_core/u_fabric/r2048 u_core/u_fabric/u_clb_x11y3/cy[1] NONET
### carry u_core/u_fabric/u_clb_x11y6/cy[3] u_core/u_fabric/r4082 NONET
### carry u_core/u_fabric/r2443 u_core/u_fabric/u_clb_x10y4/cy[1] NONET
### carry u_core/u_fabric/u_clb_x4y10/cy[2] u_core/u_fabric/u_clb_x4y10/cy[3] NONET
### carry u_core/u_fabric/u_clb_x5y6/cy[1] u_core/u_fabric/u_clb_x5y6/cy[2] NONET
### carry u_core/u_fabric/r4677 u_core/u_fabric/u_clb_x2y8/cy[1] NONET
### carry u_core/u_fabric/r5158 u_core/u_fabric/u_clb_x4y9/cy[1] NONET
### carry u_core/u_fabric/u_clb_x4y2/cy[3] u_core/u_fabric/r1332 NONET
### carry u_core/u_fabric/u_clb_x5y3/cy[3] u_core/u_fabric/r1813 NONET
### carry u_core/u_fabric/u_clb_x1y9/cy[2] u_core/u_fabric/u_clb_x1y9/cy[3] NONET
### carry u_core/u_fabric/u_clb_x10y4/cy[3] u_core/u_fabric/r2423 NONET
### carry u_core/u_fabric/u_clb_x7y2/cy[1] u_core/u_fabric/u_clb_x7y2/cy[2] NONET
### carry u_core/u_fabric/u_clb_x4y5/cy[2] u_core/u_fabric/u_clb_x4y5/cy[3] NONET
### carry u_core/u_fabric/r4368 u_core/u_fabric/u_clb_x6y7/cy[1] NONET
### carry u_core/u_fabric/u_clb_x1y10/cy[2] u_core/u_fabric/u_clb_x1y10/cy[3] NONET
### carry u_core/u_fabric/u_clb_x6y7/cy[3] u_core/u_fabric/r4348 NONET
### carry u_core/u_fabric/u_clb_x6y3/cy[1] u_core/u_fabric/u_clb_x6y3/cy[2] NONET
### carry u_core/u_fabric/u_clb_x11y4/cy[3] u_core/u_fabric/r2466 NONET
### carry u_core/u_fabric/u_clb_x9y4/cy[1] u_core/u_fabric/u_clb_x9y4/cy[2] NONET
### carry u_core/u_fabric/r4849 u_core/u_fabric/u_clb_x7y8/cy[1] NONET
### carry u_core/u_fabric/u_clb_x5y7/cy[3] u_core/u_fabric/r4305 NONET
### carry u_core/u_fabric/u_clb_x6y7/cy[2] u_core/u_fabric/u_clb_x6y7/cy[3] NONET
### carry u_core/u_fabric/u_clb_x1y6/cy[1] u_core/u_fabric/u_clb_x1y6/cy[2] NONET
### carry u_core/u_fabric/u_clb_x7y8/cy[1] u_core/u_fabric/u_clb_x7y8/cy[2] NONET
### carry u_core/u_fabric/u_clb_x6y1/cy[1] u_core/u_fabric/u_clb_x6y1/cy[2] NONET
### carry u_core/u_fabric/u_clb_x2y7/cy[1] u_core/u_fabric/u_clb_x2y7/cy[2] NONET
### carry u_core/u_fabric/r2185 u_core/u_fabric/u_clb_x2y4/cy[1] NONET
### carry u_core/u_fabric/u_clb_x2y6/cy[2] u_core/u_fabric/u_clb_x2y6/cy[3] NONET
### carry u_core/u_fabric/r3349 u_core/u_fabric/u_clb_x5y6/cy[1] NONET
### carry u_core/u_fabric/r1790 u_core/u_fabric/u_clb_x4y3/cy[1] NONET
### carry u_core/u_fabric/u_clb_x9y5/cy[3] u_core/u_fabric/r2818 NONET
### carry u_core/u_fabric/r4634 u_core/u_fabric/u_clb_x1y8/cy[1] NONET
### carry u_core/u_fabric/u_clb_x10y5/cy[3] u_core/u_fabric/r2861 NONET
### carry u_core/u_fabric/r1309 u_core/u_fabric/u_clb_x2y2/cy[1] NONET
### carry u_core/u_fabric/u_clb_x12y9/cy[2] u_core/u_fabric/u_clb_x12y9/cy[3] NONET
### carry u_core/u_fabric/r4411 u_core/u_fabric/u_clb_x7y7/cy[1] NONET
### carry u_core/u_fabric/u_clb_x5y2/cy[3] u_core/u_fabric/r1375 NONET
### carry u_core/u_fabric/u_clb_x1y3/cy[3] u_core/u_fabric/r1684 NONET
### carry u_core/u_fabric/u_clb_x9y7/cy[2] u_core/u_fabric/u_clb_x9y7/cy[3] NONET
### carry u_core/u_fabric/u_clb_x4y9/cy[1] u_core/u_fabric/u_clb_x4y9/cy[2] NONET
### carry u_core/u_fabric/u_clb_x10y5/cy[1] u_core/u_fabric/u_clb_x10y5/cy[2] NONET
### carry u_core/u_fabric/u_clb_x4y7/cy[2] u_core/u_fabric/u_clb_x4y7/cy[3] NONET
### carry u_core/u_fabric/u_clb_x4y10/cy[3] u_core/u_fabric/r5576 NONET
### carry u_core/u_fabric/r4196 u_core/u_fabric/u_clb_x1y7/cy[1] NONET
### carry u_core/u_fabric/u_clb_x7y1/cy[2] u_core/u_fabric/u_clb_x7y1/cy[3] NONET
### carry u_core/u_fabric/u_clb_x12y4/cy[1] u_core/u_fabric/u_clb_x12y4/cy[2] NONET
### carry u_core/u_fabric/u_clb_x7y8/cy[3] u_core/u_fabric/r4829 NONET
### carry u_core/u_fabric/r4806 u_core/u_fabric/u_clb_x6y8/cy[1] NONET
### carry u_core/u_fabric/r4978 u_core/u_fabric/u_clb_x11y8/cy[1] NONET
### carry u_core/u_fabric/u_clb_x2y3/cy[3] u_core/u_fabric/r1727 NONET
### carry u_core/u_fabric/u_clb_x2y3/cy[2] u_core/u_fabric/u_clb_x2y3/cy[3] NONET
### carry u_core/u_fabric/u_clb_x6y7/cy[1] u_core/u_fabric/u_clb_x6y7/cy[2] NONET
### carry u_core/u_fabric/r2091 u_core/u_fabric/u_clb_x12y3/cy[1] NONET
### carry u_core/u_fabric/u_clb_x2y1/cy[2] u_core/u_fabric/u_clb_x2y1/cy[3] NONET
### carry u_core/u_fabric/u_clb_x7y3/cy[2] u_core/u_fabric/u_clb_x7y3/cy[3] NONET
### carry u_core/u_fabric/r4583 u_core/u_fabric/u_clb_x12y7/cy[1] NONET
### carry u_core/u_fabric/r5072 u_core/u_fabric/u_clb_x1y9/cy[1] NONET
### carry u_core/u_fabric/u_clb_x11y9/cy[1] u_core/u_fabric/u_clb_x11y9/cy[2] NONET
### carry u_core/u_fabric/u_clb_x2y6/cy[3] u_core/u_fabric/r3041 NONET
### carry u_core/u_fabric/u_clb_x7y7/cy[3] u_core/u_fabric/r4391 NONET
### carry u_core/u_fabric/u_clb_x11y9/cy[2] u_core/u_fabric/u_clb_x11y9/cy[3] NONET
### carry u_core/u_fabric/r2795 u_core/u_fabric/u_clb_x7y5/cy[1] NONET
### carry u_core/u_fabric/u_clb_x10y9/cy[2] u_core/u_fabric/u_clb_x10y9/cy[3] NONET
### carry u_core/u_fabric/u_clb_x6y4/cy[1] u_core/u_fabric/u_clb_x6y4/cy[2] NONET
### carry u_core/u_fabric/u_clb_x5y8/cy[3] u_core/u_fabric/r4743 NONET
### carry u_core/u_fabric/u_clb_x1y1/cy[2] u_core/u_fabric/u_clb_x1y1/cy[3] NONET
### carry u_core/u_fabric/r2967 u_core/u_fabric/u_clb_x12y5/cy[1] NONET
### carry u_core/u_fabric/u_clb_x7y7/cy[2] u_core/u_fabric/u_clb_x7y7/cy[3] NONET
### carry u_core/u_fabric/u_clb_x9y2/cy[2] u_core/u_fabric/u_clb_x9y2/cy[3] NONET
### carry u_core/u_fabric/u_clb_x9y7/cy[1] u_core/u_fabric/u_clb_x9y7/cy[2] NONET
### carry u_core/u_fabric/u_clb_x9y3/cy[1] u_core/u_fabric/u_clb_x9y3/cy[2] NONET
### carry u_core/u_fabric/u_clb_x6y6/cy[2] u_core/u_fabric/u_clb_x6y6/cy[3] NONET
### carry u_core/u_fabric/r1129 u_core/u_fabric/u_clb_x10y1/cy[1] NONET
### carry u_core/u_fabric/u_clb_x2y7/cy[2] u_core/u_fabric/u_clb_x2y7/cy[3] NONET
### carry u_core/u_fabric/u_clb_x9y5/cy[2] u_core/u_fabric/u_clb_x9y5/cy[3] NONET
### carry u_core/u_fabric/u_clb_x6y8/cy[1] u_core/u_fabric/u_clb_x6y8/cy[2] NONET
### carry u_core/u_fabric/u_clb_x4y9/cy[2] u_core/u_fabric/u_clb_x4y9/cy[3] NONET
### carry u_core/u_fabric/u_clb_x4y6/cy[3] u_core/u_fabric/r3286 NONET
### carry u_core/u_fabric/r4282 u_core/u_fabric/u_clb_x4y7/cy[1] NONET
### carry u_core/u_fabric/u_clb_x7y5/cy[2] u_core/u_fabric/u_clb_x7y5/cy[3] NONET
### carry u_core/u_fabric/u_clb_x1y9/cy[3] u_core/u_fabric/r5052 NONET
### carry u_core/u_fabric/u_clb_x6y5/cy[1] u_core/u_fabric/u_clb_x6y5/cy[2] NONET
### carry u_core/u_fabric/r88 u_core/u_fabric/u_clb_x1y1/cy[1] NONET
### carry u_core/u_fabric/u_clb_x4y5/cy[1] u_core/u_fabric/u_clb_x4y5/cy[2] NONET
### carry u_core/u_fabric/u_clb_x11y6/cy[2] u_core/u_fabric/u_clb_x11y6/cy[3] NONET
### carry u_core/u_fabric/u_clb_x1y10/cy[1] u_core/u_fabric/u_clb_x1y10/cy[2] NONET
### carry u_core/u_fabric/u_clb_x5y10/cy[3] u_core/u_fabric/r5619 NONET
### carry u_core/u_fabric/u_clb_x4y3/cy[2] u_core/u_fabric/u_clb_x4y3/cy[3] NONET
### carry u_core/u_fabric/r1833 u_core/u_fabric/u_clb_x5y3/cy[1] NONET
### carry u_core/u_fabric/u_clb_x2y2/cy[2] u_core/u_fabric/u_clb_x2y2/cy[3] NONET
### carry u_core/u_fabric/u_clb_x11y10/cy[3] u_core/u_fabric/r5834 NONET
### carry u_core/u_fabric/r462 u_core/u_fabric/u_clb_x6y1/cy[1] NONET
### carry u_core/u_fabric/r1215 u_core/u_fabric/u_clb_x12y1/cy[1] NONET
### carry u_core/u_fabric/u_clb_x1y2/cy[2] u_core/u_fabric/u_clb_x1y2/cy[3] NONET
### carry u_core/u_fabric/r376 u_core/u_fabric/u_clb_x4y1/cy[1] NONET
### carry u_core/u_fabric/u_clb_x10y6/cy[3] u_core/u_fabric/r4039 NONET
### carry u_core/u_fabric/u_clb_x2y1/cy[3] u_core/u_fabric/r111 NONET
### carry u_core/u_fabric/u_clb_x11y5/cy[1] u_core/u_fabric/u_clb_x11y5/cy[2] NONET
### carry u_core/u_fabric/u_clb_x5y7/cy[2] u_core/u_fabric/u_clb_x5y7/cy[3] NONET
### carry u_core/u_fabric/u_clb_x10y2/cy[3] u_core/u_fabric/r1547 NONET
### carry u_core/u_fabric/u_clb_x7y2/cy[3] u_core/u_fabric/r1461 NONET
### carry u_core/u_fabric/u_clb_x12y10/cy[3] u_core/u_fabric/r5877 NONET
### carry u_core/u_fabric/u_clb_x12y7/cy[3] u_core/u_fabric/r4563 NONET
### carry u_core/u_fabric/r3061 u_core/u_fabric/u_clb_x2y6/cy[1] NONET
### carry u_core/u_fabric/u_clb_x12y4/cy[3] u_core/u_fabric/r2509 NONET
### carry u_core/u_fabric/u_clb_x2y2/cy[3] u_core/u_fabric/r1289 NONET
### carry u_core/u_fabric/u_clb_x7y9/cy[2] u_core/u_fabric/u_clb_x7y9/cy[3] NONET
### carry u_core/u_fabric/u_clb_x11y2/cy[2] u_core/u_fabric/u_clb_x11y2/cy[3] NONET
### carry u_core/u_fabric/u_clb_x2y9/cy[3] u_core/u_fabric/r5095 NONET
### carry u_core/u_fabric/u_clb_x11y7/cy[3] u_core/u_fabric/r4520 NONET
### carry u_core/u_fabric/r1266 u_core/u_fabric/u_clb_x1y2/cy[1] NONET
### carry u_core/u_fabric/u_clb_x9y2/cy[1] u_core/u_fabric/u_clb_x9y2/cy[2] NONET
### carry u_core/u_fabric/u_clb_x5y4/cy[3] u_core/u_fabric/r2251 NONET
### carry u_core/u_fabric/u_clb_x1y2/cy[3] u_core/u_fabric/r1246 NONET
### carry u_core/u_fabric/r2666 u_core/u_fabric/u_clb_x4y5/cy[1] NONET
### carry u_core/u_fabric/u_clb_x10y2/cy[1] u_core/u_fabric/u_clb_x10y2/cy[2] NONET
### carry u_core/u_fabric/u_clb_x2y5/cy[1] u_core/u_fabric/u_clb_x2y5/cy[2] NONET
### carry u_core/u_fabric/r4540 u_core/u_fabric/u_clb_x11y7/cy[1] NONET
### carry u_core/u_fabric/u_clb_x11y2/cy[3] u_core/u_fabric/r1590 NONET
### carry u_core/u_fabric/u_clb_x6y8/cy[3] u_core/u_fabric/r4786 NONET
### carry u_core/u_fabric/u_clb_x6y5/cy[3] u_core/u_fabric/r2732 NONET
### carry u_core/u_fabric/u_clb_x1y3/cy[2] u_core/u_fabric/u_clb_x1y3/cy[3] NONET
### carry u_core/u_fabric/u_clb_x2y4/cy[3] u_core/u_fabric/r2165 NONET
### carry u_core/u_fabric/u_clb_x1y4/cy[1] u_core/u_fabric/u_clb_x1y4/cy[2] NONET
### carry u_core/u_fabric/u_clb_x10y1/cy[1] u_core/u_fabric/u_clb_x10y1/cy[2] NONET
### carry u_core/u_fabric/u_clb_x6y8/cy[2] u_core/u_fabric/u_clb_x6y8/cy[3] NONET
### carry u_core/u_fabric/u_clb_x12y2/cy[3] u_core/u_fabric/r1633 NONET
### carry u_core/u_fabric/u_clb_x6y3/cy[2] u_core/u_fabric/u_clb_x6y3/cy[3] NONET
### carry u_core/u_fabric/u_clb_x5y10/cy[2] u_core/u_fabric/u_clb_x5y10/cy[3] NONET
### carry u_core/u_fabric/u_clb_x9y10/cy[3] u_core/u_fabric/r5748 NONET
### carry u_core/u_fabric/u_clb_x1y6/cy[3] u_core/u_fabric/r2998 NONET
### carry u_core/u_fabric/u_clb_x9y10/cy[2] u_core/u_fabric/u_clb_x9y10/cy[3] NONET
### carry u_core/u_fabric/u_clb_x6y10/cy[3] u_core/u_fabric/r5662 NONET
### carry u_core/u_fabric/u_clb_x9y1/cy[3] u_core/u_fabric/r1066 NONET
### carry u_core/u_fabric/r1524 u_core/u_fabric/u_clb_x9y2/cy[1] NONET
### carry u_core/u_fabric/u_clb_x2y10/cy[3] u_core/u_fabric/r5533 NONET
### carry u_core/u_fabric/u_clb_x7y7/cy[1] u_core/u_fabric/u_clb_x7y7/cy[2] NONET
### carry u_core/u_fabric/u_clb_x5y2/cy[1] u_core/u_fabric/u_clb_x5y2/cy[2] NONET
### carry u_core/u_fabric/u_clb_x5y9/cy[2] u_core/u_fabric/u_clb_x5y9/cy[3] NONET
### carry u_core/u_fabric/u_clb_x1y10/cy[3] u_core/u_fabric/r5490 NONET
### carry u_core/u_fabric/u_clb_x4y6/cy[1] u_core/u_fabric/u_clb_x4y6/cy[2] NONET
### carry u_core/u_fabric/u_clb_x2y1/cy[1] u_core/u_fabric/u_clb_x2y1/cy[2] NONET
### carry u_core/u_fabric/u_clb_x6y2/cy[1] u_core/u_fabric/u_clb_x6y2/cy[2] NONET
### carry u_core/u_fabric/u_clb_x2y10/cy[2] u_core/u_fabric/u_clb_x2y10/cy[3] NONET
### carry u_core/u_fabric/u_clb_x7y3/cy[1] u_core/u_fabric/u_clb_x7y3/cy[2] NONET
### carry u_core/u_fabric/u_clb_x12y1/cy[1] u_core/u_fabric/u_clb_x12y1/cy[2] NONET
### carry u_core/u_fabric/u_clb_x4y1/cy[1] u_core/u_fabric/u_clb_x4y1/cy[2] NONET
### carry u_core/u_fabric/r2838 u_core/u_fabric/u_clb_x9y5/cy[1] NONET
### carry u_core/u_fabric/u_clb_x1y2/cy[1] u_core/u_fabric/u_clb_x1y2/cy[2] NONET
### carry u_core/u_fabric/u_clb_x11y3/cy[2] u_core/u_fabric/u_clb_x11y3/cy[3] NONET
### carry u_core/u_fabric/u_clb_x4y8/cy[2] u_core/u_fabric/u_clb_x4y8/cy[3] NONET
### carry u_core/u_fabric/u_clb_x4y4/cy[1] u_core/u_fabric/u_clb_x4y4/cy[2] NONET
### lut u_core/u_fabric/u_clb_x4y8/x3[1] u_core/u_fabric/r4706 NONET
### lut u_core/u_fabric/u_clb_x4y10/x3[5] u_core/u_fabric/r5582 NONET
### lut u_core/u_fabric/u_clb_x10y4/x2[3] u_core/u_fabric/r2425 NONET
### lut u_core/u_fabric/u_clb_x11y9/x0[3] u_core/u_fabric/r5397 NONET
### lut u_core/u_fabric/u_clb_x9y8/x3[4] u_core/u_fabric/r4878 NONET
### lut u_core/u_fabric/u_clb_x11y4/x0[2] u_core/u_fabric/r2467 NONET
### lut u_core/u_fabric/u_clb_x12y9/x1[3] u_core/u_fabric/r5444 NONET
### lut u_core/u_fabric/u_clb_x7y1/x0[5] u_core/u_fabric/r486 NONET
### lut u_core/u_fabric/u_clb_x10y7/x1[3] u_core/u_fabric/r4482 NONET
### lut u_core/u_fabric/u_clb_x11y10/x1[0] u_core/u_fabric/r5839 NONET
### lut u_core/u_fabric/u_clb_x6y6/x3[1] u_core/u_fabric/r3378 NONET
### lut u_core/u_fabric/u_clb_x4y8/x3[0] u_core/u_fabric/r4706 NONET
### lut u_core/u_fabric/u_clb_x1y2/x0[0] u_core/u_fabric/r1247 NONET
### lut u_core/u_fabric/u_clb_x1y6/x3[5] u_core/u_fabric/r3004 NONET
### lut u_core/u_fabric/u_clb_x2y3/x1[4] u_core/u_fabric/r1732 NONET
### lut u_core/u_fabric/u_clb_x9y4/x0[4] u_core/u_fabric/r2381 NONET
### lut u_core/u_fabric/u_clb_x11y1/x0[2] u_core/u_fabric/r1153 NONET
### lut u_core/u_fabric/u_clb_x4y6/x1[0] u_core/u_fabric/r3291 NONET
### lut u_core/u_fabric/u_clb_x4y2/x0[1] u_core/u_fabric/r1333 NONET
### lut u_core/u_fabric/u_clb_x5y2/x0[1] u_core/u_fabric/r1376 NONET
### lut u_core/u_fabric/u_clb_x4y6/x3[5] u_core/u_fabric/r3292 NONET
### lut u_core/u_fabric/u_clb_x1y6/x3[2] u_core/u_fabric/r3004 NONET
### lut u_core/u_fabric/u_clb_x10y3/x0[0] u_core/u_fabric/r1986 NONET
### lut u_core/u_fabric/u_clb_x2y8/x0[0] u_core/u_fabric/r4658 NONET
### lut u_core/u_fabric/u_clb_x9y10/x1[3] u_core/u_fabric/r5753 NONET
### lut u_core/u_fabric/u_clb_x5y5/x0[1] u_core/u_fabric/r2690 NONET
### lut u_core/u_fabric/u_clb_x4y3/x1[0] u_core/u_fabric/r1775 NONET
### lut u_core/u_fabric/u_clb_x2y1/x1[4] u_core/u_fabric/r116 NONET
### lut u_core/u_fabric/u_clb_x7y10/x2[4] u_core/u_fabric/r5707 NONET
### lut u_core/u_fabric/u_clb_x9y1/x1[5] u_core/u_fabric/r1071 NONET
### lut u_core/u_fabric/u_clb_x10y4/x0[3] u_core/u_fabric/r2424 NONET
### lut u_core/u_fabric/u_clb_x10y10/x1[1] u_core/u_fabric/r5796 NONET
### lut u_core/u_fabric/u_clb_x11y8/x2[3] u_core/u_fabric/r4960 NONET
### lut u_core/u_fabric/u_clb_x12y3/x1[0] u_core/u_fabric/r2076 NONET
### lut u_core/u_fabric/u_clb_x9y9/x3[2] u_core/u_fabric/r5316 NONET
### lut u_core/u_fabric/u_clb_x9y1/x1[3] u_core/u_fabric/r1071 NONET
### lut u_core/u_fabric/u_clb_x6y7/x2[0] u_core/u_fabric/r4350 NONET
### lut u_core/u_fabric/u_clb_x6y4/x0[4] u_core/u_fabric/r2295 NONET
### lut u_core/u_fabric/u_clb_x12y6/x0[5] u_core/u_fabric/r4126 NONET
### lut u_core/u_fabric/u_clb_x9y2/x3[3] u_core/u_fabric/r1510 NONET
### lut u_core/u_fabric/u_clb_x7y4/x0[2] u_core/u_fabric/r2338 NONET
### lut u_core/u_fabric/u_clb_x10y10/x3[2] u_core/u_fabric/r5797 NONET
### lut u_core/u_fabric/u_clb_x5y8/x3[3] u_core/u_fabric/r4749 NONET
### lut u_core/u_fabric/u_clb_x5y4/x0[3] u_core/u_fabric/r2252 NONET
### lut u_core/u_fabric/u_clb_x6y9/x0[0] u_core/u_fabric/r5225 NONET
### lut u_core/u_fabric/u_clb_x10y2/x3[1] u_core/u_fabric/r1553 NONET
### lut u_core/u_fabric/u_clb_x9y7/x2[1] u_core/u_fabric/r4436 NONET
### lut u_core/u_fabric/u_clb_x1y6/x2[0] u_core/u_fabric/r3000 NONET
### lut u_core/u_fabric/u_clb_x9y9/x0[0] u_core/u_fabric/r5311 NONET
### lut u_core/u_fabric/u_clb_x7y9/x1[1] u_core/u_fabric/r5272 NONET
### lut u_core/u_fabric/u_clb_x4y1/x3[4] u_core/u_fabric/r362 NONET
### lut u_core/u_fabric/u_clb_x7y6/x2[0] u_core/u_fabric/r3417 NONET
### lut u_core/u_fabric/u_clb_x11y7/x2[3] u_core/u_fabric/r4522 NONET
### lut u_core/u_fabric/u_clb_x11y5/x0[0] u_core/u_fabric/r2905 NONET
### lut u_core/u_fabric/u_clb_x5y1/x0[2] u_core/u_fabric/r400 NONET
### lut u_core/u_fabric/u_clb_x9y3/x3[0] u_core/u_fabric/r1948 NONET
### lut u_core/u_fabric/u_clb_x6y4/x1[0] u_core/u_fabric/r2299 NONET
### lut u_core/u_fabric/u_clb_x7y6/x3[4] u_core/u_fabric/r3421 NONET
### lut u_core/u_fabric/u_clb_x9y10/x0[3] u_core/u_fabric/r5749 NONET
### lut u_core/u_fabric/u_clb_x5y3/x0[1] u_core/u_fabric/r1814 NONET
### lut u_core/u_fabric/u_clb_x10y6/x3[2] u_core/u_fabric/r4045 NONET
### lut u_core/u_fabric/u_clb_x5y8/x1[0] u_core/u_fabric/r4748 NONET
### lut u_core/u_fabric/u_clb_x9y4/x1[2] u_core/u_fabric/r2385 NONET
### lut u_core/u_fabric/u_clb_x7y5/x1[5] u_core/u_fabric/r2780 NONET
### lut u_core/u_fabric/u_clb_x9y2/x1[4] u_core/u_fabric/r1509 NONET
### lut u_core/u_fabric/u_clb_x6y7/x2[5] u_core/u_fabric/r4350 NONET
### lut u_core/u_fabric/u_clb_x5y10/x1[5] u_core/u_fabric/r5624 NONET
### lut u_core/u_fabric/u_clb_x11y6/x2[4] u_core/u_fabric/r4084 NONET
### lut u_core/u_fabric/u_clb_x2y10/x0[4] u_core/u_fabric/r5534 NONET
### lut u_core/u_fabric/u_clb_x4y9/x2[4] u_core/u_fabric/r5140 NONET
### lut u_core/u_fabric/u_clb_x1y10/x3[3] u_core/u_fabric/r5496 NONET
### lut u_core/u_fabric/u_clb_x1y5/x0[1] u_core/u_fabric/r2561 NONET
### lut u_core/u_fabric/u_clb_x2y2/x0[3] u_core/u_fabric/r1290 NONET
### lut u_core/u_fabric/u_clb_x9y1/x3[3] u_core/u_fabric/r1072 NONET
### lut u_core/u_fabric/u_clb_x6y2/x1[4] u_core/u_fabric/r1423 NONET
### lut u_core/u_fabric/u_clb_x4y3/x2[4] u_core/u_fabric/r1772 NONET
### lut u_core/u_fabric/u_clb_x11y3/x3[5] u_core/u_fabric/r2034 NONET
### lut u_core/u_fabric/u_clb_x11y3/x1[4] u_core/u_fabric/r2033 NONET
### lut u_core/u_fabric/u_clb_x2y10/x3[2] u_core/u_fabric/r5539 NONET
### lut u_core/u_fabric/u_clb_x7y5/x2[5] u_core/u_fabric/r2777 NONET
### lut u_core/u_fabric/u_clb_x9y6/x2[4] u_core/u_fabric/r3998 NONET
### lut u_core/u_fabric/u_clb_x9y9/x1[2] u_core/u_fabric/r5315 NONET
### lut u_core/u_fabric/u_clb_x5y5/x2[1] u_core/u_fabric/r2691 NONET
### lut u_core/u_fabric/u_clb_x4y7/x3[1] u_core/u_fabric/r4268 NONET
### lut u_core/u_fabric/u_clb_x10y6/x3[1] u_core/u_fabric/r4045 NONET
### lut u_core/u_fabric/u_clb_x11y6/x0[1] u_core/u_fabric/r4083 NONET
### lut u_core/u_fabric/u_clb_x12y2/x1[4] u_core/u_fabric/r1638 NONET
### lut u_core/u_fabric/u_clb_x12y5/x2[4] u_core/u_fabric/r2949 NONET
### lut u_core/u_fabric/u_clb_x1y5/x0[3] u_core/u_fabric/r2561 NONET
### lut u_core/u_fabric/u_clb_x5y9/x1[4] u_core/u_fabric/r5186 NONET
### lut u_core/u_fabric/u_clb_x5y3/x0[2] u_core/u_fabric/r1814 NONET
### lut u_core/u_fabric/u_clb_x11y10/x3[5] u_core/u_fabric/r5840 NONET
### lut u_core/u_fabric/u_clb_x6y10/x0[1] u_core/u_fabric/r5663 NONET
### lut u_core/u_fabric/u_clb_x6y6/x2[5] u_core/u_fabric/r3374 NONET
### lut u_core/u_fabric/u_clb_x9y1/x2[4] u_core/u_fabric/r1068 NONET
### lut u_core/u_fabric/u_clb_x12y7/x1[3] u_core/u_fabric/r4568 NONET
### lut u_core/u_fabric/u_clb_x4y2/x1[5] u_core/u_fabric/r1337 NONET
### lut u_core/u_fabric/u_clb_x6y7/x3[3] u_core/u_fabric/r4354 NONET
### lut u_core/u_fabric/u_clb_x7y3/x0[3] u_core/u_fabric/r1900 NONET
### lut u_core/u_fabric/u_clb_x2y3/x1[2] u_core/u_fabric/r1732 NONET
### lut u_core/u_fabric/u_clb_x11y6/x0[4] u_core/u_fabric/r4083 NONET
### lut u_core/u_fabric/u_clb_x12y2/x2[1] u_core/u_fabric/r1635 NONET
### lut u_core/u_fabric/u_clb_x10y10/x1[3] u_core/u_fabric/r5796 NONET
### lut u_core/u_fabric/u_clb_x5y10/x3[3] u_core/u_fabric/r5625 NONET
### lut u_core/u_fabric/u_clb_x11y4/x0[4] u_core/u_fabric/r2467 NONET
### lut u_core/u_fabric/u_clb_x9y10/x2[2] u_core/u_fabric/r5750 NONET
### lut u_core/u_fabric/u_clb_x5y2/x3[4] u_core/u_fabric/r1381 NONET
### lut u_core/u_fabric/u_clb_x7y5/x2[0] u_core/u_fabric/r2777 NONET
### lut u_core/u_fabric/u_clb_x4y7/x1[0] u_core/u_fabric/r4267 NONET
### lut u_core/u_fabric/u_clb_x1y6/x1[4] u_core/u_fabric/r3003 NONET
### lut u_core/u_fabric/u_clb_x9y10/x1[1] u_core/u_fabric/r5753 NONET
### lut u_core/u_fabric/u_clb_x12y2/x2[0] u_core/u_fabric/r1635 NONET
### lut u_core/u_fabric/u_clb_x11y8/x0[3] u_core/u_fabric/r4959 NONET
### lut u_core/u_fabric/u_clb_x10y5/x1[1] u_core/u_fabric/r2866 NONET
### lut u_core/u_fabric/u_clb_x11y2/x1[3] u_core/u_fabric/r1595 NONET
### lut u_core/u_fabric/u_clb_x10y1/x3[1] u_core/u_fabric/r1115 NONET
### lut u_core/u_fabric/u_clb_x1y6/x1[5] u_core/u_fabric/r3003 NONET
### lut u_core/u_fabric/u_clb_x4y1/x0[2] u_core/u_fabric/r357 NONET
### lut u_core/u_fabric/u_clb_x4y1/x1[5] u_core/u_fabric/r361 NONET
### lut u_core/u_fabric/u_clb_x7y2/x2[3] u_core/u_fabric/r1463 NONET
### lut u_core/u_fabric/u_clb_x1y8/x2[1] u_core/u_fabric/r4616 NONET
### lut u_core/u_fabric/u_clb_x12y2/x2[3] u_core/u_fabric/r1635 NONET
### lut u_core/u_fabric/u_clb_x9y1/x3[1] u_core/u_fabric/r1072 NONET
### lut u_core/u_fabric/u_clb_x4y4/x0[1] u_core/u_fabric/r2209 NONET
### lut u_core/u_fabric/u_clb_x1y5/x3[3] u_core/u_fabric/r2566 NONET
### lut u_core/u_fabric/u_clb_x2y8/x3[2] u_core/u_fabric/r4663 NONET
### lut u_core/u_fabric/u_clb_x10y3/x2[3] u_core/u_fabric/r1987 NONET
### lut u_core/u_fabric/u_clb_x12y2/x2[5] u_core/u_fabric/r1635 NONET
### lut u_core/u_fabric/u_clb_x11y3/x2[1] u_core/u_fabric/r2030 NONET
### lut u_core/u_fabric/u_clb_x2y5/x0[4] u_core/u_fabric/r2604 NONET
### lut u_core/u_fabric/u_clb_x10y3/x0[3] u_core/u_fabric/r1986 NONET
### lut u_core/u_fabric/u_clb_x10y2/x2[1] u_core/u_fabric/r1549 NONET
### lut u_core/u_fabric/u_clb_x6y8/x1[0] u_core/u_fabric/r4791 NONET
### lut u_core/u_fabric/u_clb_x6y7/x2[1] u_core/u_fabric/r4350 NONET
### lut u_core/u_fabric/u_clb_x4y10/x2[3] u_core/u_fabric/r5578 NONET
### lut u_core/u_fabric/u_clb_x1y6/x0[4] u_core/u_fabric/r2999 NONET
### lut u_core/u_fabric/u_clb_x5y5/x0[5] u_core/u_fabric/r2690 NONET
### lut u_core/u_fabric/u_clb_x2y9/x1[3] u_core/u_fabric/r5100 NONET
### lut u_core/u_fabric/u_clb_x5y6/x2[4] u_core/u_fabric/r3331 NONET
### lut u_core/u_fabric/u_clb_x10y2/x0[2] u_core/u_fabric/r1548 NONET
### lut u_core/u_fabric/u_clb_x7y4/x1[4] u_core/u_fabric/r2342 NONET
### lut u_core/u_fabric/u_clb_x6y6/x0[4] u_core/u_fabric/r3373 NONET
### lut u_core/u_fabric/u_clb_x9y1/x3[0] u_core/u_fabric/r1072 NONET
### lut u_core/u_fabric/u_clb_x6y1/x2[3] u_core/u_fabric/r444 NONET
### lut u_core/u_fabric/u_clb_x2y1/x3[1] u_core/u_fabric/r117 NONET
### lut u_core/u_fabric/u_clb_x6y6/x2[3] u_core/u_fabric/r3374 NONET
### lut u_core/u_fabric/u_clb_x9y8/x3[0] u_core/u_fabric/r4878 NONET
### lut u_core/u_fabric/u_clb_x9y7/x3[0] u_core/u_fabric/r4440 NONET
### lut u_core/u_fabric/u_clb_x5y6/x1[5] u_core/u_fabric/r3334 NONET
### lut u_core/u_fabric/u_clb_x11y7/x0[0] u_core/u_fabric/r4521 NONET
### lut u_core/u_fabric/u_clb_x1y2/x2[5] u_core/u_fabric/r1248 NONET
### lut u_core/u_fabric/u_clb_x1y2/x3[4] u_core/u_fabric/r1252 NONET
### lut u_core/u_fabric/u_clb_x6y6/x0[3] u_core/u_fabric/r3373 NONET
### lut u_core/u_fabric/u_clb_x10y8/x3[1] u_core/u_fabric/r4921 NONET
### lut u_core/u_fabric/u_clb_x12y2/x0[0] u_core/u_fabric/r1634 NONET
### lut u_core/u_fabric/u_clb_x4y5/x2[4] u_core/u_fabric/r2648 NONET
### lut u_core/u_fabric/u_clb_x9y4/x2[5] u_core/u_fabric/r2382 NONET
### lut u_core/u_fabric/u_clb_x1y9/x0[0] u_core/u_fabric/r5053 NONET
### lut u_core/u_fabric/u_clb_x1y7/x2[5] u_core/u_fabric/r4178 NONET
### lut u_core/u_fabric/u_clb_x6y5/x0[5] u_core/u_fabric/r2733 NONET
### lut u_core/u_fabric/u_clb_x2y4/x1[0] u_core/u_fabric/r2170 NONET
### lut u_core/u_fabric/u_clb_x4y10/x1[4] u_core/u_fabric/r5581 NONET
### lut u_core/u_fabric/u_clb_x7y4/x1[5] u_core/u_fabric/r2342 NONET
### lut u_core/u_fabric/u_clb_x4y6/x1[4] u_core/u_fabric/r3291 NONET
### lut u_core/u_fabric/u_clb_x5y4/x3[5] u_core/u_fabric/r2257 NONET
### lut u_core/u_fabric/u_clb_x4y5/x0[1] u_core/u_fabric/r2647 NONET
### lut u_core/u_fabric/u_clb_x2y7/x2[0] u_core/u_fabric/r4221 NONET
### lut u_core/u_fabric/u_clb_x5y2/x3[3] u_core/u_fabric/r1381 NONET
### lut u_core/u_fabric/u_clb_x10y5/x3[4] u_core/u_fabric/r2867 NONET
### lut u_core/u_fabric/u_clb_x7y2/x1[0] u_core/u_fabric/r1466 NONET
### lut u_core/u_fabric/u_clb_x9y8/x1[4] u_core/u_fabric/r4877 NONET
### lut u_core/u_fabric/u_clb_x7y2/x1[4] u_core/u_fabric/r1466 NONET
### lut u_core/u_fabric/u_clb_x11y10/x0[0] u_core/u_fabric/r5835 NONET
### lut u_core/u_fabric/u_clb_x11y4/x3[1] u_core/u_fabric/r2472 NONET
### lut u_core/u_fabric/u_clb_x9y7/x2[3] u_core/u_fabric/r4436 NONET
### lut u_core/u_fabric/u_clb_x4y6/x1[2] u_core/u_fabric/r3291 NONET
### lut u_core/u_fabric/u_clb_x10y1/x0[0] u_core/u_fabric/r1110 NONET
### lut u_core/u_fabric/u_clb_x7y6/x3[2] u_core/u_fabric/r3421 NONET
### lut u_core/u_fabric/u_clb_x2y4/x3[3] u_core/u_fabric/r2171 NONET
### lut u_core/u_fabric/u_clb_x6y6/x0[1] u_core/u_fabric/r3373 NONET
### lut u_core/u_fabric/u_clb_x11y10/x3[1] u_core/u_fabric/r5840 NONET
### lut u_core/u_fabric/u_clb_x2y6/x2[4] u_core/u_fabric/r3043 NONET
### lut u_core/u_fabric/u_clb_x2y5/x3[4] u_core/u_fabric/r2609 NONET
### lut u_core/u_fabric/u_clb_x10y6/x0[1] u_core/u_fabric/r4040 NONET
### lut u_core/u_fabric/u_clb_x10y2/x0[5] u_core/u_fabric/r1548 NONET
### lut u_core/u_fabric/u_clb_x4y10/x3[3] u_core/u_fabric/r5582 NONET
### lut u_core/u_fabric/u_clb_x7y2/x2[5] u_core/u_fabric/r1463 NONET
### lut u_core/u_fabric/u_clb_x2y5/x3[1] u_core/u_fabric/r2609 NONET
### lut u_core/u_fabric/u_clb_x10y4/x2[1] u_core/u_fabric/r2425 NONET
### lut u_core/u_fabric/u_clb_x5y1/x1[5] u_core/u_fabric/r404 NONET
### lut u_core/u_fabric/u_clb_x2y5/x2[2] u_core/u_fabric/r2605 NONET
### lut u_core/u_fabric/u_clb_x11y7/x2[1] u_core/u_fabric/r4522 NONET
### lut u_core/u_fabric/u_clb_x4y2/x1[2] u_core/u_fabric/r1337 NONET
### lut u_core/u_fabric/u_clb_x4y2/x0[2] u_core/u_fabric/r1333 NONET
### lut u_core/u_fabric/u_clb_x4y2/x3[1] u_core/u_fabric/r1338 NONET
### lut u_core/u_fabric/u_clb_x5y1/x2[4] u_core/u_fabric/r401 NONET
### lut u_core/u_fabric/u_clb_x2y1/x2[4] u_core/u_fabric/r113 NONET
### lut u_core/u_fabric/u_clb_x12y5/x2[3] u_core/u_fabric/r2949 NONET
### lut u_core/u_fabric/u_clb_x2y7/x1[1] u_core/u_fabric/r4224 NONET
### lut u_core/u_fabric/u_clb_x6y9/x0[4] u_core/u_fabric/r5225 NONET
### mux_chan u_core/u_fabric/r1815 u_core/u_fabric/r8477 NONET
### mux_chan u_core/u_fabric/r3332 u_core/u_fabric/r6851 NONET
### mux_chan u_core/u_fabric/r8752 u_core/u_fabric/r6555 NONET
### mux_chan u_core/u_fabric/r6013 u_core/u_fabric/r8608 NONET
### mux_chan u_core/u_fabric/r7782 u_core/u_fabric/r7790 NONET
### mux_chan u_core/u_fabric/r9204 u_core/u_fabric/r6413 NONET
### mux_chan u_core/u_fabric/r7202 u_core/u_fabric/r8633 NONET
### mux_chan u_core/u_fabric/r7313 u_core/u_fabric/r9304 NONET
### mux_chan u_core/u_fabric/r8876 u_core/u_fabric/r6909 NONET
### mux_chan u_core/u_fabric/r9012 u_core/u_fabric/r6932 NONET
### mux_chan u_core/u_fabric/r8384 u_core/u_fabric/r6829 NONET
### mux_chan u_core/u_fabric/r6780 u_core/u_fabric/r6788 NONET
### mux_chan u_core/u_fabric/r8922 u_core/u_fabric/r7745 NONET
### mux_chan u_core/u_fabric/r9313 u_core/u_fabric/r7664 NONET
### mux_chan u_core/u_fabric/r8866 u_core/u_fabric/r6588 NONET
### mux_chan u_core/u_fabric/r8636 u_core/u_fabric/r8648 NONET
### mux_chan u_core/u_fabric/r7272 u_core/u_fabric/r9054 NONET
### mux_chan u_core/u_fabric/r8688 u_core/u_fabric/r7598 NONET
### mux_chan u_core/u_fabric/r8393 u_core/u_fabric/r6707 NONET
### mux_chan u_core/u_fabric/r7117 u_core/u_fabric/r7091 NONET
### mux_chan u_core/u_fabric/r6756 u_core/u_fabric/r6790 NONET
### mux_chan u_core/u_fabric/r7044 u_core/u_fabric/r8794 NONET
### mux_chan u_core/u_fabric/r8228 u_core/u_fabric/r6156 NONET
### mux_chan u_core/u_fabric/r7718 u_core/u_fabric/r7728 NONET
### mux_chan u_core/u_fabric/r6923 u_core/u_fabric/r9143 NONET
### mux_chan u_core/u_fabric/r9353 u_core/u_fabric/r9343 NONET
### mux_chan u_core/u_fabric/r6038 u_core/u_fabric/r8840 NONET
### mux_chan u_core/u_fabric/r7656 u_core/u_fabric/r9448 NONET
### mux_chan u_core/u_fabric/r7093 u_core/u_fabric/r7083 NONET
### mux_chan u_core/u_fabric/r8874 u_core/u_fabric/r6926 NONET
### mux_chan u_core/u_fabric/r8914 u_core/u_fabric/r7628 NONET
### mux_chan u_core/u_fabric/r8381 u_core/u_fabric/r8329 NONET
### mux_chan u_core/u_fabric/r8724 u_core/u_fabric/r8758 NONET
### mux_chan u_core/u_fabric/r8139 u_core/u_fabric/r6862 NONET
### mux_chan u_core/u_fabric/r6243 u_core/u_fabric/r6249 NONET
### mux_chan u_core/u_fabric/r7467 u_core/u_fabric/r9316 NONET
### mux_chan u_core/u_fabric/r7335 u_core/u_fabric/r7325 NONET
### mux_chan u_core/u_fabric/r8550 u_core/u_fabric/r7365 NONET
### mux_chan u_core/u_fabric/r6363 u_core/u_fabric/r6345 NONET
### mux_chan u_core/u_fabric/r6800 u_core/u_fabric/r9400 NONET
### mux_chan u_core/u_fabric/r6536 u_core/u_fabric/r8384 NONET
### mux_chan u_core/u_fabric/r7567 u_core/u_fabric/r8316 NONET
### mux_chan u_core/u_fabric/r7596 u_core/u_fabric/r8816 NONET
### mux_chan u_core/u_fabric/r8016 u_core/u_fabric/r7352 NONET
### mux_chan u_core/u_fabric/r8763 u_core/u_fabric/r8775 NONET
### mux_chan u_core/u_fabric/r8373 u_core/u_fabric/r8361 NONET
### mux_chan u_core/u_fabric/r8781 u_core/u_fabric/r8761 NONET
### mux_chan u_core/u_fabric/r6863 u_core/u_fabric/r8404 NONET
### mux_chan u_core/u_fabric/r402 u_core/u_fabric/r6022 NONET
### mux_chan u_core/u_fabric/r6478 u_core/u_fabric/r8134 NONET
### mux_chan u_core/u_fabric/r7897 u_core/u_fabric/r7865 NONET
### mux_chan u_core/u_fabric/r8631 u_core/u_fabric/r6904 NONET
### mux_chan u_core/u_fabric/r8520 u_core/u_fabric/r7397 NONET
### mux_chan u_core/u_fabric/r8506 u_core/u_fabric/r8532 NONET
### mux_chan u_core/u_fabric/r6074 u_core/u_fabric/r6100 NONET
### mux_chan u_core/u_fabric/r9267 u_core/u_fabric/r9241 NONET
### mux_chan u_core/u_fabric/r7039 u_core/u_fabric/r8247 NONET
### mux_chan u_core/u_fabric/r7742 u_core/u_fabric/r8923 NONET
### mux_chan u_core/u_fabric/r8707 u_core/u_fabric/r6060 NONET
### mux_chan u_core/u_fabric/r8249 u_core/u_fabric/r6334 NONET
### mux_chan u_core/u_fabric/r6671 u_core/u_fabric/r7959 NONET
### mux_chan u_core/u_fabric/r1115 u_core/u_fabric/r8976 NONET
### mux_chan u_core/u_fabric/r2378 u_core/u_fabric/r6770 NONET
### mux_chan u_core/u_fabric/r6778 u_core/u_fabric/r9022 NONET
### mux_chan u_core/u_fabric/r8246 u_core/u_fabric/r6700 NONET
### mux_chan u_core/u_fabric/r6759 u_core/u_fabric/r6773 NONET
### mux_chan u_core/u_fabric/r7366 u_core/u_fabric/r7402 NONET
### mux_chan u_core/u_fabric/r5493 u_core/u_fabric/r7495 NONET
### mux_chan u_core/u_fabric/r7354 u_core/u_fabric/r8143 NONET
### mux_chan u_core/u_fabric/r6753 u_core/u_fabric/r8894 NONET
### mux_chan u_core/u_fabric/r6988 u_core/u_fabric/r8156 NONET
### mux_chan u_core/u_fabric/r9116 u_core/u_fabric/r6905 NONET
### mux_chan u_core/u_fabric/r6424 u_core/u_fabric/r9105 NONET
### mux_chan u_core/u_fabric/r7960 u_core/u_fabric/r6491 NONET
### mux_chan u_core/u_fabric/r8643 u_core/u_fabric/r7248 NONET
### mux_chan u_core/u_fabric/r7188 u_core/u_fabric/r8533 NONET
### mux_chan u_core/u_fabric/r8603 u_core/u_fabric/r6005 NONET
### mux_chan u_core/u_fabric/r9372 u_core/u_fabric/r6923 NONET
### mux_chan u_core/u_fabric/r6558 u_core/u_fabric/r8713 NONET
### mux_chan u_core/u_fabric/r8790 u_core/u_fabric/r7733 NONET
### mux_chan u_core/u_fabric/r6734 u_core/u_fabric/r8605 NONET
### mux_chan u_core/u_fabric/r6609 u_core/u_fabric/r9249 NONET
### mux_chan u_core/u_fabric/r6187 u_core/u_fabric/r8358 NONET
### mux_chan u_core/u_fabric/r7476 u_core/u_fabric/r9425 NONET
### mux_chan u_core/u_fabric/r6402 u_core/u_fabric/r9207 NONET
### mux_chan u_core/u_fabric/r8289 u_core/u_fabric/r7208 NONET
### mux_chan u_core/u_fabric/r9018 u_core/u_fabric/r7275 NONET
### mux_chan u_core/u_fabric/r7747 u_core/u_fabric/r7713 NONET
### mux_chan u_core/u_fabric/r6336 u_core/u_fabric/r8577 NONET
### mux_chan u_core/u_fabric/r5003 u_core/u_fabric/r9428 NONET
### mux_chan u_core/u_fabric/r7216 u_core/u_fabric/r8511 NONET
### mux_chan u_core/u_fabric/r8539 u_core/u_fabric/r7203 NONET
### mux_chan u_core/u_fabric/r241 u_core/u_fabric/r8229 NONET
### mux_chan u_core/u_fabric/r7875 u_core/u_fabric/r7857 NONET
### mux_chan u_core/u_fabric/r6401 u_core/u_fabric/r8878 NONET
### mux_chan u_core/u_fabric/r9119 u_core/u_fabric/r9099 NONET
### mux_chan u_core/u_fabric/r7304 u_core/u_fabric/r9263 NONET
### mux_chan u_core/u_fabric/r9294 u_core/u_fabric/r7486 NONET
### mux_chan u_core/u_fabric/r6930 u_core/u_fabric/r9241 NONET
### mux_chan u_core/u_fabric/r8171 u_core/u_fabric/r7173 NONET
### mux_chan u_core/u_fabric/r9358 u_core/u_fabric/r6245 NONET
### mux_chan u_core/u_fabric/r1460 u_core/u_fabric/r6383 NONET
### mux_chan u_core/u_fabric/r6741 u_core/u_fabric/r8640 NONET
### mux_chan u_core/u_fabric/r6222 u_core/u_fabric/r9237 NONET
### mux_chan u_core/u_fabric/r6814 u_core/u_fabric/r8009 NONET
### mux_chan u_core/u_fabric/r8151 u_core/u_fabric/r6866 NONET
### mux_chan u_core/u_fabric/r6705 u_core/u_fabric/r8640 NONET
### mux_chan u_core/u_fabric/r7077 u_core/u_fabric/r7075 NONET
### mux_chan u_core/u_fabric/r7684 u_core/u_fabric/r7708 NONET
### mux_chan u_core/u_fabric/r9293 u_core/u_fabric/r7627 NONET
### mux_chan u_core/u_fabric/r9185 u_core/u_fabric/r7633 NONET
### mux_chan u_core/u_fabric/r1072 u_core/u_fabric/r8836 NONET
### mux_chan u_core/u_fabric/r6651 u_core/u_fabric/r8018 NONET
### mux_chan u_core/u_fabric/r8401 u_core/u_fabric/r6884 NONET
### mux_chan u_core/u_fabric/r6168 u_core/u_fabric/r8457 NONET
### mux_chan u_core/u_fabric/r9000 u_core/u_fabric/r9026 NONET
### mux_chan u_core/u_fabric/r6440 u_core/u_fabric/r6454 NONET
### mux_chan u_core/u_fabric/r2778 u_core/u_fabric/r6689 NONET
### mux_chan u_core/u_fabric/r9060 u_core/u_fabric/r9074 NONET
### mux_chan u_core/u_fabric/r8653 u_core/u_fabric/r8647 NONET
### mux_chan u_core/u_fabric/r7764 u_core/u_fabric/r8927 NONET
### mux_chan u_core/u_fabric/r8033 u_core/u_fabric/r8039 NONET
### mux_chan u_core/u_fabric/r8772 u_core/u_fabric/r6918 NONET
### mux_chan u_core/u_fabric/r8504 u_core/u_fabric/r6855 NONET
### mux_chan u_core/u_fabric/r8014 u_core/u_fabric/r7354 NONET
### mux_chan u_core/u_fabric/r8272 u_core/u_fabric/r8294 NONET
### mux_chan u_core/u_fabric/r8013 u_core/u_fabric/r7155 NONET
### mux_chan u_core/u_fabric/r7099 u_core/u_fabric/r8916 NONET
### mux_chan u_core/u_fabric/r9083 u_core/u_fabric/r6264 NONET
### mux_chan u_core/u_fabric/r6047 u_core/u_fabric/r8576 NONET
### mux_chan u_core/u_fabric/r6790 u_core/u_fabric/r9398 NONET
### mux_chan u_core/u_fabric/r6672 u_core/u_fabric/r8125 NONET
### mux_chan u_core/u_fabric/r7780 u_core/u_fabric/r9195 NONET
### mux_chan u_core/u_fabric/r7141 u_core/u_fabric/r7914 NONET
### mux_chan u_core/u_fabric/r5993 u_core/u_fabric/r8072 NONET
### mux_chan u_core/u_fabric/r7555 u_core/u_fabric/r8651 NONET
### mux_chan u_core/u_fabric/r8911 u_core/u_fabric/r6883 NONET
### mux_chan u_core/u_fabric/r7046 u_core/u_fabric/r8786 NONET
### mux_chan u_core/u_fabric/r8582 u_core/u_fabric/r6204 NONET
### mux_chan u_core/u_fabric/r7386 u_core/u_fabric/r8688 NONET
### mux_chan u_core/u_fabric/r7954 u_core/u_fabric/r6498 NONET
### mux_chan u_core/u_fabric/r4698 u_core/u_fabric/r7379 NONET
### mux_chan u_core/u_fabric/r9124 u_core/u_fabric/r9158 NONET
### mux_chan u_core/u_fabric/r8456 u_core/u_fabric/r6556 NONET
### mux_chan u_core/u_fabric/r5313 u_core/u_fabric/r7446 NONET
### mux_chan u_core/u_fabric/r9259 u_core/u_fabric/r6448 NONET
### mux_chan u_core/u_fabric/r9143 u_core/u_fabric/r6775 NONET
### mux_chan u_core/u_fabric/r6226 u_core/u_fabric/r9122 NONET
### mux_chan u_core/u_fabric/r6938 u_core/u_fabric/r9282 NONET
### mux_chan u_core/u_fabric/r9412 u_core/u_fabric/r9426 NONET
### mux_chan u_core/u_fabric/r9122 u_core/u_fabric/r6440 NONET
### mux_chan u_core/u_fabric/r7207 u_core/u_fabric/r8379 NONET
### mux_chan u_core/u_fabric/r7282 u_core/u_fabric/r7290 NONET
### mux_chan u_core/u_fabric/r7518 u_core/u_fabric/r8062 NONET
### mux_chan u_core/u_fabric/r405 u_core/u_fabric/r8331 NONET
### mux_chan u_core/u_fabric/r8161 u_core/u_fabric/r8141 NONET
### mux_chan u_core/u_fabric/r6895 u_core/u_fabric/r6883 NONET
### mux_chan u_core/u_fabric/r8798 u_core/u_fabric/r7772 NONET
### mux_chan u_core/u_fabric/r8351 u_core/u_fabric/r8357 NONET
### mux_chan u_core/u_fabric/r6705 u_core/u_fabric/r6707 NONET
### mux_chan u_core/u_fabric/r7288 u_core/u_fabric/r9139 NONET
### mux_chan u_core/u_fabric/r7032 u_core/u_fabric/r8542 NONET
### mux_chan u_core/u_fabric/r4123 u_core/u_fabric/r7119 NONET
### mux_chan u_core/u_fabric/r7876 u_core/u_fabric/r6662 NONET
### mux_chan u_core/u_fabric/r404 u_core/u_fabric/r8323 NONET
### mux_chan u_core/u_fabric/r9038 u_core/u_fabric/r9048 NONET
### mux_chan u_core/u_fabric/r6906 u_core/u_fabric/r8743 NONET
### mux_chan u_core/u_fabric/r361 u_core/u_fabric/r8202 NONET
### mux_chan u_core/u_fabric/r6643 u_core/u_fabric/r6653 NONET
### mux_chan u_core/u_fabric/r9319 u_core/u_fabric/r9285 NONET
### mux_chan u_core/u_fabric/r9181 u_core/u_fabric/r7609 NONET
### mux_chan u_core/u_fabric/r7941 u_core/u_fabric/r7502 NONET
### mux_chan u_core/u_fabric/r8026 u_core/u_fabric/r7333 NONET
### mux_chan u_core/u_fabric/r4663 u_core/u_fabric/r8046 NONET
### mux_chan u_core/u_fabric/r8883 u_core/u_fabric/r8873 NONET
### mux_chan u_core/u_fabric/r8327 u_core/u_fabric/r5987 NONET
### mux_chan u_core/u_fabric/r8033 u_core/u_fabric/r7000 NONET
### mux_chan u_core/u_fabric/r6362 u_core/u_fabric/r8711 NONET
### mux_chan u_core/u_fabric/r8369 u_core/u_fabric/r8359 NONET
### mux_chan u_core/u_fabric/r6423 u_core/u_fabric/r8971 NONET
### mux_chan u_core/u_fabric/r8953 u_core/u_fabric/r6074 NONET
### mux_chan u_core/u_fabric/r1378 u_core/u_fabric/r6151 NONET
### mux_chan u_core/u_fabric/r5401 u_core/u_fabric/r9155 NONET
### mux_chan u_core/u_fabric/r7649 u_core/u_fabric/r9072 NONET
### mux_chan u_core/u_fabric/r9157 u_core/u_fabric/r7296 NONET
### mux_chan u_core/u_fabric/r8546 u_core/u_fabric/r7408 NONET
### mux_chan u_core/u_fabric/r4037 u_core/u_fabric/r7091 NONET
### mux_chan u_core/u_fabric/r9118 u_core/u_fabric/r6907 NONET
### mux_chan u_core/u_fabric/r7583 u_core/u_fabric/r7551 NONET
### mux_chan u_core/u_fabric/r8010 u_core/u_fabric/r6823 NONET
### mux_chan u_core/u_fabric/r6906 u_core/u_fabric/r8778 NONET
### mux_chan u_core/u_fabric/r8537 u_core/u_fabric/r7056 NONET
### mux_chan u_core/u_fabric/r7468 u_core/u_fabric/r7476 NONET
### mux_chan u_core/u_fabric/r8284 u_core/u_fabric/r7701 NONET
### mux_chan u_core/u_fabric/r6398 u_core/u_fabric/r8998 NONET
### mux_chan u_core/u_fabric/r7334 u_core/u_fabric/r7356 NONET
### mux_chan u_core/u_fabric/r5468 u_core/u_fabric/r9407 NONET
### mux_chan u_core/u_fabric/r7204 u_core/u_fabric/r8383 NONET
### mux_chan u_core/u_fabric/r9000 u_core/u_fabric/r6893 NONET
### mux_chan u_core/u_fabric/r7777 u_core/u_fabric/r8793 NONET
### mux_ipin u_core/u_fabric/r8237 u_core/u_fabric/r2229 NONET
### mux_ipin u_core/u_fabric/r9377 u_core/u_fabric/r2958 NONET
### mux_ipin u_core/u_fabric/r8010 u_core/u_fabric/r2575 NONET
### mux_ipin u_core/u_fabric/r7367 u_core/u_fabric/r5198 NONET
### mux_ipin u_core/u_fabric/r8761 u_core/u_fabric/r1011 NONET
### mux_ipin u_core/u_fabric/r8294 u_core/u_fabric/r4725 NONET
### mux_ipin u_core/u_fabric/r6189 u_core/u_fabric/r1435 NONET
### mux_ipin u_core/u_fabric/r8773 u_core/u_fabric/r3429 NONET
### mux_ipin u_core/u_fabric/r7428 u_core/u_fabric/r5326 NONET
### mux_ipin u_core/u_fabric/r8589 u_core/u_fabric/r2362 NONET
### mux_ipin u_core/u_fabric/r6364 u_core/u_fabric/r1426 NONET
### mux_ipin u_core/u_fabric/r8363 u_core/u_fabric/r1835 NONET
### mux_ipin u_core/u_fabric/r7481 u_core/u_fabric/r4967 NONET
### mux_ipin u_core/u_fabric/r8847 u_core/u_fabric/r981 NONET
### mux_ipin u_core/u_fabric/r7479 u_core/u_fabric/r5456 NONET
### mux_ipin u_core/u_fabric/r9019 u_core/u_fabric/r4936 NONET
### mux_ipin u_core/u_fabric/r8213 u_core/u_fabric/r278 NONET
### mux_ipin u_core/u_fabric/r8876 u_core/u_fabric/r1003 NONET
### mux_ipin u_core/u_fabric/r8767 u_core/u_fabric/r3426 NONET
### mux_ipin u_core/u_fabric/r8023 u_core/u_fabric/r4625 NONET
### mux_ipin u_core/u_fabric/r7822 u_core/u_fabric/r91 NONET
### mux_ipin u_core/u_fabric/r8380 u_core/u_fabric/r3298 NONET
### mux_ipin u_core/u_fabric/r8713 u_core/u_fabric/r1912 NONET
### mux_ipin u_core/u_fabric/r7772 u_core/u_fabric/r5798 NONET
### mux_ipin u_core/u_fabric/r8128 u_core/u_fabric/r4231 NONET
### mux_ipin u_core/u_fabric/r8036 u_core/u_fabric/r4682 NONET
### mux_ipin u_core/u_fabric/r7093 u_core/u_fabric/r4493 NONET
### mux_ipin u_core/u_fabric/r7789 u_core/u_fabric/r5842 NONET
### mux_ipin u_core/u_fabric/r9283 u_core/u_fabric/r4095 NONET
### mux_ipin u_core/u_fabric/r8762 u_core/u_fabric/r1044 NONET
### mux_ipin u_core/u_fabric/r8457 u_core/u_fabric/r467 NONET
### mux_ipin u_core/u_fabric/r8027 u_core/u_fabric/r3010 NONET
### mux_ipin u_core/u_fabric/r8494 u_core/u_fabric/r2316 NONET
### mux_ipin u_core/u_fabric/r6901 u_core/u_fabric/r3434 NONET
### mux_ipin u_core/u_fabric/r7266 u_core/u_fabric/r4931 NONET
### mux_ipin u_core/u_fabric/r6598 u_core/u_fabric/r1994 NONET
### mux_ipin u_core/u_fabric/r6685 u_core/u_fabric/r2663 NONET
### mux_ipin u_core/u_fabric/r6818 u_core/u_fabric/r3016 NONET
### mux_ipin u_core/u_fabric/r8024 u_core/u_fabric/r4240 NONET
### mux_ipin u_core/u_fabric/r8252 u_core/u_fabric/r2229 NONET
### mux_ipin u_core/u_fabric/r7142 u_core/u_fabric/r4676 NONET
### mux_ipin u_core/u_fabric/r8267 u_core/u_fabric/r3236 NONET
### mux_ipin u_core/u_fabric/r9124 u_core/u_fabric/r2049 NONET
### mux_ipin u_core/u_fabric/r5980 u_core/u_fabric/r7 NONET
### mux_ipin u_core/u_fabric/r8724 u_core/u_fabric/r1015 NONET
### mux_ipin u_core/u_fabric/r6852 u_core/u_fabric/r2699 NONET
### mux_ipin u_core/u_fabric/r8883 u_core/u_fabric/r4455 NONET
### mux_ipin u_core/u_fabric/r6876 u_core/u_fabric/r2740 NONET
### mux_ipin u_core/u_fabric/r7944 u_core/u_fabric/r2189 NONET
### mux_ipin u_core/u_fabric/r8997 u_core/u_fabric/r1955 NONET
### mux_ipin u_core/u_fabric/r8305 u_core/u_fabric/r3261 NONET
### mux_ipin u_core/u_fabric/r8967 u_core/u_fabric/r2448 NONET
### mux_ipin u_core/u_fabric/r6460 u_core/u_fabric/r2139 NONET
### mux_ipin u_core/u_fabric/r8529 u_core/u_fabric/r4807 NONET
### mux_ipin u_core/u_fabric/r9262 u_core/u_fabric/r4533 NONET
### mux_ipin u_core/u_fabric/r8402 u_core/u_fabric/r4277 NONET
### mux_ipin u_core/u_fabric/r6871 u_core/u_fabric/r3431 NONET
### mux_ipin u_core/u_fabric/r9369 u_core/u_fabric/r2961 NONET
### mux_ipin u_core/u_fabric/r8748 u_core/u_fabric/r992 NONET
### mux_ipin u_core/u_fabric/r7098 u_core/u_fabric/r4091 NONET
### mux_ipin u_core/u_fabric/r7683 u_core/u_fabric/r5543 NONET
### mux_ipin u_core/u_fabric/r8762 u_core/u_fabric/r2349 NONET
### mux_ipin u_core/u_fabric/r8636 u_core/u_fabric/r2361 NONET
### mux_ipin u_core/u_fabric/r8333 u_core/u_fabric/r1400 NONET
### mux_ipin u_core/u_fabric/r8398 u_core/u_fabric/r3350 NONET
### mux_ipin u_core/u_fabric/r6047 u_core/u_fabric/r31 NONET
### mux_ipin u_core/u_fabric/r7793 u_core/u_fabric/r5955 NONET
### mux_ipin u_core/u_fabric/r6528 u_core/u_fabric/r1820 NONET
### mux_ipin u_core/u_fabric/r6894 u_core/u_fabric/r4014 NONET
### mux_ipin u_core/u_fabric/r8908 u_core/u_fabric/r3908 NONET
### mux_ipin u_core/u_fabric/r9146 u_core/u_fabric/r4489 NONET
### mux_ipin u_core/u_fabric/r8912 u_core/u_fabric/r5333 NONET
### mux_ipin u_core/u_fabric/r9390 u_core/u_fabric/r4575 NONET
### mux_ipin u_core/u_fabric/r8049 u_core/u_fabric/r5065 NONET
### mux_ipin u_core/u_fabric/r7292 u_core/u_fabric/r4527 NONET
### mux_ipin u_core/u_fabric/r6814 u_core/u_fabric/r3058 NONET
### mux_ipin u_core/u_fabric/r8460 u_core/u_fabric/r1388 NONET
### mux_ipin u_core/u_fabric/r9315 u_core/u_fabric/r5899 NONET
### mux_ipin u_core/u_fabric/r8051 u_core/u_fabric/r5556 NONET
### mux_ipin u_core/u_fabric/r6719 u_core/u_fabric/r2792 NONET
### mux_ipin u_core/u_fabric/r8896 u_core/u_fabric/r3914 NONET
### mux_ipin u_core/u_fabric/r7926 u_core/u_fabric/r5077 NONET
### mux_ipin u_core/u_fabric/r6850 u_core/u_fabric/r3211 NONET
### mux_ipin u_core/u_fabric/r6756 u_core/u_fabric/r2519 NONET
### mux_ipin u_core/u_fabric/r7547 u_core/u_fabric/r5637 NONET
### mux_ipin u_core/u_fabric/r7897 u_core/u_fabric/r4597 NONET
### mux_ipin u_core/u_fabric/r7259 u_core/u_fabric/r4441 NONET
### mux_ipin u_core/u_fabric/r9294 u_core/u_fabric/r5900 NONET
### mux_ipin u_core/u_fabric/r8957 u_core/u_fabric/r1957 NONET
### mux_ipin u_core/u_fabric/r8504 u_core/u_fabric/r4372 NONET
### mux_ipin u_core/u_fabric/r9229 u_core/u_fabric/r1219 NONET
### mux_ipin u_core/u_fabric/r6882 u_core/u_fabric/r2740 NONET
### mux_ipin u_core/u_fabric/r7740 u_core/u_fabric/r3956 NONET
### mux_ipin u_core/u_fabric/r6983 u_core/u_fabric/r4194 NONET
### mux_ipin u_core/u_fabric/r8153 u_core/u_fabric/r3242 NONET
### mux_ipin u_core/u_fabric/r6354 u_core/u_fabric/r1384 NONET
### mux_ipin u_core/u_fabric/r6693 u_core/u_fabric/r2258 NONET
### mux_ipin u_core/u_fabric/r8153 u_core/u_fabric/r3232 NONET
### mux_ipin u_core/u_fabric/r6033 u_core/u_fabric/r31 NONET
### mux_ipin u_core/u_fabric/r8004 u_core/u_fabric/r4242 NONET
### mux_ipin u_core/u_fabric/r8867 u_core/u_fabric/r2401 NONET
### mux_ipin u_core/u_fabric/r6904 u_core/u_fabric/r3817 NONET
### mux_ipin u_core/u_fabric/r6842 u_core/u_fabric/r2612 NONET
### mux_ipin u_core/u_fabric/r9068 u_core/u_fabric/r5812 NONET
### mux_ipin u_core/u_fabric/r9085 u_core/u_fabric/r2487 NONET
### mux_ipin u_core/u_fabric/r6648 u_core/u_fabric/r2131 NONET
### mux_ipin u_core/u_fabric/r8673 u_core/u_fabric/r5236 NONET
### mux_ipin u_core/u_fabric/r8928 u_core/u_fabric/r3960 NONET
### mux_ipin u_core/u_fabric/r8771 u_core/u_fabric/r3877 NONET
### mux_ipin u_core/u_fabric/r9312 u_core/u_fabric/r5845 NONET
### mux_ipin u_core/u_fabric/r9149 u_core/u_fabric/r4541 NONET
### mux_ipin u_core/u_fabric/r8654 u_core/u_fabric/r4363 NONET
### mux_ipin u_core/u_fabric/r9189 u_core/u_fabric/r5419 NONET
### mux_ipin u_core/u_fabric/r9202 u_core/u_fabric/r5804 NONET
### mux_ipin u_core/u_fabric/r8025 u_core/u_fabric/r4629 NONET
### mux_ipin u_core/u_fabric/r6196 u_core/u_fabric/r449 NONET
### mux_ipin u_core/u_fabric/r9388 u_core/u_fabric/r2962 NONET
### mux_ipin u_core/u_fabric/r7345 u_core/u_fabric/r4622 NONET
### mux_ipin u_core/u_fabric/r9368 u_core/u_fabric/r1647 NONET
### mux_ipin u_core/u_fabric/r9146 u_core/u_fabric/r4050 NONET
### mux_ipin u_core/u_fabric/r9201 u_core/u_fabric/r5803 NONET
### mux_ipin u_core/u_fabric/r9256 u_core/u_fabric/r4094 NONET
### mux_ipin u_core/u_fabric/r6363 u_core/u_fabric/r1874 NONET
### mux_ipin u_core/u_fabric/r8825 u_core/u_fabric/r3978 NONET
### mux_ipin u_core/u_fabric/r7964 u_core/u_fabric/r133 NONET
### mux_ipin u_core/u_fabric/r9136 u_core/u_fabric/r2491 NONET
### mux_ipin u_core/u_fabric/r7293 u_core/u_fabric/r4486 NONET
### mux_ipin u_core/u_fabric/r8798 u_core/u_fabric/r3976 NONET
### mux_ipin u_core/u_fabric/r6253 u_core/u_fabric/r1161 NONET
### mux_ipin u_core/u_fabric/r9003 u_core/u_fabric/r4010 NONET
### mux_ipin u_core/u_fabric/r7411 u_core/u_fabric/r4796 NONET
### mux_ipin u_core/u_fabric/r7540 u_core/u_fabric/r5636 NONET
### mux_ipin u_core/u_fabric/r9002 u_core/u_fabric/r2444 NONET
### mux_ipin u_core/u_fabric/r7235 u_core/u_fabric/r4804 NONET
### mux_ipin u_core/u_fabric/r6515 u_core/u_fabric/r1778 NONET
### mux_ipin u_core/u_fabric/r8428 u_core/u_fabric/r5153 NONET
### mux_ipin u_core/u_fabric/r7818 u_core/u_fabric/r1268 NONET
### mux_ipin u_core/u_fabric/r8282 u_core/u_fabric/r4722 NONET
### mux_ipin u_core/u_fabric/r8467 u_core/u_fabric/r463 NONET
### mux_ipin u_core/u_fabric/r9145 u_core/u_fabric/r4979 NONET
### mux_ipin u_core/u_fabric/r8409 u_core/u_fabric/r4766 NONET
### mux_ipin u_core/u_fabric/r8782 u_core/u_fabric/r3923 NONET
### mux_ipin u_core/u_fabric/r7962 u_core/u_fabric/r83 NONET
### mux_ipin u_core/u_fabric/r7981 u_core/u_fabric/r2187 NONET
### mux_ipin u_core/u_fabric/r7496 u_core/u_fabric/r5507 NONET
### mux_ipin u_core/u_fabric/r8125 u_core/u_fabric/r1740 NONET
### mux_ipin u_core/u_fabric/r7271 u_core/u_fabric/r4889 NONET
### mux_ipin u_core/u_fabric/r7062 u_core/u_fabric/r4407 NONET
### mux_ipin u_core/u_fabric/r9372 u_core/u_fabric/r2524 NONET
### mux_ipin u_core/u_fabric/r8671 u_core/u_fabric/r5290 NONET
### mux_ipin u_core/u_fabric/r7029 u_core/u_fabric/r4280 NONET
### mux_ipin u_core/u_fabric/r7036 u_core/u_fabric/r3295 NONET
### mux_ipin u_core/u_fabric/r8995 u_core/u_fabric/r1953 NONET
### mux_ipin u_core/u_fabric/r6063 u_core/u_fabric/r1127 NONET
### mux_ipin u_core/u_fabric/r6743 u_core/u_fabric/r2793 NONET
### mux_ipin u_core/u_fabric/r7914 u_core/u_fabric/r5074 NONET
### mux_ipin u_core/u_fabric/r7858 u_core/u_fabric/r1705 NONET
### mux_ipin u_core/u_fabric/r9241 u_core/u_fabric/r2919 NONET
### mux_ipin u_core/u_fabric/r9209 u_core/u_fabric/r1218 NONET
### mux_ipin u_core/u_fabric/r9000 u_core/u_fabric/r2830 NONET
### mux_ipin u_core/u_fabric/r6835 u_core/u_fabric/r3057 NONET
### mux_ipin u_core/u_fabric/r6838 u_core/u_fabric/r325 NONET
### mux_ipin u_core/u_fabric/r6534 u_core/u_fabric/r1779 NONET
### mux_ipin u_core/u_fabric/r8845 u_core/u_fabric/r960 NONET
### mux_ipin u_core/u_fabric/r8906 u_core/u_fabric/r3891 NONET
### mux_ipin u_core/u_fabric/r7855 u_core/u_fabric/r2581 NONET
### mux_ipin u_core/u_fabric/r8587 u_core/u_fabric/r454 NONET
### mux_ipin u_core/u_fabric/r6505 u_core/u_fabric/r2224 NONET
### mux_ipin u_core/u_fabric/r8330 u_core/u_fabric/r424 NONET
### mux_ipin u_core/u_fabric/r9386 u_core/u_fabric/r4137 NONET
### mux_ipin u_core/u_fabric/r8497 u_core/u_fabric/r2700 NONET
### mux_ipin u_core/u_fabric/r5958 u_core/u_fabric/r129 NONET
### mux_ipin u_core/u_fabric/r6238 u_core/u_fabric/r1204 NONET
### mux_ipin u_core/u_fabric/r6970 u_core/u_fabric/r3050 NONET
### mux_ipin u_core/u_fabric/r8644 u_core/u_fabric/r4413 NONET
### mux_ipin u_core/u_fabric/r8564 u_core/u_fabric/r5683 NONET
### mux_ipin u_core/u_fabric/r9100 u_core/u_fabric/r1175 NONET
### mux_ipin u_core/u_fabric/r8537 u_core/u_fabric/r4318 NONET
### mux_ipin u_core/u_fabric/r8704 u_core/u_fabric/r948 NONET
### mux_ipin u_core/u_fabric/r9228 u_core/u_fabric/r2478 NONET
### mux_ipin u_core/u_fabric/r6890 u_core/u_fabric/r4015 NONET
### mux_ipin u_core/u_fabric/r7227 u_core/u_fabric/r4314 NONET
### mux_ipin u_core/u_fabric/r8203 u_core/u_fabric/r1792 NONET
### mux_ipin u_core/u_fabric/r8793 u_core/u_fabric/r3923 NONET
### mux_ipin u_core/u_fabric/r8991 u_core/u_fabric/r1954 NONET
### mux_ipin u_core/u_fabric/r8296 u_core/u_fabric/r3236 NONET
### mux_ipin u_core/u_fabric/r8610 u_core/u_fabric/r1433 NONET
### mux_ipin u_core/u_fabric/r6407 u_core/u_fabric/r1598 NONET
### mux_ipin u_core/u_fabric/r9156 u_core/u_fabric/r5366 NONET
### mux_ipin u_core/u_fabric/r9246 u_core/u_fabric/r2096 NONET
### mux_ipin u_core/u_fabric/r7992 u_core/u_fabric/r1752 NONET
### mux_ipin u_core/u_fabric/r6187 u_core/u_fabric/r451 NONET
### mux_ipin u_core/u_fabric/r8455 u_core/u_fabric/r466 NONET
### mux_ipin u_core/u_fabric/r8635 u_core/u_fabric/r4362 NONET
### mux_ipin u_core/u_fabric/r7316 u_core/u_fabric/r5068 NONET
### mux_ipin u_core/u_fabric/r8046 u_core/u_fabric/r5501 NONET
### mux_ipin u_core/u_fabric/r8291 u_core/u_fabric/r3225 NONET
### mux_ipin u_core/u_fabric/r6950 u_core/u_fabric/r4141 NONET
### mux_ipin u_core/u_fabric/r6721 u_core/u_fabric/r2303 NONET
### mux_ipin u_core/u_fabric/r8990 u_core/u_fabric/r2831 NONET
### mux_xbar u_core/u_fabric/r4090 u_core/u_fabric/u_clb_x11y6/x0[4] NONET
### mux_xbar u_core/u_fabric/r4323 u_core/u_fabric/u_clb_x5y7/x1[4] NONET
### mux_xbar u_core/u_fabric/r5199 u_core/u_fabric/u_clb_x5y9/x3[1] NONET
### mux_xbar u_core/u_fabric/r504 u_core/u_fabric/u_clb_x7y1/x2[3] NONET
### mux_xbar u_core/u_fabric/r1638 u_core/u_fabric/u_clb_x12y2/x0[4] NONET
### mux_xbar u_core/u_fabric/r2267 u_core/u_fabric/u_clb_x5y4/x3[0] NONET
### mux_xbar u_core/u_fabric/r4792 u_core/u_fabric/u_clb_x6y8/x1[1] NONET
### mux_xbar u_core/u_fabric/r5186 u_core/u_fabric/u_clb_x5y9/x2[3] NONET
### mux_xbar u_core/u_fabric/r5097 u_core/u_fabric/u_clb_x2y9/x0[4] NONET
### mux_xbar u_core/u_fabric/r5587 u_core/u_fabric/u_clb_x4y10/x2[5] NONET
### mux_xbar u_core/u_fabric/r4327 u_core/u_fabric/u_clb_x5y7/x1[0] NONET
### mux_xbar u_core/u_fabric/r2136 u_core/u_fabric/u_clb_x1y4/x2[4] NONET
### mux_xbar u_core/u_fabric/r2579 u_core/u_fabric/u_clb_x1y5/x1[5] NONET
### mux_xbar u_core/u_fabric/r4582 u_core/u_fabric/u_clb_x12y7/x1[2] NONET
### mux_xbar u_core/u_fabric/r5228 u_core/u_fabric/u_clb_x6y9/x0[4] NONET
### mux_xbar u_core/u_fabric/r1961 u_core/u_fabric/u_clb_x9y3/x1[3] NONET
### mux_xbar u_core/u_fabric/r2755 u_core/u_fabric/u_clb_x6y5/x2[3] NONET
### mux_xbar u_core/u_fabric/r4303 u_core/u_fabric/u_clb_x5y7/x3[2] NONET
### mux_xbar u_core/u_fabric/r2785 u_core/u_fabric/u_clb_x7y5/x1[5] NONET
### mux_xbar u_core/u_fabric/r1647 u_core/u_fabric/u_clb_x12y2/x2[2] NONET
### mux_xbar u_core/u_fabric/r3428 u_core/u_fabric/u_clb_x7y6/x0[0] NONET
### mux_xbar u_core/u_fabric/r5452 u_core/u_fabric/u_clb_x12y9/x3[2] NONET
### mux_xbar u_core/u_fabric/r2087 u_core/u_fabric/u_clb_x12y3/x2[0] NONET
### mux_xbar u_core/u_fabric/r5851 u_core/u_fabric/u_clb_x11y10/x2[2] NONET
### mux_xbar u_core/u_fabric/r4582 u_core/u_fabric/u_clb_x12y7/x1[4] NONET
### mux_xbar u_core/u_fabric/r2435 u_core/u_fabric/u_clb_x10y4/x2[0] NONET
### mux_xbar u_core/u_fabric/r5101 u_core/u_fabric/u_clb_x2y9/x1[5] NONET
### mux_xbar u_core/u_fabric/r1921 u_core/u_fabric/u_clb_x7y3/x1[1] NONET
### mux_xbar u_core/u_fabric/r2084 u_core/u_fabric/u_clb_x12y3/x1[4] NONET
### mux_xbar u_core/u_fabric/r4575 u_core/u_fabric/u_clb_x12y7/x1[3] NONET
### mux_xbar u_core/u_fabric/r5069 u_core/u_fabric/u_clb_x1y9/x1[3] NONET
### mux_xbar u_core/u_fabric/r2007 u_core/u_fabric/u_clb_x10y3/x3[0] NONET
### mux_xbar u_core/u_fabric/r5762 u_core/u_fabric/u_clb_x9y10/x0[0] NONET
### mux_xbar u_core/u_fabric/r4840 u_core/u_fabric/u_clb_x7y8/x0[4] NONET
### mux_xbar u_core/u_fabric/r407 u_core/u_fabric/u_clb_x5y1/x1[5] NONET
### mux_xbar u_core/u_fabric/r5757 u_core/u_fabric/u_clb_x9y10/x3[3] NONET
### mux_xbar u_core/u_fabric/r5842 u_core/u_fabric/u_clb_x11y10/x3[1] NONET
### mux_xbar u_core/u_fabric/r4631 u_core/u_fabric/u_clb_x1y8/x3[1] NONET
### mux_xbar u_core/u_fabric/r2782 u_core/u_fabric/u_clb_x7y5/x3[1] NONET
### mux_xbar u_core/u_fabric/r2387 u_core/u_fabric/u_clb_x9y4/x0[0] NONET
### mux_xbar u_core/u_fabric/r2945 u_core/u_fabric/u_clb_x12y5/x0[3] NONET
### mux_xbar u_core/u_fabric/r5324 u_core/u_fabric/u_clb_x9y9/x2[3] NONET
### mux_xbar u_core/u_fabric/r2031 u_core/u_fabric/u_clb_x11y3/x1[0] NONET
### mux_xbar u_core/u_fabric/r5455 u_core/u_fabric/u_clb_x12y9/x1[2] NONET
### mux_xbar u_core/u_fabric/r2141 u_core/u_fabric/u_clb_x1y4/x2[2] NONET
### mux_xbar u_core/u_fabric/r1739 u_core/u_fabric/u_clb_x2y3/x2[2] NONET
### mux_xbar u_core/u_fabric/r1154 u_core/u_fabric/u_clb_x11y1/x1[0] NONET
### mux_xbar u_core/u_fabric/r4658 u_core/u_fabric/u_clb_x2y8/x0[5] NONET
### mux_xbar u_core/u_fabric/r5198 u_core/u_fabric/u_clb_x5y9/x1[1] NONET
### mux_xbar u_core/u_fabric/r1595 u_core/u_fabric/u_clb_x11y2/x3[2] NONET
### mux_xbar u_core/u_fabric/r5876 u_core/u_fabric/u_clb_x12y10/x0[2] NONET
### mux_xbar u_core/u_fabric/r4400 u_core/u_fabric/u_clb_x7y7/x3[3] NONET
### mux_xbar u_core/u_fabric/r3003 u_core/u_fabric/u_clb_x1y6/x1[5] NONET
### mux_xbar u_core/u_fabric/r4450 u_core/u_fabric/u_clb_x9y7/x0[3] NONET
### mux_xbar u_core/u_fabric/r5151 u_core/u_fabric/u_clb_x4y9/x3[2] NONET
### mux_xbar u_core/u_fabric/r1518 u_core/u_fabric/u_clb_x9y2/x3[2] NONET
### mux_xbar u_core/u_fabric/r4530 u_core/u_fabric/u_clb_x11y7/x3[5] NONET
### mux_xbar u_core/u_fabric/r2079 u_core/u_fabric/u_clb_x12y3/x3[1] NONET
### mux_xbar u_core/u_fabric/r3295 u_core/u_fabric/u_clb_x4y6/x1[0] NONET
### mux_xbar u_core/u_fabric/r4148 u_core/u_fabric/u_clb_x12y6/x3[3] NONET
### mux_xbar u_core/u_fabric/r1609 u_core/u_fabric/u_clb_x11y2/x1[5] NONET
### mux_xbar u_core/u_fabric/r1472 u_core/u_fabric/u_clb_x7y2/x3[0] NONET
### mux_xbar u_core/u_fabric/r5413 u_core/u_fabric/u_clb_x11y9/x2[1] NONET
### mux_xbar u_core/u_fabric/r1462 u_core/u_fabric/u_clb_x7y2/x2[5] NONET
### mux_xbar u_core/u_fabric/r5105 u_core/u_fabric/u_clb_x2y9/x1[4] NONET
### mux_xbar u_core/u_fabric/r3005 u_core/u_fabric/u_clb_x1y6/x0[3] NONET
### mux_xbar u_core/u_fabric/r2601 u_core/u_fabric/u_clb_x2y5/x0[2] NONET
### mux_xbar u_core/u_fabric/r2358 u_core/u_fabric/u_clb_x7y4/x0[5] NONET
### mux_xbar u_core/u_fabric/r5285 u_core/u_fabric/u_clb_x7y9/x1[5] NONET
### mux_xbar u_core/u_fabric/r2781 u_core/u_fabric/u_clb_x7y5/x2[2] NONET
### mux_xbar u_core/u_fabric/r2001 u_core/u_fabric/u_clb_x10y3/x1[2] NONET
### mux_xbar u_core/u_fabric/r1381 u_core/u_fabric/u_clb_x5y2/x0[4] NONET
### mux_xbar u_core/u_fabric/r5094 u_core/u_fabric/u_clb_x2y9/x2[5] NONET
### mux_xbar u_core/u_fabric/r1811 u_core/u_fabric/u_clb_x5y3/x1[5] NONET
### mux_xbar u_core/u_fabric/r5118 u_core/u_fabric/u_clb_x2y9/x2[5] NONET
### mux_xbar u_core/u_fabric/r4931 u_core/u_fabric/u_clb_x10y8/x2[0] NONET
### mux_xbar u_core/u_fabric/r2308 u_core/u_fabric/u_clb_x6y4/x3[0] NONET
### mux_xbar u_core/u_fabric/r1115 u_core/u_fabric/u_clb_x10y1/x3[0] NONET
### mux_xbar u_core/u_fabric/r1343 u_core/u_fabric/u_clb_x4y2/x0[2] NONET
### mux_xbar u_core/u_fabric/r1907 u_core/u_fabric/u_clb_x7y3/x3[3] NONET
### mux_xbar u_core/u_fabric/r2776 u_core/u_fabric/u_clb_x7y5/x0[4] NONET
### mux_xbar u_core/u_fabric/r2392 u_core/u_fabric/u_clb_x9y4/x2[1] NONET
### mux_xbar u_core/u_fabric/r4006 u_core/u_fabric/u_clb_x9y6/x0[0] NONET
### mux_xbar u_core/u_fabric/r1313 u_core/u_fabric/u_clb_x2y2/x1[2] NONET
### mux_xbar u_core/u_fabric/r1751 u_core/u_fabric/u_clb_x2y3/x0[5] NONET
### mux_xbar u_core/u_fabric/r504 u_core/u_fabric/u_clb_x7y1/x0[2] NONET
### mux_xbar u_core/u_fabric/r1067 u_core/u_fabric/u_clb_x9y1/x1[1] NONET
### mux_xbar u_core/u_fabric/r5584 u_core/u_fabric/u_clb_x4y10/x0[2] NONET
### mux_xbar u_core/u_fabric/r4495 u_core/u_fabric/u_clb_x10y7/x3[5] NONET
### mux_xbar u_core/u_fabric/r368 u_core/u_fabric/u_clb_x4y1/x2[3] NONET
### mux_xbar u_core/u_fabric/r5281 u_core/u_fabric/u_clb_x7y9/x2[2] NONET
### mux_xbar u_core/u_fabric/r1863 u_core/u_fabric/u_clb_x6y3/x2[3] NONET
### mux_xbar u_core/u_fabric/r4936 u_core/u_fabric/u_clb_x10y8/x2[5] NONET
### mux_xbar u_core/u_fabric/r417 u_core/u_fabric/u_clb_x5y1/x3[4] NONET
### mux_xbar u_core/u_fabric/r3999 u_core/u_fabric/u_clb_x9y6/x1[0] NONET
### mux_xbar u_core/u_fabric/r5055 u_core/u_fabric/u_clb_x1y9/x0[2] NONET
### mux_xbar u_core/u_fabric/r4181 u_core/u_fabric/u_clb_x1y7/x0[3] NONET
### mux_xbar u_core/u_fabric/r5580 u_core/u_fabric/u_clb_x4y10/x2[5] NONET
### mux_xbar u_core/u_fabric/r5160 u_core/u_fabric/u_clb_x4y9/x1[2] NONET
### mux_xbar u_core/u_fabric/r4571 u_core/u_fabric/u_clb_x12y7/x3[0] NONET
### mux_xbar u_core/u_fabric/r3015 u_core/u_fabric/u_clb_x1y6/x1[1] NONET
### mux_xbar u_core/u_fabric/r2467 u_core/u_fabric/u_clb_x11y4/x3[5] NONET
### mux_xbar u_core/u_fabric/r4833 u_core/u_fabric/u_clb_x7y8/x1[4] NONET
### mux_xbar u_core/u_fabric/r5728 u_core/u_fabric/u_clb_x7y10/x1[1] NONET
### mux_xbar u_core/u_fabric/r2170 u_core/u_fabric/u_clb_x2y4/x0[5] NONET
### mux_xbar u_core/u_fabric/r1383 u_core/u_fabric/u_clb_x5y2/x1[4] NONET
### mux_xbar u_core/u_fabric/r4575 u_core/u_fabric/u_clb_x12y7/x3[0] NONET
### mux_xbar u_core/u_fabric/r4965 u_core/u_fabric/u_clb_x11y8/x3[1] NONET
### mux_xbar u_core/u_fabric/r1645 u_core/u_fabric/u_clb_x12y2/x2[3] NONET
### mux_xbar u_core/u_fabric/r1245 u_core/u_fabric/u_clb_x1y2/x3[2] NONET
### mux_xbar u_core/u_fabric/r1903 u_core/u_fabric/u_clb_x7y3/x1[0] NONET
### mux_xbar u_core/u_fabric/r1963 u_core/u_fabric/u_clb_x9y3/x2[0] NONET
### mux_xbar u_core/u_fabric/r4013 u_core/u_fabric/u_clb_x9y6/x1[1] NONET
### mux_xbar u_core/u_fabric/r3047 u_core/u_fabric/u_clb_x2y6/x0[4] NONET
### mux_xbar u_core/u_fabric/r2668 u_core/u_fabric/u_clb_x4y5/x3[5] NONET
### mux_xbar u_core/u_fabric/r5283 u_core/u_fabric/u_clb_x7y9/x1[3] NONET
### mux_xbar u_core/u_fabric/r1641 u_core/u_fabric/u_clb_x12y2/x0[4] NONET
### mux_xbar u_core/u_fabric/r1959 u_core/u_fabric/u_clb_x9y3/x1[2] NONET
### mux_xbar u_core/u_fabric/r1959 u_core/u_fabric/u_clb_x9y3/x3[1] NONET
### mux_xbar u_core/u_fabric/r5621 u_core/u_fabric/u_clb_x5y10/x1[1] NONET
### mux_xbar u_core/u_fabric/r2219 u_core/u_fabric/u_clb_x4y4/x1[0] NONET
### mux_xbar u_core/u_fabric/r3288 u_core/u_fabric/u_clb_x4y6/x2[3] NONET
### mux_xbar u_core/u_fabric/r4279 u_core/u_fabric/u_clb_x4y7/x0[5] NONET
### mux_xbar u_core/u_fabric/r4404 u_core/u_fabric/u_clb_x7y7/x3[5] NONET
### mux_xbar u_core/u_fabric/r2753 u_core/u_fabric/u_clb_x6y5/x1[1] NONET
### mux_xbar u_core/u_fabric/r1870 u_core/u_fabric/u_clb_x6y3/x0[2] NONET
### mux_xbar u_core/u_fabric/r3050 u_core/u_fabric/u_clb_x2y6/x1[3] NONET
### mux_xbar u_core/u_fabric/r5099 u_core/u_fabric/u_clb_x2y9/x1[2] NONET
### mux_xbar u_core/u_fabric/r2074 u_core/u_fabric/u_clb_x12y3/x1[2] NONET
### mux_xbar u_core/u_fabric/r2444 u_core/u_fabric/u_clb_x10y4/x2[1] NONET
### mux_xbar u_core/u_fabric/r4002 u_core/u_fabric/u_clb_x9y6/x1[5] NONET
### mux_xbar u_core/u_fabric/r4479 u_core/u_fabric/u_clb_x10y7/x2[0] NONET
### mux_xbar u_core/u_fabric/r1355 u_core/u_fabric/u_clb_x4y2/x2[2] NONET
### mux_xbar u_core/u_fabric/r1879 u_core/u_fabric/u_clb_x6y3/x1[1] NONET
### mux_xbar u_core/u_fabric/r1160 u_core/u_fabric/u_clb_x11y1/x3[5] NONET
### mux_xbar u_core/u_fabric/r488 u_core/u_fabric/u_clb_x7y1/x1[0] NONET
### mux_xbar u_core/u_fabric/r130 u_core/u_fabric/u_clb_x2y1/x3[0] NONET
### mux_xbar u_core/u_fabric/r5493 u_core/u_fabric/u_clb_x1y10/x2[5] NONET
### mux_xbar u_core/u_fabric/r73 u_core/u_fabric/u_clb_x1y1/x2[2] NONET
### mux_xbar u_core/u_fabric/r5809 u_core/u_fabric/u_clb_x10y10/x2[1] NONET
### mux_xbar u_core/u_fabric/r3391 u_core/u_fabric/u_clb_x6y6/x2[3] NONET
### mux_xbar u_core/u_fabric/r2394 u_core/u_fabric/u_clb_x9y4/x1[2] NONET
### mux_xbar u_core/u_fabric/r2694 u_core/u_fabric/u_clb_x5y5/x2[2] NONET
### mux_xbar u_core/u_fabric/r5770 u_core/u_fabric/u_clb_x9y10/x1[5] NONET
### mux_xbar u_core/u_fabric/r4444 u_core/u_fabric/u_clb_x9y7/x0[0] NONET
### mux_xbar u_core/u_fabric/r2213 u_core/u_fabric/u_clb_x4y4/x2[4] NONET
### mux_xbar u_core/u_fabric/r1788 u_core/u_fabric/u_clb_x4y3/x1[0] NONET
### mux_xbar u_core/u_fabric/r2774 u_core/u_fabric/u_clb_x7y5/x2[0] NONET
### mux_xbar u_core/u_fabric/r1591 u_core/u_fabric/u_clb_x11y2/x0[5] NONET
### mux_xbar u_core/u_fabric/r5624 u_core/u_fabric/u_clb_x5y10/x3[0] NONET
### mux_xbar u_core/u_fabric/r5318 u_core/u_fabric/u_clb_x9y9/x1[1] NONET
### mux_xbar u_core/u_fabric/r4745 u_core/u_fabric/u_clb_x5y8/x2[0] NONET
### mux_xbar u_core/u_fabric/r1566 u_core/u_fabric/u_clb_x10y2/x1[1] NONET
### mux_xbar u_core/u_fabric/r5489 u_core/u_fabric/u_clb_x1y10/x1[1] NONET
### mux_xbar u_core/u_fabric/r402 u_core/u_fabric/u_clb_x5y1/x1[5] NONET
### mux_xbar u_core/u_fabric/r113 u_core/u_fabric/u_clb_x2y1/x2[5] NONET
### mux_xbar u_core/u_fabric/r2743 u_core/u_fabric/u_clb_x6y5/x0[1] NONET
### mux_xbar u_core/u_fabric/r1513 u_core/u_fabric/u_clb_x9y2/x2[0] NONET
### mux_xbar u_core/u_fabric/r5885 u_core/u_fabric/u_clb_x12y10/x2[4] NONET
### mux_xbar u_core/u_fabric/r4837 u_core/u_fabric/u_clb_x7y8/x2[3] NONET
### mux_xbar u_core/u_fabric/r4240 u_core/u_fabric/u_clb_x2y7/x2[5] NONET
### mux_xbar u_core/u_fabric/r1090 u_core/u_fabric/u_clb_x9y1/x1[5] NONET
### mux_xbar u_core/u_fabric/r4355 u_core/u_fabric/u_clb_x6y7/x1[0] NONET
### mux_xbar u_core/u_fabric/r2695 u_core/u_fabric/u_clb_x5y5/x0[4] NONET
### mux_xbar u_core/u_fabric/r2050 u_core/u_fabric/u_clb_x11y3/x3[4] NONET
### mux_xbar u_core/u_fabric/r1441 u_core/u_fabric/u_clb_x6y2/x3[0] NONET
### mux_xbar u_core/u_fabric/r1197 u_core/u_fabric/u_clb_x12y1/x0[1] NONET
### mux_xbar u_core/u_fabric/r3310 u_core/u_fabric/u_clb_x4y6/x2[3] NONET
### mux_xbar u_core/u_fabric/r4805 u_core/u_fabric/u_clb_x6y8/x0[4] NONET
### mux_xbar u_core/u_fabric/r5721 u_core/u_fabric/u_clb_x7y10/x2[1] NONET
### mux_xbar u_core/u_fabric/r2317 u_core/u_fabric/u_clb_x6y4/x2[0] NONET
### mux_xbar u_core/u_fabric/r113 u_core/u_fabric/u_clb_x2y1/x2[3] NONET
### mux_xbar u_core/u_fabric/r463 u_core/u_fabric/u_clb_x6y1/x0[0] NONET
### mux_xbar u_core/u_fabric/r4231 u_core/u_fabric/u_clb_x2y7/x0[2] NONET
### mux_xbar u_core/u_fabric/r1068 u_core/u_fabric/u_clb_x9y1/x3[4] NONET
### mux_xbar u_core/u_fabric/r4132 u_core/u_fabric/u_clb_x12y6/x2[5] NONET
### mux_xbar u_core/u_fabric/r5715 u_core/u_fabric/u_clb_x7y10/x2[3] NONET
### mux_xbar u_core/u_fabric/r1417 u_core/u_fabric/u_clb_x6y2/x2[4] NONET
### mux_xbar u_core/u_fabric/r464 u_core/u_fabric/u_clb_x6y1/x3[2] NONET
### mux_xbar u_core/u_fabric/r2178 u_core/u_fabric/u_clb_x2y4/x0[3] NONET
### mux_xbar u_core/u_fabric/r5397 u_core/u_fabric/u_clb_x11y9/x3[2] NONET
### mux_xbar u_core/u_fabric/r1391 u_core/u_fabric/u_clb_x5y2/x1[2] NONET
### mux_xbar u_core/u_fabric/r2945 u_core/u_fabric/u_clb_x12y5/x0[5] NONET
### mux_xbar u_core/u_fabric/r1259 u_core/u_fabric/u_clb_x1y2/x1[2] NONET
### mux_xbar u_core/u_fabric/r1729 u_core/u_fabric/u_clb_x2y3/x2[3] NONET
### mux_xbar u_core/u_fabric/r408 u_core/u_fabric/u_clb_x5y1/x0[3] NONET
### mux_xbar u_core/u_fabric/r4004 u_core/u_fabric/u_clb_x9y6/x3[2] NONET
### mux_xbar u_core/u_fabric/r4721 u_core/u_fabric/u_clb_x4y8/x2[0] NONET
### mux_xbar u_core/u_fabric/r1439 u_core/u_fabric/u_clb_x6y2/x3[1] NONET
### mux_xbar u_core/u_fabric/r5229 u_core/u_fabric/u_clb_x6y9/x2[5] NONET
### mux_xbar u_core/u_fabric/r2166 u_core/u_fabric/u_clb_x2y4/x3[0] NONET
### mux_xbar u_core/u_fabric/r4965 u_core/u_fabric/u_clb_x11y8/x0[3] NONET
### mux_xbar u_core/u_fabric/r5582 u_core/u_fabric/u_clb_x4y10/x3[5] NONET
### mux_xbar u_core/u_fabric/r5762 u_core/u_fabric/u_clb_x9y10/x0[5] NONET
### mux_xbar u_core/u_fabric/r1728 u_core/u_fabric/u_clb_x2y3/x3[2] NONET
### mux_xbar u_core/u_fabric/r4839 u_core/u_fabric/u_clb_x7y8/x1[4] NONET
### mux_xbar u_core/u_fabric/r2996 u_core/u_fabric/u_clb_x1y6/x3[4] NONET
### mux_xbar u_core/u_fabric/r2734 u_core/u_fabric/u_clb_x6y5/x1[2] NONET
### mux_xbar u_core/u_fabric/r2421 u_core/u_fabric/u_clb_x10y4/x2[0] NONET
### mux_xbar u_core/u_fabric/r4661 u_core/u_fabric/u_clb_x2y8/x3[1] NONET
### ffq u_core/u_fabric/u_clb_x6y4/u_e1/q_reg u_core/u_fabric/r2299 NONET
### ffd u_core/u_fabric/u_clb_x6y4/x1[0] u_core/u_fabric/u_clb_x6y4/u_e1/q_reg NONET
### ffq u_core/u_fabric/u_clb_x5y4/u_e1/q_reg u_core/u_fabric/r2256 NONET
### ffd u_core/u_fabric/u_clb_x5y4/x1[0] u_core/u_fabric/u_clb_x5y4/u_e1/q_reg NONET
### ffq u_core/u_fabric/u_clb_x4y9/u_e0/q_reg u_core/u_fabric/r5139 NONET
### ffd u_core/u_fabric/u_clb_x4y9/x0[0] u_core/u_fabric/u_clb_x4y9/u_e0/q_reg NONET
### ffq u_core/u_fabric/u_clb_x2y9/u_e1/q_reg u_core/u_fabric/r5100 NONET
### ffd u_core/u_fabric/u_clb_x2y9/x1[0] u_core/u_fabric/u_clb_x2y9/u_e1/q_reg NONET
### ffq u_core/u_fabric/u_clb_x2y4/u_e0/q_reg u_core/u_fabric/r2166 NONET
### ffd u_core/u_fabric/u_clb_x2y4/x0[0] u_core/u_fabric/u_clb_x2y4/u_e0/q_reg NONET
### ffq u_core/u_fabric/u_clb_x2y4/u_e1/q_reg u_core/u_fabric/r2170 NONET
### ffd u_core/u_fabric/u_clb_x2y4/x1[0] u_core/u_fabric/u_clb_x2y4/u_e1/q_reg NONET
### ffq u_core/u_fabric/u_clb_x10y1/u_e2/q_reg u_core/u_fabric/r1111 NONET
### ffd u_core/u_fabric/u_clb_x10y1/x2[0] u_core/u_fabric/u_clb_x10y1/u_e2/q_reg NONET
### ffq u_core/u_fabric/u_clb_x7y8/u_e1/q_reg u_core/u_fabric/r4834 NONET
### ffd u_core/u_fabric/u_clb_x7y8/x1[0] u_core/u_fabric/u_clb_x7y8/u_e1/q_reg NONET
### ffq u_core/u_fabric/u_clb_x7y8/u_e2/q_reg u_core/u_fabric/r4831 NONET
### ffd u_core/u_fabric/u_clb_x7y8/x2[0] u_core/u_fabric/u_clb_x7y8/u_e2/q_reg NONET
### ffq u_core/u_fabric/u_clb_x4y3/u_e1/q_reg u_core/u_fabric/r1775 NONET
### ffd u_core/u_fabric/u_clb_x4y3/x1[0] u_core/u_fabric/u_clb_x4y3/u_e1/q_reg NONET
### ffq u_core/u_fabric/u_clb_x6y5/u_e3/q_reg u_core/u_fabric/r2738 NONET
### ffd u_core/u_fabric/u_clb_x6y5/x3[0] u_core/u_fabric/u_clb_x6y5/u_e3/q_reg NONET
### ffq u_core/u_fabric/u_clb_x6y6/u_e3/q_reg u_core/u_fabric/r3378 NONET
### ffd u_core/u_fabric/u_clb_x6y6/x3[0] u_core/u_fabric/u_clb_x6y6/u_e3/q_reg NONET
### ffq u_core/u_fabric/u_clb_x10y8/u_e1/q_reg u_core/u_fabric/r4920 NONET
### ffd u_core/u_fabric/u_clb_x10y8/x1[0] u_core/u_fabric/u_clb_x10y8/u_e1/q_reg NONET
### ffq u_core/u_fabric/u_clb_x12y9/u_e1/q_reg u_core/u_fabric/r5444 NONET
### ffd u_core/u_fabric/u_clb_x12y9/x1[0] u_core/u_fabric/u_clb_x12y9/u_e1/q_reg NONET
### ffq u_core/u_fabric/u_clb_x2y8/u_e2/q_reg u_core/u_fabric/r4659 NONET
### ffd u_core/u_fabric/u_clb_x2y8/x2[0] u_core/u_fabric/u_clb_x2y8/u_e2/q_reg NONET
### ffq u_core/u_fabric/u_clb_x2y9/u_e2/q_reg u_core/u_fabric/r5097 NONET
### ffd u_core/u_fabric/u_clb_x2y9/x2[0] u_core/u_fabric/u_clb_x2y9/u_e2/q_reg NONET
### ffq u_core/u_fabric/u_clb_x9y7/u_e3/q_reg u_core/u_fabric/r4440 NONET
### ffd u_core/u_fabric/u_clb_x9y7/x3[0] u_core/u_fabric/u_clb_x9y7/u_e3/q_reg NONET
### ffq u_core/u_fabric/u_clb_x10y1/u_e3/q_reg u_core/u_fabric/r1115 NONET
### ffd u_core/u_fabric/u_clb_x10y1/x3[0] u_core/u_fabric/u_clb_x10y1/u_e3/q_reg NONET
### ffq u_core/u_fabric/u_clb_x7y5/u_e0/q_reg u_core/u_fabric/r2776 NONET
### ffd u_core/u_fabric/u_clb_x7y5/x0[0] u_core/u_fabric/u_clb_x7y5/u_e0/q_reg NONET
### ffq u_core/u_fabric/u_clb_x1y8/u_e0/q_reg u_core/u_fabric/r4615 NONET
### ffd u_core/u_fabric/u_clb_x1y8/x0[0] u_core/u_fabric/u_clb_x1y8/u_e0/q_reg NONET
### ffq u_core/u_fabric/u_clb_x4y6/u_e3/q_reg u_core/u_fabric/r3292 NONET
### ffd u_core/u_fabric/u_clb_x4y6/x3[0] u_core/u_fabric/u_clb_x4y6/u_e3/q_reg NONET
### ffq u_core/u_fabric/u_clb_x11y7/u_e3/q_reg u_core/u_fabric/r4526 NONET
### ffd u_core/u_fabric/u_clb_x11y7/x3[0] u_core/u_fabric/u_clb_x11y7/u_e3/q_reg NONET
### ffq u_core/u_fabric/u_clb_x7y3/u_e2/q_reg u_core/u_fabric/r1901 NONET
### ffd u_core/u_fabric/u_clb_x7y3/x2[0] u_core/u_fabric/u_clb_x7y3/u_e2/q_reg NONET
### ffq u_core/u_fabric/u_clb_x2y10/u_e0/q_reg u_core/u_fabric/r5534 NONET
### ffd u_core/u_fabric/u_clb_x2y10/x0[0] u_core/u_fabric/u_clb_x2y10/u_e0/q_reg NONET
### ffq u_core/u_fabric/u_clb_x11y7/u_e2/q_reg u_core/u_fabric/r4522 NONET
### ffd u_core/u_fabric/u_clb_x11y7/x2[0] u_core/u_fabric/u_clb_x11y7/u_e2/q_reg NONET
### ffq u_core/u_fabric/u_clb_x6y6/u_e1/q_reg u_core/u_fabric/r3377 NONET
### ffd u_core/u_fabric/u_clb_x6y6/x1[0] u_core/u_fabric/u_clb_x6y6/u_e1/q_reg NONET
### ffq u_core/u_fabric/u_clb_x6y9/u_e3/q_reg u_core/u_fabric/r5230 NONET
### ffd u_core/u_fabric/u_clb_x6y9/x3[0] u_core/u_fabric/u_clb_x6y9/u_e3/q_reg NONET
### ffq u_core/u_fabric/u_clb_x11y1/u_e3/q_reg u_core/u_fabric/r1158 NONET
### ffd u_core/u_fabric/u_clb_x11y1/x3[0] u_core/u_fabric/u_clb_x11y1/u_e3/q_reg NONET
### ffq u_core/u_fabric/u_clb_x2y10/u_e1/q_reg u_core/u_fabric/r5538 NONET
### ffd u_core/u_fabric/u_clb_x2y10/x1[0] u_core/u_fabric/u_clb_x2y10/u_e1/q_reg NONET
### ffq u_core/u_fabric/u_clb_x6y4/u_e0/q_reg u_core/u_fabric/r2295 NONET
### ffd u_core/u_fabric/u_clb_x6y4/x0[0] u_core/u_fabric/u_clb_x6y4/u_e0/q_reg NONET
### ffq u_core/u_fabric/u_clb_x7y10/u_e0/q_reg u_core/u_fabric/r5706 NONET
### ffd u_core/u_fabric/u_clb_x7y10/x0[0] u_core/u_fabric/u_clb_x7y10/u_e0/q_reg NONET
### ffq u_core/u_fabric/u_clb_x11y8/u_e0/q_reg u_core/u_fabric/r4959 NONET
### ffd u_core/u_fabric/u_clb_x11y8/x0[0] u_core/u_fabric/u_clb_x11y8/u_e0/q_reg NONET
### ffq u_core/u_fabric/u_clb_x4y10/u_e1/q_reg u_core/u_fabric/r5581 NONET
### ffd u_core/u_fabric/u_clb_x4y10/x1[0] u_core/u_fabric/u_clb_x4y10/u_e1/q_reg NONET
### ffq u_core/u_fabric/u_clb_x9y10/u_e1/q_reg u_core/u_fabric/r5753 NONET
### ffd u_core/u_fabric/u_clb_x9y10/x1[0] u_core/u_fabric/u_clb_x9y10/u_e1/q_reg NONET
### ffq u_core/u_fabric/u_clb_x12y1/u_e1/q_reg u_core/u_fabric/r1200 NONET
### ffd u_core/u_fabric/u_clb_x12y1/x1[0] u_core/u_fabric/u_clb_x12y1/u_e1/q_reg NONET
### ffq u_core/u_fabric/u_clb_x4y4/u_e0/q_reg u_core/u_fabric/r2209 NONET
### ffd u_core/u_fabric/u_clb_x4y4/x0[0] u_core/u_fabric/u_clb_x4y4/u_e0/q_reg NONET
### ffq u_core/u_fabric/u_clb_x4y3/u_e2/q_reg u_core/u_fabric/r1772 NONET
### ffd u_core/u_fabric/u_clb_x4y3/x2[0] u_core/u_fabric/u_clb_x4y3/u_e2/q_reg NONET
### ffq u_core/u_fabric/u_clb_x4y2/u_e1/q_reg u_core/u_fabric/r1337 NONET
### ffd u_core/u_fabric/u_clb_x4y2/x1[0] u_core/u_fabric/u_clb_x4y2/u_e1/q_reg NONET
### ffq u_core/u_fabric/u_clb_x12y2/u_e1/q_reg u_core/u_fabric/r1638 NONET
### ffd u_core/u_fabric/u_clb_x12y2/x1[0] u_core/u_fabric/u_clb_x12y2/u_e1/q_reg NONET
### ffq u_core/u_fabric/u_clb_x9y3/u_e0/q_reg u_core/u_fabric/r1943 NONET
### ffd u_core/u_fabric/u_clb_x9y3/x0[0] u_core/u_fabric/u_clb_x9y3/u_e0/q_reg NONET
### ffq u_core/u_fabric/u_clb_x7y1/u_e2/q_reg u_core/u_fabric/r487 NONET
### ffd u_core/u_fabric/u_clb_x7y1/x2[0] u_core/u_fabric/u_clb_x7y1/u_e2/q_reg NONET
### ffq u_core/u_fabric/u_clb_x9y1/u_e3/q_reg u_core/u_fabric/r1072 NONET
### ffd u_core/u_fabric/u_clb_x9y1/x3[0] u_core/u_fabric/u_clb_x9y1/u_e3/q_reg NONET
### ffq u_core/u_fabric/u_clb_x2y2/u_e2/q_reg u_core/u_fabric/r1291 NONET
### ffd u_core/u_fabric/u_clb_x2y2/x2[0] u_core/u_fabric/u_clb_x2y2/u_e2/q_reg NONET
### ffq u_core/u_fabric/u_clb_x7y7/u_e2/q_reg u_core/u_fabric/r4393 NONET
### ffd u_core/u_fabric/u_clb_x7y7/x2[0] u_core/u_fabric/u_clb_x7y7/u_e2/q_reg NONET
### ffq u_core/u_fabric/u_clb_x1y7/u_e0/q_reg u_core/u_fabric/r4177 NONET
### ffd u_core/u_fabric/u_clb_x1y7/x0[0] u_core/u_fabric/u_clb_x1y7/u_e0/q_reg NONET
### ffq u_core/u_fabric/u_clb_x6y7/u_e0/q_reg u_core/u_fabric/r4349 NONET
### ffd u_core/u_fabric/u_clb_x6y7/x0[0] u_core/u_fabric/u_clb_x6y7/u_e0/q_reg NONET
### ffq u_core/u_fabric/u_clb_x10y5/u_e1/q_reg u_core/u_fabric/r2866 NONET
### ffd u_core/u_fabric/u_clb_x10y5/x1[0] u_core/u_fabric/u_clb_x10y5/u_e1/q_reg NONET
### ffq u_core/u_fabric/u_clb_x4y2/u_e2/q_reg u_core/u_fabric/r1334 NONET
### ffd u_core/u_fabric/u_clb_x4y2/x2[0] u_core/u_fabric/u_clb_x4y2/u_e2/q_reg NONET
### ffq u_core/u_fabric/u_clb_x1y5/u_e0/q_reg u_core/u_fabric/r2561 NONET
### ffd u_core/u_fabric/u_clb_x1y5/x0[0] u_core/u_fabric/u_clb_x1y5/u_e0/q_reg NONET
### ffq u_core/u_fabric/u_clb_x7y1/u_e0/q_reg u_core/u_fabric/r486 NONET
### ffd u_core/u_fabric/u_clb_x7y1/x0[0] u_core/u_fabric/u_clb_x7y1/u_e0/q_reg NONET
