Copyright 1986-2022 Xilinx, Inc. All Rights Reserved. Copyright 2022-2025 Advanced Micro Devices, Inc. All Rights Reserved.
---------------------------------------------------------------------------------------------------------------------------------------------
| Tool Version : Vivado v.2025.2 (win64) Build 6299465 Fri Nov 14 19:35:11 GMT 2025
| Date         : Fri Sep 25 07:42:45 2026
| Host         : SARAVANB423 running 64-bit major release  (build 9200)
| Command      : report_timing_summary -file E:/bob_full_v1/bob_vivado/out/M25/timing.rpt
| Design       : bob_top
| Device       : 7z020-clg400
| Speed File   : -1  PRODUCTION 1.12 2019-11-22
| Design State : Routed
---------------------------------------------------------------------------------------------------------------------------------------------

Timing Summary Report

------------------------------------------------------------------------------------------------
| Timer Settings
| --------------
------------------------------------------------------------------------------------------------

  Enable Multi Corner Analysis               :  Yes
  Enable Pessimism Removal                   :  Yes
  Pessimism Removal Resolution               :  Nearest Common Node
  Enable Input Delay Default Clock           :  No
  Enable Preset / Clear Arcs                 :  No
  Disable Flight Delays                      :  No
  Ignore I/O Paths                           :  No
  Timing Early Launch at Borrowing Latches   :  No
  Borrow Time for Max Delay Exceptions       :  Yes
  Merge Timing Exceptions                    :  Yes
  Inter-SLR Compensation                     :  Conservative

  Corner  Analyze    Analyze    
  Name    Max Paths  Min Paths  
  ------  ---------  ---------  
  Slow    Yes        Yes        
  Fast    Yes        Yes        


------------------------------------------------------------------------------------------------
| Report Methodology
| ------------------
------------------------------------------------------------------------------------------------

Rule       Severity  Description                                 Violations  
---------  --------  ------------------------------------------  ----------  
SYNTH-6    Warning   Timing of a RAM block might be sub-optimal  6           
TIMING-9   Warning   Unknown CDC Logic                           1           
TIMING-23  Warning   Combinational loop found                    1           
TIMING-46  Warning   Multicycle path with tied CE pins           59          

Note: This report is based on the most recent report_methodology run and may not be up-to-date. Run report_methodology on the current design for the latest report.



check_timing report

Table of Contents
-----------------
1. checking no_clock (0)
2. checking constant_clock (0)
3. checking pulse_width_clock (0)
4. checking unconstrained_internal_endpoints (0)
5. checking no_input_delay (6)
6. checking no_output_delay (4)
7. checking multiple_clock (0)
8. checking generated_clocks (0)
9. checking loops (15663)
10. checking partial_input_delay (0)
11. checking partial_output_delay (0)
12. checking latch_loops (0)

1. checking no_clock (0)
------------------------
 There are 0 register/latch pins with no clock.


2. checking constant_clock (0)
------------------------------
 There are 0 register/latch pins with constant_clock.


3. checking pulse_width_clock (0)
---------------------------------
 There are 0 register/latch pins which need pulse_width check


4. checking unconstrained_internal_endpoints (0)
------------------------------------------------
 There are 0 pins that are not constrained for maximum delay.

 There are 0 pins that are not constrained for maximum delay due to constant clock.


5. checking no_input_delay (6)
------------------------------
 There are 0 input ports with no input delay specified.

 There are 6 input ports with no input delay but user has a false path constraint. (MEDIUM)


6. checking no_output_delay (4)
-------------------------------
 There are 0 ports with no output delay specified.

 There are 4 ports with no output delay but user has a false path constraint (MEDIUM)

 There are 0 ports with no output delay but with a timing clock defined on it or propagating through it


7. checking multiple_clock (0)
------------------------------
 There are 0 register/latch pins with multiple clocks.


8. checking generated_clocks (0)
--------------------------------
 There are 0 generated clocks that are not connected to a clock source.


9. checking loops (15663)
-------------------------
 There are 15663 combinational loops in the design. (HIGH)


10. checking partial_input_delay (0)
------------------------------------
 There are 0 input ports with partial input delay specified.


11. checking partial_output_delay (0)
-------------------------------------
 There are 0 ports with partial output delay specified.


12. checking latch_loops (0)
----------------------------
 There are 0 combinational latch loops in the design through latch input



------------------------------------------------------------------------------------------------
| Design Timing Summary
| ---------------------
------------------------------------------------------------------------------------------------

    WNS(ns)      TNS(ns)  TNS Failing Endpoints  TNS Total Endpoints      WHS(ns)      THS(ns)  THS Failing Endpoints  THS Total Endpoints     WPWS(ns)     TPWS(ns)  TPWS Failing Endpoints  TPWS Total Endpoints  
    -------      -------  ---------------------  -------------------      -------      -------  ---------------------  -------------------     --------     --------  ----------------------  --------------------  
      0.732        0.000                      0               103007        0.008        0.000                      0               103007        3.500        0.000                       0                 40192  


All user specified timing constraints are met.


------------------------------------------------------------------------------------------------
| Clock Summary
| -------------
------------------------------------------------------------------------------------------------

Clock   Waveform(ns)         Period(ns)      Frequency(MHz)
-----   ------------         ----------      --------------
sysclk  {0.000 4.000}        8.000           125.000         
tck     {0.000 500.000}      1000.000        1.000           


------------------------------------------------------------------------------------------------
| Intra Clock Table
| -----------------
------------------------------------------------------------------------------------------------

Clock             WNS(ns)      TNS(ns)  TNS Failing Endpoints  TNS Total Endpoints      WHS(ns)      THS(ns)  THS Failing Endpoints  THS Total Endpoints     WPWS(ns)     TPWS(ns)  TPWS Failing Endpoints  TPWS Total Endpoints  
-----             -------      -------  ---------------------  -------------------      -------      -------  ---------------------  -------------------     --------     --------  ----------------------  --------------------  
sysclk              0.732        0.000                      0                 3360        0.057        0.000                      0                 3360        3.500        0.000                       0                  1933  
tck               489.342        0.000                      0                99647        0.008        0.000                      0                99647      499.020        0.000                       0                 38259  


------------------------------------------------------------------------------------------------
| Inter Clock Table
| -----------------
------------------------------------------------------------------------------------------------

From Clock    To Clock          WNS(ns)      TNS(ns)  TNS Failing Endpoints  TNS Total Endpoints      WHS(ns)      THS(ns)  THS Failing Endpoints  THS Total Endpoints  
----------    --------          -------      -------  ---------------------  -------------------      -------      -------  ---------------------  -------------------  


------------------------------------------------------------------------------------------------
| Other Path Groups Table
| -----------------------
------------------------------------------------------------------------------------------------

Path Group    From Clock    To Clock          WNS(ns)      TNS(ns)  TNS Failing Endpoints  TNS Total Endpoints      WHS(ns)      THS(ns)  THS Failing Endpoints  THS Total Endpoints  
----------    ----------    --------          -------      -------  ---------------------  -------------------      -------      -------  ---------------------  -------------------  


------------------------------------------------------------------------------------------------
| Timing Details
| --------------
------------------------------------------------------------------------------------------------


---------------------------------------------------------------------------------------------------
From Clock:  sysclk
  To Clock:  sysclk

Setup :            0  Failing Endpoints,  Worst Slack        0.732ns,  Total Violation        0.000ns
Hold  :            0  Failing Endpoints,  Worst Slack        0.057ns,  Total Violation        0.000ns
PW    :            0  Failing Endpoints,  Worst Slack        3.500ns,  Total Violation        0.000ns
---------------------------------------------------------------------------------------------------


Max Delay Paths
--------------------------------------------------------------------------------------
Slack (MET) :             0.732ns  (required time - arrival time)
  Source:                 u_core/u_fabric/u_bram0/u_core/mem_reg/CLKARDCLK
                            (rising edge-triggered cell RAMB18E1 clocked by sysclk  {rise@0.000ns fall@4.000ns period=8.000ns})
  Destination:            u_core/u_bram_jtag/bf_rdata_reg[32]/D
                            (rising edge-triggered cell FDRE clocked by sysclk  {rise@0.000ns fall@4.000ns period=8.000ns})
  Path Group:             sysclk
  Path Type:              Setup (Max at Slow Process Corner)
  Requirement:            8.000ns  (sysclk rise@8.000ns - sysclk rise@0.000ns)
  Data Path Delay:        6.857ns  (logic 3.207ns (46.771%)  route 3.650ns (53.229%))
  Logic Levels:           4  (LUT2=1 LUT5=1 LUT6=1 MUXF7=1)
  Clock Path Skew:        -0.111ns (DCD - SCD + CPR)
    Destination Clock Delay (DCD):    5.354ns = ( 13.354 - 8.000 ) 
    Source Clock Delay      (SCD):    5.889ns
    Clock Pessimism Removal (CPR):    0.423ns
  Clock Uncertainty:      0.035ns  ((TSJ^2 + TIJ^2)^1/2 + DJ) / 2 + PE
    Total System Jitter     (TSJ):    0.071ns
    Total Input Jitter      (TIJ):    0.000ns
    Discrete Jitter          (DJ):    0.000ns
    Phase Error              (PE):    0.000ns
  Timing Exception:       MultiCycle Path   Setup -end   1

    Location             Delay type                Incr(ns)  Path(ns)    Netlist Resource(s)
  -------------------------------------------------------------------    -------------------
                         (clock sysclk rise edge)     0.000     0.000 r  
    H16                                               0.000     0.000 r  sysclk (IN)
                         net (fo=0)                   0.000     0.000    sysclk
    H16                  IBUF (Prop_ibuf_I_O)         1.451     1.451 r  sysclk_IBUF_inst/O
                         net (fo=1, routed)           2.522     3.973    sysclk_IBUF
    BUFGCTRL_X0Y17       BUFG (Prop_bufg_I_O)         0.101     4.074 r  bufg_sysclk/O
                         net (fo=1932, routed)        1.815     5.889    u_core/u_fabric/u_bram0/u_core/sysclk_g
    RAMB18_X4Y32         RAMB18E1                                     r  u_core/u_fabric/u_bram0/u_core/mem_reg/CLKARDCLK
  -------------------------------------------------------------------    -------------------
    RAMB18_X4Y32         RAMB18E1 (Prop_ramb18e1_CLKARDCLK_DOADO[14])
                                                      2.454     8.343 r  u_core/u_fabric/u_bram0/u_core/mem_reg/DOADO[14]
                         net (fo=6, routed)           1.286     9.629    u_core/u_fabric/u_bram0/u_core/bram_ram_a_q[14]
    SLICE_X89Y83         LUT5 (Prop_lut5_I4_O)        0.124     9.753 r  u_core/u_fabric/u_bram0/u_core/bf_rdata[68]_i_6/O
                         net (fo=1, routed)           0.000     9.753    u_core/u_fabric/u_bram0/u_core/bf_rdata[68]_i_6_n_0
    SLICE_X89Y83         MUXF7 (Prop_muxf7_I0_O)      0.212     9.965 r  u_core/u_fabric/u_bram0/u_core/bf_rdata_reg[68]_i_5/O
                         net (fo=2, routed)           0.755    10.720    u_core/u_fabric/u_bram0/u_core/bf_rdata_reg[68]_i_5_n_0
    SLICE_X89Y80         LUT6 (Prop_lut6_I5_O)        0.299    11.019 r  u_core/u_fabric/u_bram0/u_core/bf_rdata[68]_i_2/O
                         net (fo=2, routed)           0.922    11.941    u_core/u_fabric/u_bram0/u_core/bf_rdata[68]_i_2_n_0
    SLICE_X91Y76         LUT2 (Prop_lut2_I0_O)        0.118    12.059 r  u_core/u_fabric/u_bram0/u_core/bf_rdata[68]_i_1/O
                         net (fo=2, routed)           0.687    12.746    u_core/u_bram_jtag/bf_rdata_reg[68]_0
    SLICE_X91Y73         FDRE                                         r  u_core/u_bram_jtag/bf_rdata_reg[32]/D
  -------------------------------------------------------------------    -------------------

                         (clock sysclk rise edge)     8.000     8.000 r  
    H16                                               0.000     8.000 r  sysclk (IN)
                         net (fo=0)                   0.000     8.000    sysclk
    H16                  IBUF (Prop_ibuf_I_O)         1.380     9.380 r  sysclk_IBUF_inst/O
                         net (fo=1, routed)           2.293    11.673    sysclk_IBUF
    BUFGCTRL_X0Y17       BUFG (Prop_bufg_I_O)         0.091    11.764 r  bufg_sysclk/O
                         net (fo=1932, routed)        1.590    13.354    u_core/u_bram_jtag/sysclk_g
    SLICE_X91Y73         FDRE                                         r  u_core/u_bram_jtag/bf_rdata_reg[32]/C
                         clock pessimism              0.423    13.778    
                         clock uncertainty           -0.035    13.742    
    SLICE_X91Y73         FDRE (Setup_fdre_C_D)       -0.264    13.478    u_core/u_bram_jtag/bf_rdata_reg[32]
  -------------------------------------------------------------------
                         required time                         13.478    
                         arrival time                         -12.746    
  -------------------------------------------------------------------
                         slack                                  0.732    





Min Delay Paths
--------------------------------------------------------------------------------------
Slack (MET) :             0.057ns  (arrival time - required time)
  Source:                 u_core/u_fabric/u_dsp0/u_core/m_q_reg[39]/C
                            (rising edge-triggered cell FDRE clocked by sysclk  {rise@0.000ns fall@4.000ns period=8.000ns})
  Destination:            u_core/u_fabric/u_dsp0/u_core/p_q_reg[40]/D
                            (rising edge-triggered cell FDRE clocked by sysclk  {rise@0.000ns fall@4.000ns period=8.000ns})
  Path Group:             sysclk
  Path Type:              Hold (Min at Fast Process Corner)
  Requirement:            0.000ns  (sysclk rise@131063.992ns - sysclk rise@131063.992ns)
  Data Path Delay:        0.422ns  (logic 0.336ns (79.692%)  route 0.086ns (20.308%))
  Logic Levels:           3  (CARRY4=2 LUT3=1)
  Clock Path Skew:        0.262ns (DCD - SCD - CPR)
    Destination Clock Delay (DCD):    2.167ns
    Source Clock Delay      (SCD):    1.649ns
    Clock Pessimism Removal (CPR):    0.256ns
  Timing Exception:       MultiCycle Path   Setup -end   16384    Hold  -start 16383

    Location             Delay type                Incr(ns)  Path(ns)    Netlist Resource(s)
  -------------------------------------------------------------------    -------------------
                         (clock sysclk rise edge) 131063.992 131063.992 r  
    H16                                               0.000 131063.992 r  sysclk (IN)
                         net (fo=0)                   0.000 131063.992    sysclk
    H16                  IBUF (Prop_ibuf_I_O)         0.219 131064.211 r  sysclk_IBUF_inst/O
                         net (fo=1, routed)           0.842 131065.055    sysclk_IBUF
    BUFGCTRL_X0Y17       BUFG (Prop_bufg_I_O)         0.026 131065.078 r  bufg_sysclk/O
                         net (fo=1932, routed)        0.563 131065.641    u_core/u_fabric/u_dsp0/u_core/sysclk_g
    SLICE_X44Y49         FDRE                                         r  u_core/u_fabric/u_dsp0/u_core/m_q_reg[39]/C
  -------------------------------------------------------------------    -------------------
    SLICE_X44Y49         FDRE (Prop_fdre_C_Q)         0.141 131065.781 r  u_core/u_fabric/u_dsp0/u_core/m_q_reg[39]/Q
                         net (fo=2, routed)           0.085 131065.867    u_core/u_fabric/u_dsp0/u_core/m_q_reg_n_0_[39]
    SLICE_X45Y49         LUT3 (Prop_lut3_I0_O)        0.049 131065.914 r  u_core/u_fabric/u_dsp0/u_core/i__carry__8_i_1__0/O
                         net (fo=1, routed)           0.000 131065.914    u_core/u_fabric/u_dsp0/u_core/m_x[39]
    SLICE_X45Y49         CARRY4 (Prop_carry4_DI[3]_CO[3])
                                                      0.092 131066.008 r  u_core/u_fabric/u_dsp0/u_core/__10/i__carry__8/CO[3]
                         net (fo=1, routed)           0.001 131066.008    u_core/u_fabric/u_dsp0/u_core/__10/i__carry__8_n_0
    SLICE_X45Y50         CARRY4 (Prop_carry4_CI_O[0])
                                                      0.054 131066.062 r  u_core/u_fabric/u_dsp0/u_core/__10/i__carry__9/O[0]
                         net (fo=2, routed)           0.000 131066.062    u_core/u_fabric/u_dsp0/u_core/__10/i__carry__9_n_7
    SLICE_X45Y50         FDRE                                         r  u_core/u_fabric/u_dsp0/u_core/p_q_reg[40]/D
  -------------------------------------------------------------------    -------------------

                         (clock sysclk rise edge) 131063.992 131063.992 r  
    H16                                               0.000 131063.992 r  sysclk (IN)
                         net (fo=0)                   0.000 131063.992    sysclk
    H16                  IBUF (Prop_ibuf_I_O)         0.406 131064.398 r  sysclk_IBUF_inst/O
                         net (fo=1, routed)           0.907 131065.305    sysclk_IBUF
    BUFGCTRL_X0Y17       BUFG (Prop_bufg_I_O)         0.029 131065.336 r  bufg_sysclk/O
                         net (fo=1932, routed)        0.825 131066.164    u_core/u_fabric/u_dsp0/u_core/sysclk_g
    SLICE_X45Y50         FDRE                                         r  u_core/u_fabric/u_dsp0/u_core/p_q_reg[40]/C
                         clock pessimism             -0.256 131065.906    
    SLICE_X45Y50         FDRE (Hold_fdre_C_D)         0.102 131066.008    u_core/u_fabric/u_dsp0/u_core/p_q_reg[40]
  -------------------------------------------------------------------
                         required time                      -131066.000    
                         arrival time                       131066.062    
  -------------------------------------------------------------------
                         slack                                  0.057    





Pulse Width Checks
--------------------------------------------------------------------------------------
Clock Name:         sysclk
Waveform(ns):       { 0.000 4.000 }
Period(ns):         8.000
Sources:            { sysclk }

Check Type        Corner  Lib Pin             Reference Pin  Required(ns)  Actual(ns)  Slack(ns)  Location      Pin
Min Period        n/a     RAMB18E1/CLKARDCLK  n/a            2.944         8.000       5.056      RAMB18_X4Y32  u_core/u_fabric/u_bram0/u_core/mem_reg/CLKARDCLK
Low Pulse Width   Slow    FDRE/C              n/a            0.500         4.000       3.500      SLICE_X87Y81  hold_qb_reg[0]_i_4/C
High Pulse Width  Slow    FDRE/C              n/a            0.500         4.000       3.500      SLICE_X87Y81  hold_qb_reg[0]_i_4/C



---------------------------------------------------------------------------------------------------
From Clock:  tck
  To Clock:  tck

Setup :            0  Failing Endpoints,  Worst Slack      489.342ns,  Total Violation        0.000ns
Hold  :            0  Failing Endpoints,  Worst Slack        0.008ns,  Total Violation        0.000ns
PW    :            0  Failing Endpoints,  Worst Slack      499.020ns,  Total Violation        0.000ns
---------------------------------------------------------------------------------------------------


Max Delay Paths
--------------------------------------------------------------------------------------
Slack (MET) :             489.342ns  (required time - arrival time)
  Source:                 u_core/u_store/g_frame[106].g_ff.cfg_reg[13606]/C
                            (falling edge-triggered cell FDRE clocked by tck  {rise@0.000ns fall@500.000ns period=1000.000ns})
  Destination:            u_core/u_bram_jtag/sr_reg[57]/D
                            (rising edge-triggered cell FDRE clocked by tck  {rise@0.000ns fall@500.000ns period=1000.000ns})
  Path Group:             tck
  Path Type:              Setup (Max at Slow Process Corner)
  Requirement:            500.000ns  (tck rise@1000.000ns - tck fall@500.000ns)
  Data Path Delay:        10.603ns  (logic 1.661ns (15.665%)  route 8.942ns (84.335%))
  Logic Levels:           6  (LUT2=1 LUT3=1 LUT4=2 LUT6=2)
  Clock Path Skew:        -0.051ns (DCD - SCD + CPR)
    Destination Clock Delay (DCD):    5.067ns = ( 1005.067 - 1000.000 ) 
    Source Clock Delay      (SCD):    5.512ns = ( 505.512 - 500.000 ) 
    Clock Pessimism Removal (CPR):    0.394ns
  Clock Uncertainty:      0.035ns  ((TSJ^2 + TIJ^2)^1/2 + DJ) / 2 + PE
    Total System Jitter     (TSJ):    0.071ns
    Total Input Jitter      (TIJ):    0.000ns
    Discrete Jitter          (DJ):    0.000ns
    Phase Error              (PE):    0.000ns
  Timing Exception:       MultiCycle Path   Setup -end   1

    Location             Delay type                Incr(ns)  Path(ns)    Netlist Resource(s)
  -------------------------------------------------------------------    -------------------
                         (clock tck fall edge)      500.000   500.000 f  
    U18                                               0.000   500.000 f  tck (IN)
                         net (fo=0)                   0.000   500.000    tck
    U18                  IBUF (Prop_ibuf_I_O)         1.498   501.498 f  tck_IBUF_inst/O
                         net (fo=1, routed)           2.205   503.703    tck_IBUF
    BUFGCTRL_X0Y16       BUFG (Prop_bufg_I_O)         0.101   503.804 f  bufg_tck/O
                         net (fo=38259, routed)       1.708   505.512    u_core/u_store/tck_g
    SLICE_X84Y79         FDRE                                         r  u_core/u_store/g_frame[106].g_ff.cfg_reg[13606]/C  (IS_INVERTED)
  -------------------------------------------------------------------    -------------------
    SLICE_X84Y79         FDRE (Prop_fdre_C_Q)         0.459   505.971 r  u_core/u_store/g_frame[106].g_ff.cfg_reg[13606]/Q
                         net (fo=18, routed)          1.857   507.829    u_core/u_fabric/u_bram0/u_core/chain_cfg[2]
    SLICE_X84Y80         LUT6 (Prop_lut6_I2_O)        0.124   507.953 r  u_core/u_fabric/u_bram0/u_core/hold_qb[17]_i_2/O
                         net (fo=1, routed)           0.817   508.770    u_core/u_fabric/u_bram0/u_core/hold_qb[17]_i_2_n_0
    SLICE_X84Y82         LUT2 (Prop_lut2_I1_O)        0.152   508.922 r  u_core/u_fabric/u_bram0/u_core/hold_qb[17]_i_1/O
                         net (fo=3, routed)           1.200   510.123    u_core/u_fabric/u_bram0/u_core/hold_qb[17]_i_1_n_0
    SLICE_X83Y83         LUT3 (Prop_lut3_I2_O)        0.352   510.475 r  u_core/u_fabric/u_bram0/u_core/g_leaf[0].g_lut.u_i_1__595/O
                         net (fo=6, routed)           3.163   513.638    u_core/u_fabric/u_bram0/u_core/bram_do_b[16]
    SLICE_X67Y93         LUT4 (Prop_lut4_I0_O)        0.326   513.964 r  u_core/u_fabric/u_bram0/u_core/sr[57]_i_4/O
                         net (fo=1, routed)           0.645   514.609    u_core/u_fabric/u_bram0/u_core/sr[57]_i_4_n_0
    SLICE_X67Y93         LUT6 (Prop_lut6_I1_O)        0.124   514.733 r  u_core/u_fabric/u_bram0/u_core/sr[57]_i_2/O
                         net (fo=1, routed)           1.259   515.991    u_core/u_tap/sr_reg[57]
    SLICE_X80Y90         LUT4 (Prop_lut4_I0_O)        0.124   516.115 r  u_core/u_tap/sr[57]_i_1/O
                         net (fo=1, routed)           0.000   516.115    u_core/u_bram_jtag/sr_reg[94]_2[27]
    SLICE_X80Y90         FDRE                                         r  u_core/u_bram_jtag/sr_reg[57]/D
  -------------------------------------------------------------------    -------------------

                         (clock tck rise edge)     1000.000  1000.000 r  
    U18                                               0.000  1000.000 r  tck (IN)
                         net (fo=0)                   0.000  1000.000    tck
    U18                  IBUF (Prop_ibuf_I_O)         1.428  1001.428 r  tck_IBUF_inst/O
                         net (fo=1, routed)           2.006  1003.434    tck_IBUF
    BUFGCTRL_X0Y16       BUFG (Prop_bufg_I_O)         0.091  1003.525 r  bufg_tck/O
                         net (fo=38259, routed)       1.543  1005.067    u_core/u_bram_jtag/tck_g
    SLICE_X80Y90         FDRE                                         r  u_core/u_bram_jtag/sr_reg[57]/C
                         clock pessimism              0.394  1005.461    
                         clock uncertainty           -0.035  1005.426    
    SLICE_X80Y90         FDRE (Setup_fdre_C_D)        0.031  1005.457    u_core/u_bram_jtag/sr_reg[57]
  -------------------------------------------------------------------
                         required time                       1005.457    
                         arrival time                        -516.115    
  -------------------------------------------------------------------
                         slack                                489.342    





Min Delay Paths
--------------------------------------------------------------------------------------
Slack (MET) :             0.008ns  (arrival time - required time)
  Source:                 tms
                            (input port clocked by tck  {rise@0.000ns fall@500.000ns period=1000.000ns})
  Destination:            u_core/u_tap/state_reg[1]/D
                            (rising edge-triggered cell FDRE clocked by tck  {rise@0.000ns fall@500.000ns period=1000.000ns})
  Path Group:             tck
  Path Type:              Hold (Min at Slow Process Corner)
  Requirement:            0.000ns  (tck rise@15000.000ns - tck rise@15000.000ns)
  Data Path Delay:        6.019ns  (logic 1.549ns (25.732%)  route 4.470ns (74.268%))
  Logic Levels:           2  (IBUF=1 LUT5=1)
  Input Delay:            0.000ns
  Clock Path Skew:        5.686ns (DCD - SCD - CPR)
    Destination Clock Delay (DCD):    5.686ns
    Source Clock Delay      (SCD):    0.000ns
    Clock Pessimism Removal (CPR):    -0.000ns
  Clock Uncertainty:      0.035ns  ((TSJ^2 + TIJ^2)^1/2 + DJ) / 2 + PE
    Total System Jitter     (TSJ):    0.071ns
    Total Input Jitter      (TIJ):    0.000ns
    Discrete Jitter          (DJ):    0.000ns
    Phase Error              (PE):    0.000ns
  Timing Exception:       MultiCycle Path   Setup -end   16    Hold  -start 15

    Location             Delay type                Incr(ns)  Path(ns)    Netlist Resource(s)
  -------------------------------------------------------------------    -------------------
                         (clock tck rise edge)    15000.000 15000.000 r  
                         input delay                  0.000 15000.000    
    Y18                                               0.000 15000.000 r  tms (IN)
                         net (fo=0)                   0.000 15000.000    tms
    Y18                  IBUF (Prop_ibuf_I_O)         1.454 15001.454 r  tms_IBUF_inst/O
                         net (fo=4, routed)           4.470 15005.924    u_core/u_tap/tms_IBUF
    SLICE_X113Y43        LUT5 (Prop_lut5_I3_O)        0.095 15006.019 r  u_core/u_tap/state[1]_i_1/O
                         net (fo=1, routed)           0.000 15006.019    u_core/u_tap/state[1]
    SLICE_X113Y43        FDRE                                         r  u_core/u_tap/state_reg[1]/D
  -------------------------------------------------------------------    -------------------

                         (clock tck rise edge)    15000.000 15000.000 r  
    U18                                               0.000 15000.000 r  tck (IN)
                         net (fo=0)                   0.000 15000.000    tck
    U18                  IBUF (Prop_ibuf_I_O)         1.498 15001.498 r  tck_IBUF_inst/O
                         net (fo=1, routed)           2.205 15003.703    tck_IBUF
    BUFGCTRL_X0Y16       BUFG (Prop_bufg_I_O)         0.101 15003.804 r  bufg_tck/O
                         net (fo=38259, routed)       1.882 15005.686    u_core/u_tap/tck_g
    SLICE_X113Y43        FDRE                                         r  u_core/u_tap/state_reg[1]/C
                         clock pessimism              0.000 15005.686    
                         clock uncertainty            0.035 15005.721    
    SLICE_X113Y43        FDRE (Hold_fdre_C_D)         0.289 15006.010    u_core/u_tap/state_reg[1]
  -------------------------------------------------------------------
                         required time                      -15006.011    
                         arrival time                       15006.018    
  -------------------------------------------------------------------
                         slack                                  0.008    





Pulse Width Checks
--------------------------------------------------------------------------------------
Clock Name:         tck
Waveform(ns):       { 0.000 500.000 }
Period(ns):         1000.000
Sources:            { tck }

Check Type        Corner  Lib Pin             Reference Pin  Required(ns)  Actual(ns)  Slack(ns)  Location      Pin
Min Period        n/a     RAMB36E1/CLKARDCLK  n/a            2.944         1000.000    997.056    RAMB36_X4Y5   u_core/u_store/shadow_reg_0/CLKARDCLK
Low Pulse Width   Slow    SRLC32E/CLK         n/a            0.980         500.000     499.020    SLICE_X90Y27  u_core/u_fabric/u_clb_x10y1/m0_0/g_leaf[0].u/CLK
High Pulse Width  Slow    SRLC32E/CLK         n/a            0.980         500.000     499.020    SLICE_X90Y27  u_core/u_fabric/u_clb_x10y1/m0_0/g_leaf[0].u/CLK



