Copyright 1986-2022 Xilinx, Inc. All Rights Reserved. Copyright 2022-2025 Advanced Micro Devices, Inc. All Rights Reserved.
---------------------------------------------------------------------------------------------------------------------------------------------
| Tool Version : Vivado v.2025.2 (win64) Build 6299465 Fri Nov 14 19:35:11 GMT 2025
| Date         : Thu Sep 17 13:12:32 2026
| Host         : SARAVANB423 running 64-bit major release  (build 9200)
| Command      : report_drc -file E:/bob_full_v1/bob_vivado/out/M13/drc.rpt
| Design       : bob_top
| Device       : xc7z020clg400-1
| Speed File   : -1
| Design State : Fully Routed
---------------------------------------------------------------------------------------------------------------------------------------------

Report DRC

Table of Contents
-----------------
1. REPORT SUMMARY
2. REPORT DETAILS

1. REPORT SUMMARY
-----------------
            Netlist: netlist
          Floorplan: impl_1
      Design limits: <entire design considered>
           Ruledeck: default
             Max checks: <unlimited>
             Checks found: 11
+---------+------------------+--------------------------+--------+
| Rule    | Severity         | Description              | Checks |
+---------+------------------+--------------------------+--------+
| LUTLP-1 | Critical Warning | Combinatorial Loop Alert | 1      |
| DPIP-1  | Warning          | Input pipelining         | 4      |
| DPOP-1  | Warning          | PREG Output pipelining   | 2      |
| DPOP-2  | Warning          | MREG Output pipelining   | 2      |
| IOSR-1  | Warning          | IOB set reset sharing    | 1      |
| ZPS7-1  | Warning          | PS7 block required       | 1      |
+---------+------------------+--------------------------+--------+

2. REPORT DETAILS
-----------------
LUTLP-1#1 Critical Warning
Combinatorial Loop Alert  
1712 LUT cells form a combinatorial loop. This can create a race condition. Timing analysis may not be accurate. The preferred resolution is to modify the design to remove combinatorial logic loops. If the loop is known and understood, this DRC can be bypassed by acknowledging the condition and setting the following XDC constraint on any one of the nets in the loop: 'set_property ALLOW_COMBINATORIAL_LOOPS TRUE [get_nets <myHier/myNet>]'. One net in the loop is u_core/u_fabric/m2140/c_q[10]_i_11_n_0. Please evaluate your design. The cells in the loop are: u_core/u_fabric/m2142/a_q[20]_i_10, u_core/u_fabric/m2142/a_q[20]_i_9,
u_core/u_store/a_q[10]_i_3__0, u_core/u_store/a_q[20]_i_11,
u_core/u_store/a_q[20]_i_18, u_core/u_store/a_q[20]_i_2,
u_core/u_store/a_q[20]_i_3, u_core/u_store/a_q[20]_i_3__0,
u_core/u_store/a_q[20]_i_4__0, u_core/u_store/a_q[20]_i_5,
u_core/u_store/a_q[20]_i_5__0, u_core/u_store/a_q[20]_i_6,
u_core/u_store/a_q[20]_i_7, u_core/u_store/a_q[20]_i_7__0,
u_core/u_store/a_q[20]_i_8__0 (the first 15 of 1712 listed).
Related violations: <none>

DPIP-1#1 Warning
Input pipelining  
DSP u_core/u_fabric/u_dsp0/u_core/m_c input u_core/u_fabric/u_dsp0/u_core/m_c/A[29:0] is not pipelined. Pipelining DSP48 input will improve performance.
Related violations: <none>

DPIP-1#2 Warning
Input pipelining  
DSP u_core/u_fabric/u_dsp0/u_core/m_c input u_core/u_fabric/u_dsp0/u_core/m_c/B[17:0] is not pipelined. Pipelining DSP48 input will improve performance.
Related violations: <none>

DPIP-1#3 Warning
Input pipelining  
DSP u_core/u_fabric/u_dsp1/u_core/m_c input u_core/u_fabric/u_dsp1/u_core/m_c/A[29:0] is not pipelined. Pipelining DSP48 input will improve performance.
Related violations: <none>

DPIP-1#4 Warning
Input pipelining  
DSP u_core/u_fabric/u_dsp1/u_core/m_c input u_core/u_fabric/u_dsp1/u_core/m_c/B[17:0] is not pipelined. Pipelining DSP48 input will improve performance.
Related violations: <none>

DPOP-1#1 Warning
PREG Output pipelining  
DSP u_core/u_fabric/u_dsp0/u_core/m_c output u_core/u_fabric/u_dsp0/u_core/m_c/P[47:0] is not pipelined (PREG=0). Pipelining the DSP48 output will improve performance and often saves power so it is suggested whenever possible to fully pipeline this function.  If this DSP48 function was inferred, it is suggested to describe an additional register stage after this function.  If the DSP48 was instantiated in the design, it is suggested to set the PREG attribute to 1.
Related violations: <none>

DPOP-1#2 Warning
PREG Output pipelining  
DSP u_core/u_fabric/u_dsp1/u_core/m_c output u_core/u_fabric/u_dsp1/u_core/m_c/P[47:0] is not pipelined (PREG=0). Pipelining the DSP48 output will improve performance and often saves power so it is suggested whenever possible to fully pipeline this function.  If this DSP48 function was inferred, it is suggested to describe an additional register stage after this function.  If the DSP48 was instantiated in the design, it is suggested to set the PREG attribute to 1.
Related violations: <none>

DPOP-2#1 Warning
MREG Output pipelining  
DSP u_core/u_fabric/u_dsp0/u_core/m_c multiplier stage u_core/u_fabric/u_dsp0/u_core/m_c/P[47:0] is not pipelined (MREG=0). Pipelining the multiplier function will improve performance and will save significant power so it is suggested whenever possible to fully pipeline this function.  If this multiplier was inferred, it is suggested to describe an additional register stage after this function.  If there is no registered adder/accumulator following the multiply function, two pipeline stages are suggested to allow both the MREG and PREG registers to be used.  If the DSP48 was instantiated in the design, it is suggested to set both the MREG and PREG attributes to 1 when performing multiply functions.
Related violations: <none>

DPOP-2#2 Warning
MREG Output pipelining  
DSP u_core/u_fabric/u_dsp1/u_core/m_c multiplier stage u_core/u_fabric/u_dsp1/u_core/m_c/P[47:0] is not pipelined (MREG=0). Pipelining the multiplier function will improve performance and will save significant power so it is suggested whenever possible to fully pipeline this function.  If this multiplier was inferred, it is suggested to describe an additional register stage after this function.  If there is no registered adder/accumulator following the multiply function, two pipeline stages are suggested to allow both the MREG and PREG registers to be used.  If the DSP48 was instantiated in the design, it is suggested to set both the MREG and PREG attributes to 1 when performing multiply functions.
Related violations: <none>

IOSR-1#1 Warning
IOB set reset sharing  
IO tdi connects to flops which have these u_core/u_tap/idcode_dr[0], u_core/u_tap/state_reg[3]_1,
u_core/u_tap/state_reg[3]_2, u_core/u_tap/state_reg[3]_4[0]
u_core/u_tap/user_dr[31]_i_1_n_0 set/reset signals.  For optimal IOB flop packing there should be only one set/reset signal coming into the IOB.
Related violations: <none>

ZPS7-1#1 Warning
PS7 block required  
The PS7 cell must be used in this Zynq design in order to enable correct default configuration.
Related violations: <none>


