Copyright 1986-2022 Xilinx, Inc. All Rights Reserved. Copyright 2022-2025 Advanced Micro Devices, Inc. All Rights Reserved.
---------------------------------------------------------------------------------------------------------------------------------------------
| Tool Version : Vivado v.2025.2 (win64) Build 6299465 Fri Nov 14 19:35:11 GMT 2025
| Date         : Sun Sep 27 08:21:56 2026
| Host         : SARAVANB423 running 64-bit major release  (build 9200)
| Command      : report_timing_summary -file E:/bob_full_v1/bob_vivado/out/M26/timing.rpt
| Design       : bob_top
| Device       : 7z020-clg400
| Speed File   : -1  PRODUCTION 1.12 2019-11-22
| Design State : Routed
---------------------------------------------------------------------------------------------------------------------------------------------

Timing Summary Report

------------------------------------------------------------------------------------------------
| Timer Settings
| --------------
------------------------------------------------------------------------------------------------

  Enable Multi Corner Analysis               :  Yes
  Enable Pessimism Removal                   :  Yes
  Pessimism Removal Resolution               :  Nearest Common Node
  Enable Input Delay Default Clock           :  No
  Enable Preset / Clear Arcs                 :  No
  Disable Flight Delays                      :  No
  Ignore I/O Paths                           :  No
  Timing Early Launch at Borrowing Latches   :  No
  Borrow Time for Max Delay Exceptions       :  Yes
  Merge Timing Exceptions                    :  Yes
  Inter-SLR Compensation                     :  Conservative

  Corner  Analyze    Analyze    
  Name    Max Paths  Min Paths  
  ------  ---------  ---------  
  Slow    Yes        Yes        
  Fast    Yes        Yes        


------------------------------------------------------------------------------------------------
| Report Methodology
| ------------------
------------------------------------------------------------------------------------------------

Rule       Severity  Description                                 Violations  
---------  --------  ------------------------------------------  ----------  
SYNTH-6    Warning   Timing of a RAM block might be sub-optimal  6           
TIMING-9   Warning   Unknown CDC Logic                           1           
TIMING-18  Warning   Missing input or output delay               2           
TIMING-23  Warning   Combinational loop found                    1           
TIMING-46  Warning   Multicycle path with tied CE pins           59          

Note: This report is based on the most recent report_methodology run and may not be up-to-date. Run report_methodology on the current design for the latest report.



check_timing report

Table of Contents
-----------------
1. checking no_clock (0)
2. checking constant_clock (0)
3. checking pulse_width_clock (0)
4. checking unconstrained_internal_endpoints (0)
5. checking no_input_delay (6)
6. checking no_output_delay (4)
7. checking multiple_clock (0)
8. checking generated_clocks (0)
9. checking loops (15525)
10. checking partial_input_delay (0)
11. checking partial_output_delay (0)
12. checking latch_loops (0)

1. checking no_clock (0)
------------------------
 There are 0 register/latch pins with no clock.


2. checking constant_clock (0)
------------------------------
 There are 0 register/latch pins with constant_clock.


3. checking pulse_width_clock (0)
---------------------------------
 There are 0 register/latch pins which need pulse_width check


4. checking unconstrained_internal_endpoints (0)
------------------------------------------------
 There are 0 pins that are not constrained for maximum delay.

 There are 0 pins that are not constrained for maximum delay due to constant clock.


5. checking no_input_delay (6)
------------------------------
 There are 0 input ports with no input delay specified.

 There are 6 input ports with no input delay but user has a false path constraint. (MEDIUM)


6. checking no_output_delay (4)
-------------------------------
 There are 0 ports with no output delay specified.

 There are 4 ports with no output delay but user has a false path constraint (MEDIUM)

 There are 0 ports with no output delay but with a timing clock defined on it or propagating through it


7. checking multiple_clock (0)
------------------------------
 There are 0 register/latch pins with multiple clocks.


8. checking generated_clocks (0)
--------------------------------
 There are 0 generated clocks that are not connected to a clock source.


9. checking loops (15525)
-------------------------
 There are 15525 combinational loops in the design. (HIGH)


10. checking partial_input_delay (0)
------------------------------------
 There are 0 input ports with partial input delay specified.


11. checking partial_output_delay (0)
-------------------------------------
 There are 0 ports with partial output delay specified.


12. checking latch_loops (0)
----------------------------
 There are 0 combinational latch loops in the design through latch input



------------------------------------------------------------------------------------------------
| Design Timing Summary
| ---------------------
------------------------------------------------------------------------------------------------

    WNS(ns)      TNS(ns)  TNS Failing Endpoints  TNS Total Endpoints      WHS(ns)      THS(ns)  THS Failing Endpoints  THS Total Endpoints     WPWS(ns)     TPWS(ns)  TPWS Failing Endpoints  TPWS Total Endpoints  
    -------      -------  ---------------------  -------------------      -------      -------  ---------------------  -------------------     --------     --------  ----------------------  --------------------  
      0.287        0.000                      0               105447        0.043        0.000                      0               105447        3.500        0.000                       0                 41003  


All user specified timing constraints are met.


------------------------------------------------------------------------------------------------
| Clock Summary
| -------------
------------------------------------------------------------------------------------------------

Clock   Waveform(ns)         Period(ns)      Frequency(MHz)
-----   ------------         ----------      --------------
sysclk  {0.000 4.000}        8.000           125.000         
tck     {0.000 500.000}      1000.000        1.000           


------------------------------------------------------------------------------------------------
| Intra Clock Table
| -----------------
------------------------------------------------------------------------------------------------

Clock             WNS(ns)      TNS(ns)  TNS Failing Endpoints  TNS Total Endpoints      WHS(ns)      THS(ns)  THS Failing Endpoints  THS Total Endpoints     WPWS(ns)     TPWS(ns)  TPWS Failing Endpoints  TPWS Total Endpoints  
-----             -------      -------  ---------------------  -------------------      -------      -------  ---------------------  -------------------     --------     --------  ----------------------  --------------------  
sysclk              0.287        0.000                      0                 3360        0.119        0.000                      0                 3360        3.500        0.000                       0                  1933  
tck               479.792        0.000                      0               102087        0.043        0.000                      0               102087      499.020        0.000                       0                 39070  


------------------------------------------------------------------------------------------------
| Inter Clock Table
| -----------------
------------------------------------------------------------------------------------------------

From Clock    To Clock          WNS(ns)      TNS(ns)  TNS Failing Endpoints  TNS Total Endpoints      WHS(ns)      THS(ns)  THS Failing Endpoints  THS Total Endpoints  
----------    --------          -------      -------  ---------------------  -------------------      -------      -------  ---------------------  -------------------  


------------------------------------------------------------------------------------------------
| Other Path Groups Table
| -----------------------
------------------------------------------------------------------------------------------------

Path Group    From Clock    To Clock          WNS(ns)      TNS(ns)  TNS Failing Endpoints  TNS Total Endpoints      WHS(ns)      THS(ns)  THS Failing Endpoints  THS Total Endpoints  
----------    ----------    --------          -------      -------  ---------------------  -------------------      -------      -------  ---------------------  -------------------  


------------------------------------------------------------------------------------------------
| Timing Details
| --------------
------------------------------------------------------------------------------------------------


---------------------------------------------------------------------------------------------------
From Clock:  sysclk
  To Clock:  sysclk

Setup :            0  Failing Endpoints,  Worst Slack        0.287ns,  Total Violation        0.000ns
Hold  :            0  Failing Endpoints,  Worst Slack        0.119ns,  Total Violation        0.000ns
PW    :            0  Failing Endpoints,  Worst Slack        3.500ns,  Total Violation        0.000ns
---------------------------------------------------------------------------------------------------


Max Delay Paths
--------------------------------------------------------------------------------------
Slack (MET) :             0.287ns  (required time - arrival time)
  Source:                 u_core/u_clk/last_q_reg[0]/C
                            (rising edge-triggered cell FDRE clocked by sysclk  {rise@0.000ns fall@4.000ns period=8.000ns})
  Destination:            u_core/u_clk/gce_reg_rep__5/D
                            (rising edge-triggered cell FDRE clocked by sysclk  {rise@0.000ns fall@4.000ns period=8.000ns})
  Path Group:             sysclk
  Path Type:              Setup (Max at Slow Process Corner)
  Requirement:            8.000ns  (sysclk rise@8.000ns - sysclk rise@0.000ns)
  Data Path Delay:        7.127ns  (logic 1.702ns (23.882%)  route 5.425ns (76.118%))
  Logic Levels:           7  (CARRY4=4 LUT2=1 LUT4=1 LUT5=1)
  Clock Path Skew:        -0.484ns (DCD - SCD + CPR)
    Destination Clock Delay (DCD):    5.309ns = ( 13.309 - 8.000 ) 
    Source Clock Delay      (SCD):    6.117ns
    Clock Pessimism Removal (CPR):    0.323ns
  Clock Uncertainty:      0.035ns  ((TSJ^2 + TIJ^2)^1/2 + DJ) / 2 + PE
    Total System Jitter     (TSJ):    0.071ns
    Total Input Jitter      (TIJ):    0.000ns
    Discrete Jitter          (DJ):    0.000ns
    Phase Error              (PE):    0.000ns
  Timing Exception:       MultiCycle Path   Setup -end   1

    Location             Delay type                Incr(ns)  Path(ns)    Netlist Resource(s)
  -------------------------------------------------------------------    -------------------
                         (clock sysclk rise edge)     0.000     0.000 r  
    H16                                               0.000     0.000 r  sysclk (IN)
                         net (fo=0)                   0.000     0.000    sysclk
    H16                  IBUF (Prop_ibuf_I_O)         1.451     1.451 r  sysclk_IBUF_inst/O
                         net (fo=1, routed)           2.522     3.973    sysclk_IBUF
    BUFGCTRL_X0Y17       BUFG (Prop_bufg_I_O)         0.101     4.074 r  bufg_sysclk/O
                         net (fo=1932, routed)        2.043     6.117    u_core/u_clk/sysclk_g
    SLICE_X111Y121       FDRE                                         r  u_core/u_clk/last_q_reg[0]/C
  -------------------------------------------------------------------    -------------------
    SLICE_X111Y121       FDRE (Prop_fdre_C_Q)         0.456     6.573 r  u_core/u_clk/last_q_reg[0]/Q
                         net (fo=2, routed)           0.997     7.569    u_core/u_clk/last_q[0]
    SLICE_X111Y122       LUT4 (Prop_lut4_I1_O)        0.124     7.693 r  u_core/u_clk/cnt[0]_i_39/O
                         net (fo=1, routed)           0.000     7.693    u_core/u_clk/cnt[0]_i_39_n_0
    SLICE_X111Y122       CARRY4 (Prop_carry4_S[0]_CO[3])
                                                      0.532     8.225 r  u_core/u_clk/cnt_reg[0]_i_23/CO[3]
                         net (fo=1, routed)           0.000     8.225    u_core/u_clk/cnt_reg[0]_i_23_n_0
    SLICE_X111Y123       CARRY4 (Prop_carry4_CI_CO[3])
                                                      0.114     8.339 r  u_core/u_clk/cnt_reg[0]_i_14/CO[3]
                         net (fo=1, routed)           0.000     8.339    u_core/u_clk/cnt_reg[0]_i_14_n_0
    SLICE_X111Y124       CARRY4 (Prop_carry4_CI_CO[3])
                                                      0.114     8.453 r  u_core/u_clk/cnt_reg[0]_i_5/CO[3]
                         net (fo=1, routed)           0.009     8.462    u_core/u_clk/cnt_reg[0]_i_5_n_0
    SLICE_X111Y125       CARRY4 (Prop_carry4_CI_CO[3])
                                                      0.114     8.576 r  u_core/u_clk/cnt_reg[0]_i_3/CO[3]
                         net (fo=3, routed)           1.317     9.894    u_core/u_clk/cnt_reg[0]_i_3_n_0
    SLICE_X108Y116       LUT5 (Prop_lut5_I1_O)        0.124    10.018 r  u_core/u_clk/gap[31]_i_7/O
                         net (fo=41, routed)          2.614    12.632    u_core/u_clk/gce0
    SLICE_X80Y57         LUT2 (Prop_lut2_I0_O)        0.124    12.756 r  u_core/u_clk/gce_rep_i_1__5/O
                         net (fo=1, routed)           0.488    13.243    u_core/u_clk/gce_rep_i_1__5_n_0
    SLICE_X80Y56         FDRE                                         r  u_core/u_clk/gce_reg_rep__5/D
  -------------------------------------------------------------------    -------------------

                         (clock sysclk rise edge)     8.000     8.000 r  
    H16                                               0.000     8.000 r  sysclk (IN)
                         net (fo=0)                   0.000     8.000    sysclk
    H16                  IBUF (Prop_ibuf_I_O)         1.380     9.380 r  sysclk_IBUF_inst/O
                         net (fo=1, routed)           2.293    11.673    sysclk_IBUF
    BUFGCTRL_X0Y17       BUFG (Prop_bufg_I_O)         0.091    11.764 r  bufg_sysclk/O
                         net (fo=1932, routed)        1.545    13.309    u_core/u_clk/sysclk_g
    SLICE_X80Y56         FDRE                                         r  u_core/u_clk/gce_reg_rep__5/C
                         clock pessimism              0.323    13.632    
                         clock uncertainty           -0.035    13.597    
    SLICE_X80Y56         FDRE (Setup_fdre_C_D)       -0.067    13.530    u_core/u_clk/gce_reg_rep__5
  -------------------------------------------------------------------
                         required time                         13.530    
                         arrival time                         -13.243    
  -------------------------------------------------------------------
                         slack                                  0.287    





Min Delay Paths
--------------------------------------------------------------------------------------
Slack (MET) :             0.119ns  (arrival time - required time)
  Source:                 u_core/u_clk/gp_m0_reg[15]/C
                            (rising edge-triggered cell FDRE clocked by sysclk  {rise@0.000ns fall@4.000ns period=8.000ns})
  Destination:            u_core/u_clk/gp_m1_reg[15]/D
                            (rising edge-triggered cell FDRE clocked by sysclk  {rise@0.000ns fall@4.000ns period=8.000ns})
  Path Group:             sysclk
  Path Type:              Hold (Min at Fast Process Corner)
  Requirement:            0.000ns  (sysclk rise@0.000ns - sysclk rise@0.000ns)
  Data Path Delay:        0.197ns  (logic 0.141ns (71.611%)  route 0.056ns (28.389%))
  Logic Levels:           0  
  Clock Path Skew:        0.000ns (DCD - SCD - CPR)
    Destination Clock Delay (DCD):    2.321ns
    Source Clock Delay      (SCD):    1.794ns
    Clock Pessimism Removal (CPR):    0.528ns
  Timing Exception:       MultiCycle Path   Setup -end   1    Hold  -start 0

    Location             Delay type                Incr(ns)  Path(ns)    Netlist Resource(s)
  -------------------------------------------------------------------    -------------------
                         (clock sysclk rise edge)     0.000     0.000 r  
    H16                                               0.000     0.000 r  sysclk (IN)
                         net (fo=0)                   0.000     0.000    sysclk
    H16                  IBUF (Prop_ibuf_I_O)         0.219     0.219 r  sysclk_IBUF_inst/O
                         net (fo=1, routed)           0.842     1.060    sysclk_IBUF
    BUFGCTRL_X0Y17       BUFG (Prop_bufg_I_O)         0.026     1.086 r  bufg_sysclk/O
                         net (fo=1932, routed)        0.707     1.794    u_core/u_clk/sysclk_g
    SLICE_X109Y128       FDRE                                         r  u_core/u_clk/gp_m0_reg[15]/C
  -------------------------------------------------------------------    -------------------
    SLICE_X109Y128       FDRE (Prop_fdre_C_Q)         0.141     1.935 r  u_core/u_clk/gp_m0_reg[15]/Q
                         net (fo=1, routed)           0.056     1.990    u_core/u_clk/gp_m0[15]
    SLICE_X109Y128       FDRE                                         r  u_core/u_clk/gp_m1_reg[15]/D
  -------------------------------------------------------------------    -------------------

                         (clock sysclk rise edge)     0.000     0.000 r  
    H16                                               0.000     0.000 r  sysclk (IN)
                         net (fo=0)                   0.000     0.000    sysclk
    H16                  IBUF (Prop_ibuf_I_O)         0.406     0.406 r  sysclk_IBUF_inst/O
                         net (fo=1, routed)           0.907     1.313    sysclk_IBUF
    BUFGCTRL_X0Y17       BUFG (Prop_bufg_I_O)         0.029     1.342 r  bufg_sysclk/O
                         net (fo=1932, routed)        0.979     2.321    u_core/u_clk/sysclk_g
    SLICE_X109Y128       FDRE                                         r  u_core/u_clk/gp_m1_reg[15]/C
                         clock pessimism             -0.528     1.794    
    SLICE_X109Y128       FDRE (Hold_fdre_C_D)         0.078     1.872    u_core/u_clk/gp_m1_reg[15]
  -------------------------------------------------------------------
                         required time                         -1.872    
                         arrival time                           1.990    
  -------------------------------------------------------------------
                         slack                                  0.119    





Pulse Width Checks
--------------------------------------------------------------------------------------
Clock Name:         sysclk
Waveform(ns):       { 0.000 4.000 }
Period(ns):         8.000
Sources:            { sysclk }

Check Type        Corner  Lib Pin             Reference Pin  Required(ns)  Actual(ns)  Slack(ns)  Location      Pin
Min Period        n/a     RAMB18E1/CLKARDCLK  n/a            2.944         8.000       5.056      RAMB18_X5Y28  u_core/u_fabric/u_bram0/u_core/mem_reg/CLKARDCLK
Low Pulse Width   Slow    FDRE/C              n/a            0.500         4.000       3.500      SLICE_X95Y86  hold_qb_reg[0]_i_4/C
High Pulse Width  Slow    FDRE/C              n/a            0.500         4.000       3.500      SLICE_X95Y86  hold_qb_reg[0]_i_4/C



---------------------------------------------------------------------------------------------------
From Clock:  tck
  To Clock:  tck

Setup :            0  Failing Endpoints,  Worst Slack      479.792ns,  Total Violation        0.000ns
Hold  :            0  Failing Endpoints,  Worst Slack        0.043ns,  Total Violation        0.000ns
PW    :            0  Failing Endpoints,  Worst Slack      499.020ns,  Total Violation        0.000ns
---------------------------------------------------------------------------------------------------


Max Delay Paths
--------------------------------------------------------------------------------------
Slack (MET) :             479.792ns  (required time - arrival time)
  Source:                 tdi
                            (input port clocked by tck  {rise@0.000ns fall@500.000ns period=1000.000ns})
  Destination:            u_core/u_bram_jtag/sr_reg[95]/D
                            (rising edge-triggered cell FDRE clocked by tck  {rise@0.000ns fall@500.000ns period=1000.000ns})
  Path Group:             tck
  Path Type:              Setup (Max at Fast Process Corner)
  Requirement:            500.000ns  (tck rise@1000.000ns - tck fall@500.000ns)
  Data Path Delay:        1.758ns  (logic 0.474ns (26.980%)  route 1.283ns (73.020%))
  Logic Levels:           1  (IBUF=1)
  Input Delay:            20.000ns
  Clock Path Skew:        1.599ns (DCD - SCD + CPR)
    Destination Clock Delay (DCD):    1.599ns = ( 1001.599 - 1000.000 ) 
    Source Clock Delay      (SCD):    0.000ns = ( 500.000 - 500.000 ) 
    Clock Pessimism Removal (CPR):    0.000ns
  Clock Uncertainty:      0.035ns  ((TSJ^2 + TIJ^2)^1/2 + DJ) / 2 + PE
    Total System Jitter     (TSJ):    0.071ns
    Total Input Jitter      (TIJ):    0.000ns
    Discrete Jitter          (DJ):    0.000ns
    Phase Error              (PE):    0.000ns
  Timing Exception:       MultiCycle Path   Setup -end   1

    Location             Delay type                Incr(ns)  Path(ns)    Netlist Resource(s)
  -------------------------------------------------------------------    -------------------
                         (clock tck fall edge)      500.000   500.000 f  
                         input delay                 20.000   520.000    
    Y19                                               0.000   520.000 r  tdi (IN)
                         net (fo=0)                   0.000   520.000    tdi
    Y19                  IBUF (Prop_ibuf_I_O)         0.474   520.474 r  tdi_IBUF_inst/O
                         net (fo=76, routed)          1.283   521.758    u_core/u_bram_jtag/tdi_IBUF
    SLICE_X109Y89        FDRE                                         r  u_core/u_bram_jtag/sr_reg[95]/D
  -------------------------------------------------------------------    -------------------

                         (clock tck rise edge)     1000.000  1000.000 r  
    U18                                               0.000  1000.000 r  tck (IN)
                         net (fo=0)                   0.000  1000.000    tck
    U18                  IBUF (Prop_ibuf_I_O)         0.266  1000.266 r  tck_IBUF_inst/O
                         net (fo=1, routed)           0.674  1000.940    tck_IBUF
    BUFGCTRL_X0Y16       BUFG (Prop_bufg_I_O)         0.026  1000.966 r  bufg_tck/O
                         net (fo=39070, routed)       0.633  1001.599    u_core/u_bram_jtag/tck_g
    SLICE_X109Y89        FDRE                                         r  u_core/u_bram_jtag/sr_reg[95]/C
                         clock pessimism              0.000  1001.599    
                         clock uncertainty           -0.035  1001.563    
    SLICE_X109Y89        FDRE (Setup_fdre_C_D)       -0.014  1001.549    u_core/u_bram_jtag/sr_reg[95]
  -------------------------------------------------------------------
                         required time                       1001.550    
                         arrival time                        -521.758    
  -------------------------------------------------------------------
                         slack                                479.792    





Min Delay Paths
--------------------------------------------------------------------------------------
Slack (MET) :             0.043ns  (arrival time - required time)
  Source:                 u_core/u_frames/fbuf_reg[9]/C
                            (rising edge-triggered cell FDRE clocked by tck  {rise@0.000ns fall@500.000ns period=1000.000ns})
  Destination:            u_core/u_frames/bf_data_reg[9]/D
                            (rising edge-triggered cell FDRE clocked by tck  {rise@0.000ns fall@500.000ns period=1000.000ns})
  Path Group:             tck
  Path Type:              Hold (Min at Fast Process Corner)
  Requirement:            0.000ns  (tck rise@15000.000ns - tck rise@15000.000ns)
  Data Path Delay:        0.319ns  (logic 0.128ns (40.160%)  route 0.191ns (59.840%))
  Logic Levels:           0  
  Clock Path Skew:        0.265ns (DCD - SCD - CPR)
    Destination Clock Delay (DCD):    2.094ns
    Source Clock Delay      (SCD):    1.581ns
    Clock Pessimism Removal (CPR):    0.248ns
  Timing Exception:       MultiCycle Path   Setup -end   16    Hold  -start 15

    Location             Delay type                Incr(ns)  Path(ns)    Netlist Resource(s)
  -------------------------------------------------------------------    -------------------
                         (clock tck rise edge)    15000.000 15000.000 r  
    U18                                               0.000 15000.000 r  tck (IN)
                         net (fo=0)                   0.000 15000.000    tck
    U18                  IBUF (Prop_ibuf_I_O)         0.266 15000.266 r  tck_IBUF_inst/O
                         net (fo=1, routed)           0.674 15000.939    tck_IBUF
    BUFGCTRL_X0Y16       BUFG (Prop_bufg_I_O)         0.026 15000.966 r  bufg_tck/O
                         net (fo=39070, routed)       0.615 15001.580    u_core/u_frames/tck_g
    SLICE_X103Y48        FDRE                                         r  u_core/u_frames/fbuf_reg[9]/C
  -------------------------------------------------------------------    -------------------
    SLICE_X103Y48        FDRE (Prop_fdre_C_Q)         0.128 15001.708 r  u_core/u_frames/fbuf_reg[9]/Q
                         net (fo=2, routed)           0.191 15001.898    u_core/u_frames/frame_load_data[9]
    SLICE_X104Y50        FDRE                                         r  u_core/u_frames/bf_data_reg[9]/D
  -------------------------------------------------------------------    -------------------

                         (clock tck rise edge)    15000.000 15000.000 r  
    U18                                               0.000 15000.000 r  tck (IN)
                         net (fo=0)                   0.000 15000.000    tck
    U18                  IBUF (Prop_ibuf_I_O)         0.454 15000.454 r  tck_IBUF_inst/O
                         net (fo=1, routed)           0.731 15001.186    tck_IBUF
    BUFGCTRL_X0Y16       BUFG (Prop_bufg_I_O)         0.029 15001.215 r  bufg_tck/O
                         net (fo=39070, routed)       0.880 15002.095    u_core/u_frames/tck_g
    SLICE_X104Y50        FDRE                                         r  u_core/u_frames/bf_data_reg[9]/C
                         clock pessimism             -0.248 15001.847    
    SLICE_X104Y50        FDRE (Hold_fdre_C_D)         0.010 15001.856    u_core/u_frames/bf_data_reg[9]
  -------------------------------------------------------------------
                         required time                      -15001.855    
                         arrival time                       15001.898    
  -------------------------------------------------------------------
                         slack                                  0.043    





Pulse Width Checks
--------------------------------------------------------------------------------------
Clock Name:         tck
Waveform(ns):       { 0.000 500.000 }
Period(ns):         1000.000
Sources:            { tck }

Check Type        Corner  Lib Pin             Reference Pin  Required(ns)  Actual(ns)  Slack(ns)  Location       Pin
Min Period        n/a     RAMB36E1/CLKARDCLK  n/a            2.944         1000.000    997.056    RAMB36_X5Y8    u_core/u_store/shadow_reg_0/CLKARDCLK
Low Pulse Width   Slow    SRLC32E/CLK         n/a            0.980         500.000     499.020    SLICE_X108Y26  u_core/u_fabric/u_clb_x10y1/m0_0/g_leaf[0].u/CLK
High Pulse Width  Slow    SRLC32E/CLK         n/a            0.980         500.000     499.020    SLICE_X108Y26  u_core/u_fabric/u_clb_x10y1/m0_0/g_leaf[0].u/CLK



